C:/Kashish/Projects/STM32 UART Bootloader/stm32-uart-bootloader/stage2_bootloader/Core/Src/xmodem.c:37:6:xModemInit	16	static
C:/Kashish/Projects/STM32 UART Bootloader/stm32-uart-bootloader/stage2_bootloader/Core/Src/xmodem.c:49:6:xModemGetHeader	8	static
C:/Kashish/Projects/STM32 UART Bootloader/stm32-uart-bootloader/stage2_bootloader/Core/Src/xmodem.c:62:6:xModemReceive	16	static
C:/Kashish/Projects/STM32 UART Bootloader/stm32-uart-bootloader/stage2_bootloader/Core/Src/xmodem.c:222:17:xModemCrc16Calculate	24	static
C:/Kashish/Projects/STM32 UART Bootloader/stm32-uart-bootloader/stage2_bootloader/Core/Src/xmodem.c:234:21:xModemHandleError	16	static
