Archive member included to satisfy reference by file (symbol)

C:/ST/STM32CubeIDE_1.18.0/STM32CubeIDE/plugins/com.st.stm32cube.ide.mcu.externaltools.gnu-tools-for-stm32.13.3.rel1.win32_1.0.0.202411081344/tools/bin/../lib/gcc/arm-none-eabi/13.3.1/../../../../arm-none-eabi/lib/thumb/v7e-m+fp/hard\libc_nano.a(libc_a-exit.o)
                              C:/ST/STM32CubeIDE_1.18.0/STM32CubeIDE/plugins/com.st.stm32cube.ide.mcu.externaltools.gnu-tools-for-stm32.13.3.rel1.win32_1.0.0.202411081344/tools/bin/../lib/gcc/arm-none-eabi/13.3.1/../../../../arm-none-eabi/lib/thumb/v7e-m+fp/hard/crt0.o (exit)
C:/ST/STM32CubeIDE_1.18.0/STM32CubeIDE/plugins/com.st.stm32cube.ide.mcu.externaltools.gnu-tools-for-stm32.13.3.rel1.win32_1.0.0.202411081344/tools/bin/../lib/gcc/arm-none-eabi/13.3.1/../../../../arm-none-eabi/lib/thumb/v7e-m+fp/hard\libc_nano.a(libc_a-findfp.o)
                              C:/ST/STM32CubeIDE_1.18.0/STM32CubeIDE/plugins/com.st.stm32cube.ide.mcu.externaltools.gnu-tools-for-stm32.13.3.rel1.win32_1.0.0.202411081344/tools/bin/../lib/gcc/arm-none-eabi/13.3.1/../../../../arm-none-eabi/lib/thumb/v7e-m+fp/hard\libc_nano.a(libc_a-exit.o) (__stdio_exit_handler)
C:/ST/STM32CubeIDE_1.18.0/STM32CubeIDE/plugins/com.st.stm32cube.ide.mcu.externaltools.gnu-tools-for-stm32.13.3.rel1.win32_1.0.0.202411081344/tools/bin/../lib/gcc/arm-none-eabi/13.3.1/../../../../arm-none-eabi/lib/thumb/v7e-m+fp/hard\libc_nano.a(libc_a-fwalk.o)
                              C:/ST/STM32CubeIDE_1.18.0/STM32CubeIDE/plugins/com.st.stm32cube.ide.mcu.externaltools.gnu-tools-for-stm32.13.3.rel1.win32_1.0.0.202411081344/tools/bin/../lib/gcc/arm-none-eabi/13.3.1/../../../../arm-none-eabi/lib/thumb/v7e-m+fp/hard\libc_nano.a(libc_a-findfp.o) (_fwalk_sglue)
C:/ST/STM32CubeIDE_1.18.0/STM32CubeIDE/plugins/com.st.stm32cube.ide.mcu.externaltools.gnu-tools-for-stm32.13.3.rel1.win32_1.0.0.202411081344/tools/bin/../lib/gcc/arm-none-eabi/13.3.1/../../../../arm-none-eabi/lib/thumb/v7e-m+fp/hard\libc_nano.a(libc_a-snprintf.o)
                              ./Application/User/Core/main.o (snprintf)
C:/ST/STM32CubeIDE_1.18.0/STM32CubeIDE/plugins/com.st.stm32cube.ide.mcu.externaltools.gnu-tools-for-stm32.13.3.rel1.win32_1.0.0.202411081344/tools/bin/../lib/gcc/arm-none-eabi/13.3.1/../../../../arm-none-eabi/lib/thumb/v7e-m+fp/hard\libc_nano.a(libc_a-stdio.o)
                              C:/ST/STM32CubeIDE_1.18.0/STM32CubeIDE/plugins/com.st.stm32cube.ide.mcu.externaltools.gnu-tools-for-stm32.13.3.rel1.win32_1.0.0.202411081344/tools/bin/../lib/gcc/arm-none-eabi/13.3.1/../../../../arm-none-eabi/lib/thumb/v7e-m+fp/hard\libc_nano.a(libc_a-findfp.o) (__sread)
C:/ST/STM32CubeIDE_1.18.0/STM32CubeIDE/plugins/com.st.stm32cube.ide.mcu.externaltools.gnu-tools-for-stm32.13.3.rel1.win32_1.0.0.202411081344/tools/bin/../lib/gcc/arm-none-eabi/13.3.1/../../../../arm-none-eabi/lib/thumb/v7e-m+fp/hard\libc_nano.a(libc_a-memset.o)
                              C:/ST/STM32CubeIDE_1.18.0/STM32CubeIDE/plugins/com.st.stm32cube.ide.mcu.externaltools.gnu-tools-for-stm32.13.3.rel1.win32_1.0.0.202411081344/tools/bin/../lib/gcc/arm-none-eabi/13.3.1/../../../../arm-none-eabi/lib/thumb/v7e-m+fp/hard/crt0.o (memset)
C:/ST/STM32CubeIDE_1.18.0/STM32CubeIDE/plugins/com.st.stm32cube.ide.mcu.externaltools.gnu-tools-for-stm32.13.3.rel1.win32_1.0.0.202411081344/tools/bin/../lib/gcc/arm-none-eabi/13.3.1/../../../../arm-none-eabi/lib/thumb/v7e-m+fp/hard\libc_nano.a(libc_a-closer.o)
                              C:/ST/STM32CubeIDE_1.18.0/STM32CubeIDE/plugins/com.st.stm32cube.ide.mcu.externaltools.gnu-tools-for-stm32.13.3.rel1.win32_1.0.0.202411081344/tools/bin/../lib/gcc/arm-none-eabi/13.3.1/../../../../arm-none-eabi/lib/thumb/v7e-m+fp/hard\libc_nano.a(libc_a-stdio.o) (_close_r)
C:/ST/STM32CubeIDE_1.18.0/STM32CubeIDE/plugins/com.st.stm32cube.ide.mcu.externaltools.gnu-tools-for-stm32.13.3.rel1.win32_1.0.0.202411081344/tools/bin/../lib/gcc/arm-none-eabi/13.3.1/../../../../arm-none-eabi/lib/thumb/v7e-m+fp/hard\libc_nano.a(libc_a-reent.o)
                              C:/ST/STM32CubeIDE_1.18.0/STM32CubeIDE/plugins/com.st.stm32cube.ide.mcu.externaltools.gnu-tools-for-stm32.13.3.rel1.win32_1.0.0.202411081344/tools/bin/../lib/gcc/arm-none-eabi/13.3.1/../../../../arm-none-eabi/lib/thumb/v7e-m+fp/hard\libc_nano.a(libc_a-closer.o) (errno)
C:/ST/STM32CubeIDE_1.18.0/STM32CubeIDE/plugins/com.st.stm32cube.ide.mcu.externaltools.gnu-tools-for-stm32.13.3.rel1.win32_1.0.0.202411081344/tools/bin/../lib/gcc/arm-none-eabi/13.3.1/../../../../arm-none-eabi/lib/thumb/v7e-m+fp/hard\libc_nano.a(libc_a-impure.o)
                              C:/ST/STM32CubeIDE_1.18.0/STM32CubeIDE/plugins/com.st.stm32cube.ide.mcu.externaltools.gnu-tools-for-stm32.13.3.rel1.win32_1.0.0.202411081344/tools/bin/../lib/gcc/arm-none-eabi/13.3.1/../../../../arm-none-eabi/lib/thumb/v7e-m+fp/hard\libc_nano.a(libc_a-snprintf.o) (_impure_ptr)
[...]
Memory Configuration

Name             Origin             Length             Attributes
RAM              0x20000000         0x00018000         xrw
RAM2             0x10000000         0x00008000         xrw
FLASH            0x08008000         0x0000c800         xr
*default*        0x00000000         0xffffffff

Linker script and memory map

LOAD C:/ST/STM32CubeIDE_1.18.0/STM32CubeIDE/plugins/com.st.stm32cube.ide.mcu.externaltools.gnu-tools-for-stm32.13.3.rel1.win32_1.0.0.202411081344/tools/bin/../lib/gcc/arm-none-eabi/13.3.1/thumb/v7e-m+fp/hard/crti.o
LOAD C:/ST/STM32CubeIDE_1.18.0/STM32CubeIDE/plugins/com.st.stm32cube.ide.mcu.externaltools.gnu-tools-for-stm32.13.3.rel1.win32_1.0.0.202411081344/tools/bin/../lib/gcc/arm-none-eabi/13.3.1/thumb/v7e-m+fp/hard/crtbegin.o
LOAD C:/ST/STM32CubeIDE_1.18.0/STM32CubeIDE/plugins/com.st.stm32cube.ide.mcu.externaltools.gnu-tools-for-stm32.13.3.rel1.win32_1.0.0.202411081344/tools/bin/../lib/gcc/arm-none-eabi/13.3.1/../../../../arm-none-eabi/lib/thumb/v7e-m+fp/hard/crt0.o
LOAD ./Application/User/Core/gpio.o
LOAD ./Application/User/Core/main.o
LOAD ./Application/User/Core/rtc.o
LOAD ./Application/User/Core/stm32l4xx_hal_msp.o
LOAD ./Application/User/Core/stm32l4xx_it.o
LOAD ./Application/User/Core/syscalls.o
LOAD ./Application/User/Core/sysmem.o
LOAD ./Application/User/Core/update_utils.o
LOAD ./Application/User/Core/usart.o
LOAD ./Application/User/Startup/startup_stm32l476rgtx.o
LOAD ./Drivers/CMSIS/system_stm32l4xx.o
LOAD ./Drivers/STM32L4xx_HAL_Driver/stm32l4xx_hal.o
LOAD ./Drivers/STM32L4xx_HAL_Driver/stm32l4xx_hal_cortex.o
LOAD ./Drivers/STM32L4xx_HAL_Driver/stm32l4xx_hal_dma.o
LOAD ./Drivers/STM32L4xx_HAL_Driver/stm32l4xx_hal_dma_ex.o
LOAD ./Drivers/STM32L4xx_HAL_Driver/stm32l4xx_hal_exti.o
LOAD ./Drivers/STM32L4xx_HAL_Driver/stm32l4xx_hal_flash.o
LOAD ./Drivers/STM32L4xx_HAL_Driver/stm32l4xx_hal_flash_ex.o
LOAD ./Drivers/STM32L4xx_HAL_Driver/stm32l4xx_hal_flash_ramfunc.o
LOAD ./Drivers/STM32L4xx_HAL_Driver/stm32l4xx_hal_gpio.o
LOAD ./Drivers/STM32L4xx_HAL_Driver/stm32l4xx_hal_i2c.o
LOAD ./Drivers/STM32L4xx_HAL_Driver/stm32l4xx_hal_i2c_ex.o
LOAD ./Drivers/STM32L4xx_HAL_Driver/stm32l4xx_hal_pwr.o
LOAD ./Drivers/STM32L4xx_HAL_Driver/stm32l4xx_hal_pwr_ex.o
LOAD ./Drivers/STM32L4xx_HAL_Driver/stm32l4xx_hal_rcc.o
LOAD ./Drivers/STM32L4xx_HAL_Driver/stm32l4xx_hal_rcc_ex.o
LOAD ./Drivers/STM32L4xx_HAL_Driver/stm32l4xx_hal_rtc.o
LOAD ./Drivers/STM32L4xx_HAL_Driver/stm32l4xx_hal_rtc_ex.o
LOAD ./Drivers/STM32L4xx_HAL_Driver/stm32l4xx_hal_uart.o
LOAD ./Drivers/STM32L4xx_HAL_Driver/stm32l4xx_hal_uart_ex.o
START GROUP
LOAD C:/ST/STM32CubeIDE_1.18.0/STM32CubeIDE/plugins/com.st.stm32cube.ide.mcu.externaltools.gnu-tools-for-stm32.13.3.rel1.win32_1.0.0.202411081344/tools/bin/../lib/gcc/arm-none-eabi/13.3.1/../../../../arm-none-eabi/lib/thumb/v7e-m+fp/hard\libc_nano.a
LOAD C:/ST/STM32CubeIDE_1.18.0/STM32CubeIDE/plugins/com.st.stm32cube.ide.mcu.externaltools.gnu-tools-for-stm32.13.3.rel1.win32_1.0.0.202411081344/tools/bin/../lib/gcc/arm-none-eabi/13.3.1/../../../../arm-none-eabi/lib/thumb/v7e-m+fp/hard\libm.a
END GROUP
START GROUP
LOAD C:/ST/STM32CubeIDE_1.18.0/STM32CubeIDE/plugins/com.st.stm32cube.ide.mcu.externaltools.gnu-tools-for-stm32.13.3.rel1.win32_1.0.0.202411081344/tools/bin/../lib/gcc/arm-none-eabi/13.3.1/thumb/v7e-m+fp/hard\libgcc.a
LOAD C:/ST/STM32CubeIDE_1.18.0/STM32CubeIDE/plugins/com.st.stm32cube.ide.mcu.externaltools.gnu-tools-for-stm32.13.3.rel1.win32_1.0.0.202411081344/tools/bin/../lib/gcc/arm-none-eabi/13.3.1/../../../../arm-none-eabi/lib/thumb/v7e-m+fp/hard\libc_nano.a
END GROUP
START GROUP
LOAD C:/ST/STM32CubeIDE_1.18.0/STM32CubeIDE/plugins/com.st.stm32cube.ide.mcu.externaltools.gnu-tools-for-stm32.13.3.rel1.win32_1.0.0.202411081344/tools/bin/../lib/gcc/arm-none-eabi/13.3.1/thumb/v7e-m+fp/hard\libgcc.a
LOAD C:/ST/STM32CubeIDE_1.18.0/STM32CubeIDE/plugins/com.st.stm32cube.ide.mcu.externaltools.gnu-tools-for-stm32.13.3.rel1.win32_1.0.0.202411081344/tools/bin/../lib/gcc/arm-none-eabi/13.3.1/../../../../arm-none-eabi/lib/thumb/v7e-m+fp/hard\libc_nano.a
LOAD C:/ST/STM32CubeIDE_1.18.0/STM32CubeIDE/plugins/com.st.stm32cube.ide.mcu.externaltools.gnu-tools-for-stm32.13.3.rel1.win32_1.0.0.202411081344/tools/bin/../lib/gcc/arm-none-eabi/13.3.1/../../../../arm-none-eabi/lib/thumb/v7e-m+fp/hard\libnosys.a
END GROUP
START GROUP
LOAD C:/ST/STM32CubeIDE_1.18.0/STM32CubeIDE/plugins/com.st.stm32cube.ide.mcu.externaltools.gnu-tools-for-stm32.13.3.rel1.win32_1.0.0.202411081344/tools/bin/../lib/gcc/arm-none-eabi/13.3.1/thumb/v7e-m+fp/hard\libgcc.a
LOAD C:/ST/STM32CubeIDE_1.18.0/STM32CubeIDE/plugins/com.st.stm32cube.ide.mcu.externaltools.gnu-tools-for-stm32.13.3.rel1.win32_1.0.0.202411081344/tools/bin/../lib/gcc/arm-none-eabi/13.3.1/../../../../arm-none-eabi/lib/thumb/v7e-m+fp/hard\libc_nano.a
LOAD C:/ST/STM32CubeIDE_1.18.0/STM32CubeIDE/plugins/com.st.stm32cube.ide.mcu.externaltools.gnu-tools-for-stm32.13.3.rel1.win32_1.0.0.202411081344/tools/bin/../lib/gcc/arm-none-eabi/13.3.1/../../../../arm-none-eabi/lib/thumb/v7e-m+fp/hard\libnosys.a
END GROUP
LOAD C:/ST/STM32CubeIDE_1.18.0/STM32CubeIDE/plugins/com.st.stm32cube.ide.mcu.externaltools.gnu-tools-for-stm32.13.3.rel1.win32_1.0.0.202411081344/tools/bin/../lib/gcc/arm-none-eabi/13.3.1/thumb/v7e-m+fp/hard/crtend.o
LOAD C:/ST/STM32CubeIDE_1.18.0/STM32CubeIDE/plugins/com.st.stm32cube.ide.mcu.externaltools.gnu-tools-for-stm32.13.3.rel1.win32_1.0.0.202411081344/tools/bin/../lib/gcc/arm-none-eabi/13.3.1/thumb/v7e-m+fp/hard/crtn.o
                0x20018000                        _estack = (ORIGIN (RAM) + LENGTH (RAM))
                0x00000200                        _Min_Heap_Size = 0x200
                0x00000400                        _Min_Stack_Size = 0x400

.isr_vector     0x08008000      0x188
                0x08008000                        . = ALIGN (0x4)
 *(.isr_vector)
 .isr_vector    0x08008000      0x188 ./Application/User/Startup/startup_stm32l476rgtx.o
                0x08008000                g_pfnVectors
                0x08008188                        . = ALIGN (0x4)

.text           0x08008190     0x4df0
                0x08008190                        . = ALIGN (0x4)
 *(.text)
 .text          0x08008190       0x40 C:/ST/STM32CubeIDE_1.18.0/STM32CubeIDE/plugins/com.st.stm32cube.ide.mcu.externaltools.gnu-tools-for-stm32.13.3.rel1.win32_1.0.0.202411081344/tools/bin/../lib/gcc/arm-none-eabi/13.3.1/thumb/v7e-m+fp/hard/crtbegin.o
 .text          0x080081d0       0x14 C:/ST/STM32CubeIDE_1.18.0/STM32CubeIDE/plugins/com.st.stm32cube.ide.mcu.externaltools.gnu-tools-for-stm32.13.3.rel1.win32_1.0.0.202411081344/tools/bin/../lib/gcc/arm-none-eabi/13.3.1/../../../../arm-none-eabi/lib/thumb/v7e-m+fp/hard\libc_nano.a(libc_a-strcmp.o)
                0x080081d0                strcmp
 .text          0x080081e4       0x10 C:/ST/STM32CubeIDE_1.18.0/STM32CubeIDE/plugins/com.st.stm32cube.ide.mcu.externaltools.gnu-tools-for-stm32.13.3.rel1.win32_1.0.0.202411081344/tools/bin/../lib/gcc/arm-none-eabi/13.3.1/../../../../arm-none-eabi/lib/thumb/v7e-m+fp/hard\libc_nano.a(libc_a-strlen.o)
                0x080081e4                strlen
 *fill*         0x080081f4        0xc 
 .text          0x08008200       0xa0 C:/ST/STM32CubeIDE_1.18.0/STM32CubeIDE/plugins/com.st.stm32cube.ide.mcu.externaltools.gnu-tools-for-stm32.13.3.rel1.win32_1.0.0.202411081344/tools/bin/../lib/gcc/arm-none-eabi/13.3.1/../../../../arm-none-eabi/lib/thumb/v7e-m+fp/hard\libc_nano.a(libc_a-memchr.o)
                0x08008200                memchr
 .text          0x080082a0       0x30 C:/ST/STM32CubeIDE_1.18.0/STM32CubeIDE/plugins/com.st.stm32cube.ide.mcu.externaltools.gnu-tools-for-stm32.13.3.rel1.win32_1.0.0.202411081344/tools/bin/../lib/gcc/arm-none-eabi/13.3.1/thumb/v7e-m+fp/hard\libgcc.a(_aeabi_uldivmod.o)
                0x080082a0                __aeabi_uldivmod
 .text          0x080082d0      0x2f8 C:/ST/STM32CubeIDE_1.18.0/STM32CubeIDE/plugins/com.st.stm32cube.ide.mcu.externaltools.gnu-tools-for-stm32.13.3.rel1.win32_1.0.0.202411081344/tools/bin/../lib/gcc/arm-none-eabi/13.3.1/thumb/v7e-m+fp/hard\libgcc.a(_udivmoddi4.o)
                0x080082d0                __udivmoddi4
 .text          0x080085c8        0x4 C:/ST/STM32CubeIDE_1.18.0/STM32CubeIDE/plugins/com.st.stm32cube.ide.mcu.externaltools.gnu-tools-for-stm32.13.3.rel1.win32_1.0.0.202411081344/tools/bin/../lib/gcc/arm-none-eabi/13.3.1/thumb/v7e-m+fp/hard\libgcc.a(_dvmd_tls.o)
                0x080085c8                __aeabi_idiv0
                0x080085c8                __aeabi_ldiv0
 *(.text*)
 .text.MX_GPIO_Init
                0x080085cc       0xcc ./Application/User/Core/gpio.o
                0x080085cc                MX_GPIO_Init
 .text.__NVIC_SystemReset
                0x08008698       0x2c ./Application/User/Core/main.o
 .text.main     0x080086c4       0x58 ./Application/User/Core/main.o
                0x080086c4                main
 .text.SystemClock_Config
                0x0800871c       0xa6 ./Application/User/Core/main.o
                0x0800871c                SystemClock_Config
 *fill*         0x080087c2        0x2 
 .text.HAL_UART_RxCpltCallback
                0x080087c4       0x88 ./Application/User/Core/main.o
                0x080087c4                HAL_UART_RxCpltCallback
 .text.handle_at_command
                0x0800884c      0x1a0 ./Application/User/Core/main.o
                0x0800884c                handle_at_command
 .text.Error_Handler
                0x080089ec        0xc ./Application/User/Core/main.o
                0x080089ec                Error_Handler
 .text.MX_RTC_Init
                0x080089f8       0x50 ./Application/User/Core/rtc.o
                0x080089f8                MX_RTC_Init
 .text.HAL_RTC_MspInit
                0x08008a48       0x64 ./Application/User/Core/rtc.o
                0x08008a48                HAL_RTC_MspInit
 .text.HAL_MspInit
                0x08008aac       0x48 ./Application/User/Core/stm32l4xx_hal_msp.o
                0x08008aac                HAL_MspInit
 .text.NMI_Handler
                0x08008af4        0x8 ./Application/User/Core/stm32l4xx_it.o
                0x08008af4                NMI_Handler
 .text.HardFault_Handler
                0x08008afc        0x8 ./Application/User/Core/stm32l4xx_it.o
                0x08008afc                HardFault_Handler
 .text.MemManage_Handler
                0x08008b04        0x8 ./Application/User/Core/stm32l4xx_it.o
                0x08008b04                MemManage_Handler
 .text.BusFault_Handler
                0x08008b0c        0x8 ./Application/User/Core/stm32l4xx_it.o
                0x08008b0c                BusFault_Handler
 .text.UsageFault_Handler
                0x08008b14        0x8 ./Application/User/Core/stm32l4xx_it.o
                0x08008b14                UsageFault_Handler
 .text.SVC_Handler
                0x08008b1c        0xe ./Application/User/Core/stm32l4xx_it.o
                0x08008b1c                SVC_Handler
 .text.DebugMon_Handler
                0x08008b2a        0xe ./Application/User/Core/stm32l4xx_it.o
                0x08008b2a                DebugMon_Handler
 .text.PendSV_Handler
                0x08008b38        0xe ./Application/User/Core/stm32l4xx_it.o
                0x08008b38                PendSV_Handler
 .text.SysTick_Handler
                0x08008b46        0xc ./Application/User/Core/stm32l4xx_it.o
                0x08008b46                SysTick_Handler
 *fill*         0x08008b52        0x2 
 .text.USART2_IRQHandler
                0x08008b54       0x14 ./Application/User/Core/stm32l4xx_it.o
                0x08008b54                USART2_IRQHandler
 .text._sbrk    0x08008b68       0x6c ./Application/User/Core/sysmem.o
                0x08008b68                _sbrk
 .text.set_update_flag
                0x08008bd4       0x50 ./Application/User/Core/update_utils.o
                0x08008bd4                set_update_flag
 .text.MX_USART2_UART_Init
                0x08008c24       0x60 ./Application/User/Core/usart.o
                0x08008c24                MX_USART2_UART_Init
 .text.HAL_UART_MspInit
                0x08008c84       0xc8 ./Application/User/Core/usart.o
                0x08008c84                HAL_UART_MspInit
 .text.Reset_Handler
                0x08008d4c       0x50 ./Application/User/Startup/startup_stm32l476rgtx.o
                0x08008d4c                Reset_Handler
 .text.Default_Handler
                0x08008d9c        0x2 ./Application/User/Startup/startup_stm32l476rgtx.o
                0x08008d9c                RTC_Alarm_IRQHandler
                0x08008d9c                EXTI2_IRQHandler
                0x08008d9c                TIM8_TRG_COM_IRQHandler
                0x08008d9c                TIM8_CC_IRQHandler
                0x08008d9c                TIM1_CC_IRQHandler
                0x08008d9c                TSC_IRQHandler
                0x08008d9c                TAMP_STAMP_IRQHandler
                0x08008d9c                EXTI3_IRQHandler
                0x08008d9c                LPTIM2_IRQHandler
                0x08008d9c                DFSDM1_FLT1_IRQHandler
                0x08008d9c                I2C3_ER_IRQHandler
                0x08008d9c                DFSDM1_FLT2_IRQHandler
                0x08008d9c                EXTI0_IRQHandler
                0x08008d9c                I2C2_EV_IRQHandler
                0x08008d9c                CAN1_RX0_IRQHandler
                0x08008d9c                FPU_IRQHandler
                0x08008d9c                TIM1_UP_TIM16_IRQHandler
                0x08008d9c                ADC1_2_IRQHandler
                0x08008d9c                SPI1_IRQHandler
                0x08008d9c                TIM6_DAC_IRQHandler
                0x08008d9c                TIM8_UP_IRQHandler
                0x08008d9c                DMA2_Channel2_IRQHandler
                0x08008d9c                DMA1_Channel4_IRQHandler
                0x08008d9c                SAI2_IRQHandler
                0x08008d9c                DFSDM1_FLT3_IRQHandler
                0x08008d9c                USART3_IRQHandler
                0x08008d9c                DMA1_Channel7_IRQHandler
                0x08008d9c                CAN1_RX1_IRQHandler
                0x08008d9c                LCD_IRQHandler
                0x08008d9c                UART5_IRQHandler
                0x08008d9c                ADC3_IRQHandler
                0x08008d9c                TIM4_IRQHandler
                0x08008d9c                DMA2_Channel1_IRQHandler
                0x08008d9c                QUADSPI_IRQHandler
                0x08008d9c                I2C1_EV_IRQHandler
                0x08008d9c                DMA1_Channel6_IRQHandler
                0x08008d9c                UART4_IRQHandler
                0x08008d9c                DMA2_Channel4_IRQHandler
                0x08008d9c                TIM3_IRQHandler
                0x08008d9c                RCC_IRQHandler
                0x08008d9c                DMA1_Channel1_IRQHandler
                0x08008d9c                Default_Handler
                0x08008d9c                DMA2_Channel7_IRQHandler
                0x08008d9c                EXTI15_10_IRQHandler
                0x08008d9c                TIM7_IRQHandler
                0x08008d9c                SDMMC1_IRQHandler
                0x08008d9c                TIM5_IRQHandler
                0x08008d9c                I2C3_EV_IRQHandler
                0x08008d9c                EXTI9_5_IRQHandler
                0x08008d9c                RTC_WKUP_IRQHandler
                0x08008d9c                PVD_PVM_IRQHandler
                0x08008d9c                SPI2_IRQHandler
                0x08008d9c                CAN1_TX_IRQHandler
                0x08008d9c                DMA2_Channel5_IRQHandler
                0x08008d9c                DMA1_Channel5_IRQHandler
                0x08008d9c                EXTI4_IRQHandler
                0x08008d9c                RNG_IRQHandler
                0x08008d9c                TIM1_TRG_COM_TIM17_IRQHandler
                0x08008d9c                DMA1_Channel3_IRQHandler
                0x08008d9c                COMP_IRQHandler
                0x08008d9c                WWDG_IRQHandler
                0x08008d9c                LPUART1_IRQHandler
                0x08008d9c                DMA2_Channel6_IRQHandler
                0x08008d9c                TIM2_IRQHandler
                0x08008d9c                EXTI1_IRQHandler
                0x08008d9c                DFSDM1_FLT0_IRQHandler
                0x08008d9c                I2C2_ER_IRQHandler
                0x08008d9c                DMA1_Channel2_IRQHandler
                0x08008d9c                TIM8_BRK_IRQHandler
                0x08008d9c                CAN1_SCE_IRQHandler
                0x08008d9c                FLASH_IRQHandler
                0x08008d9c                USART1_IRQHandler
                0x08008d9c                OTG_FS_IRQHandler
                0x08008d9c                SPI3_IRQHandler
                0x08008d9c                I2C1_ER_IRQHandler
                0x08008d9c                FMC_IRQHandler
                0x08008d9c                SWPMI1_IRQHandler
                0x08008d9c                LPTIM1_IRQHandler
                0x08008d9c                SAI1_IRQHandler
                0x08008d9c                DMA2_Channel3_IRQHandler
                0x08008d9c                TIM1_BRK_TIM15_IRQHandler
 *fill*         0x08008d9e        0x2 
 .text.SystemInit
                0x08008da0       0x24 ./Drivers/CMSIS/system_stm32l4xx.o
                0x08008da0                SystemInit
 .text.HAL_Init
                0x08008dc4       0x40 ./Drivers/STM32L4xx_HAL_Driver/stm32l4xx_hal.o
                0x08008dc4                HAL_Init
 .text.HAL_InitTick
                0x08008e04       0x78 ./Drivers/STM32L4xx_HAL_Driver/stm32l4xx_hal.o
                0x08008e04                HAL_InitTick
 .text.HAL_IncTick
                0x08008e7c       0x28 ./Drivers/STM32L4xx_HAL_Driver/stm32l4xx_hal.o
                0x08008e7c                HAL_IncTick
 .text.HAL_GetTick
                0x08008ea4       0x18 ./Drivers/STM32L4xx_HAL_Driver/stm32l4xx_hal.o
                0x08008ea4                HAL_GetTick
 .text.__NVIC_SetPriorityGrouping
                0x08008ebc       0x48 ./Drivers/STM32L4xx_HAL_Driver/stm32l4xx_hal_cortex.o
 .text.__NVIC_GetPriorityGrouping
                0x08008f04       0x1c ./Drivers/STM32L4xx_HAL_Driver/stm32l4xx_hal_cortex.o
 .text.__NVIC_EnableIRQ
                0x08008f20       0x3c ./Drivers/STM32L4xx_HAL_Driver/stm32l4xx_hal_cortex.o
 .text.__NVIC_SetPriority
                0x08008f5c       0x54 ./Drivers/STM32L4xx_HAL_Driver/stm32l4xx_hal_cortex.o
 .text.NVIC_EncodePriority
                0x08008fb0       0x66 ./Drivers/STM32L4xx_HAL_Driver/stm32l4xx_hal_cortex.o
 *fill*         0x08009016        0x2 
 .text.SysTick_Config
                0x08009018       0x44 ./Drivers/STM32L4xx_HAL_Driver/stm32l4xx_hal_cortex.o
 .text.HAL_NVIC_SetPriorityGrouping
                0x0800905c       0x16 ./Drivers/STM32L4xx_HAL_Driver/stm32l4xx_hal_cortex.o
                0x0800905c                HAL_NVIC_SetPriorityGrouping
 .text.HAL_NVIC_SetPriority
                0x08009072       0x38 ./Drivers/STM32L4xx_HAL_Driver/stm32l4xx_hal_cortex.o
                0x08009072                HAL_NVIC_SetPriority
 .text.HAL_NVIC_EnableIRQ
                0x080090aa       0x1c ./Drivers/STM32L4xx_HAL_Driver/stm32l4xx_hal_cortex.o
                0x080090aa                HAL_NVIC_EnableIRQ
 .text.HAL_SYSTICK_Config
                0x080090c6       0x18 ./Drivers/STM32L4xx_HAL_Driver/stm32l4xx_hal_cortex.o
                0x080090c6                HAL_SYSTICK_Config
 .text.HAL_DMA_Abort
                0x080090de       0x7c ./Drivers/STM32L4xx_HAL_Driver/stm32l4xx_hal_dma.o
                0x080090de                HAL_DMA_Abort
 .text.HAL_DMA_Abort_IT
                0x0800915a       0x82 ./Drivers/STM32L4xx_HAL_Driver/stm32l4xx_hal_dma.o
                0x0800915a                HAL_DMA_Abort_IT
 .text.HAL_GPIO_Init
                0x080091dc      0x354 ./Drivers/STM32L4xx_HAL_Driver/stm32l4xx_hal_gpio.o
                0x080091dc                HAL_GPIO_Init
 .text.HAL_GPIO_WritePin
                0x08009530       0x30 ./Drivers/STM32L4xx_HAL_Driver/stm32l4xx_hal_gpio.o
                0x08009530                HAL_GPIO_WritePin
 .text.HAL_PWR_EnableBkUpAccess
                0x08009560       0x20 ./Drivers/STM32L4xx_HAL_Driver/stm32l4xx_hal_pwr.o
                0x08009560                HAL_PWR_EnableBkUpAccess
 .text.HAL_PWREx_GetVoltageRange
                0x08009580       0x1c ./Drivers/STM32L4xx_HAL_Driver/stm32l4xx_hal_pwr_ex.o
                0x08009580                HAL_PWREx_GetVoltageRange
 .text.HAL_PWREx_ControlVoltageScaling
                0x0800959c       0xac ./Drivers/STM32L4xx_HAL_Driver/stm32l4xx_hal_pwr_ex.o
                0x0800959c                HAL_PWREx_ControlVoltageScaling
 .text.HAL_RCC_OscConfig
                0x08009648      0x7b8 ./Drivers/STM32L4xx_HAL_Driver/stm32l4xx_hal_rcc.o
                0x08009648                HAL_RCC_OscConfig
 .text.HAL_RCC_ClockConfig
                0x08009e00      0x200 ./Drivers/STM32L4xx_HAL_Driver/stm32l4xx_hal_rcc.o
                0x08009e00                HAL_RCC_ClockConfig
 .text.HAL_RCC_GetSysClockFreq
                0x0800a000      0x118 ./Drivers/STM32L4xx_HAL_Driver/stm32l4xx_hal_rcc.o
                0x0800a000                HAL_RCC_GetSysClockFreq
 .text.HAL_RCC_GetHCLKFreq
                0x0800a118       0x18 ./Drivers/STM32L4xx_HAL_Driver/stm32l4xx_hal_rcc.o
                0x0800a118                HAL_RCC_GetHCLKFreq
 .text.HAL_RCC_GetPCLK1Freq
                0x0800a130       0x2c ./Drivers/STM32L4xx_HAL_Driver/stm32l4xx_hal_rcc.o
                0x0800a130                HAL_RCC_GetPCLK1Freq
 .text.HAL_RCC_GetPCLK2Freq
                0x0800a15c       0x2c ./Drivers/STM32L4xx_HAL_Driver/stm32l4xx_hal_rcc.o
                0x0800a15c                HAL_RCC_GetPCLK2Freq
 .text.RCC_SetFlashLatencyFromMSIRange
                0x0800a188       0xc0 ./Drivers/STM32L4xx_HAL_Driver/stm32l4xx_hal_rcc.o
 .text.HAL_RCCEx_PeriphCLKConfig
                0x0800a248      0x5d4 ./Drivers/STM32L4xx_HAL_Driver/stm32l4xx_hal_rcc_ex.o
                0x0800a248                HAL_RCCEx_PeriphCLKConfig
 .text.RCCEx_PLLSAI1_Config
                0x0800a81c      0x1e8 ./Drivers/STM32L4xx_HAL_Driver/stm32l4xx_hal_rcc_ex.o
 .text.RCCEx_PLLSAI2_Config
                0x0800aa04      0x1bc ./Drivers/STM32L4xx_HAL_Driver/stm32l4xx_hal_rcc_ex.o
 .text.HAL_RTC_Init
                0x0800abc0      0x110 ./Drivers/STM32L4xx_HAL_Driver/stm32l4xx_hal_rtc.o
                0x0800abc0                HAL_RTC_Init
 .text.HAL_RTC_WaitForSynchro
                0x0800acd0       0x48 ./Drivers/STM32L4xx_HAL_Driver/stm32l4xx_hal_rtc.o
                0x0800acd0                HAL_RTC_WaitForSynchro
 .text.RTC_EnterInitMode
                0x0800ad18       0x66 ./Drivers/STM32L4xx_HAL_Driver/stm32l4xx_hal_rtc.o
                0x0800ad18                RTC_EnterInitMode
 *fill*         0x0800ad7e        0x2 
 .text.RTC_ExitInitMode
                0x0800ad80       0x7c ./Drivers/STM32L4xx_HAL_Driver/stm32l4xx_hal_rtc.o
                0x0800ad80                RTC_ExitInitMode
 .text.HAL_RTCEx_BKUPWrite
                0x0800adfc       0x32 ./Drivers/STM32L4xx_HAL_Driver/stm32l4xx_hal_rtc_ex.o
                0x0800adfc                HAL_RTCEx_BKUPWrite
 .text.HAL_UART_Init
                0x0800ae2e       0x9c ./Drivers/STM32L4xx_HAL_Driver/stm32l4xx_hal_uart.o
                0x0800ae2e                HAL_UART_Init
 .text.HAL_UART_Transmit
                0x0800aeca      0x112 ./Drivers/STM32L4xx_HAL_Driver/stm32l4xx_hal_uart.o
                0x0800aeca                HAL_UART_Transmit
 .text.HAL_UART_Receive_IT
                0x0800afdc       0x98 ./Drivers/STM32L4xx_HAL_Driver/stm32l4xx_hal_uart.o
                0x0800afdc                HAL_UART_Receive_IT
 .text.HAL_UART_IRQHandler
                0x0800b074      0x60c ./Drivers/STM32L4xx_HAL_Driver/stm32l4xx_hal_uart.o
                0x0800b074                HAL_UART_IRQHandler
 .text.HAL_UART_TxCpltCallback
                0x0800b680       0x14 ./Drivers/STM32L4xx_HAL_Driver/stm32l4xx_hal_uart.o
                0x0800b680                HAL_UART_TxCpltCallback
 .text.HAL_UART_ErrorCallback
                0x0800b694       0x14 ./Drivers/STM32L4xx_HAL_Driver/stm32l4xx_hal_uart.o
                0x0800b694                HAL_UART_ErrorCallback
 .text.HAL_UARTEx_RxEventCallback
                0x0800b6a8       0x18 ./Drivers/STM32L4xx_HAL_Driver/stm32l4xx_hal_uart.o
                0x0800b6a8                HAL_UARTEx_RxEventCallback
 .text.UART_SetConfig
                0x0800b6c0      0x570 ./Drivers/STM32L4xx_HAL_Driver/stm32l4xx_hal_uart.o
                0x0800b6c0                UART_SetConfig
 .text.UART_AdvFeatureConfig
                0x0800bc30      0x144 ./Drivers/STM32L4xx_HAL_Driver/stm32l4xx_hal_uart.o
                0x0800bc30                UART_AdvFeatureConfig
 .text.UART_CheckIdleState
                0x0800bd74      0x150 ./Drivers/STM32L4xx_HAL_Driver/stm32l4xx_hal_uart.o
                0x0800bd74                UART_CheckIdleState
 .text.UART_WaitOnFlagUntilTimeout
                0x0800bec4       0xda ./Drivers/STM32L4xx_HAL_Driver/stm32l4xx_hal_uart.o
                0x0800bec4                UART_WaitOnFlagUntilTimeout
 *fill*         0x0800bf9e        0x2 
 .text.UART_Start_Receive_IT
                0x0800bfa0      0x18c ./Drivers/STM32L4xx_HAL_Driver/stm32l4xx_hal_uart.o
                0x0800bfa0                UART_Start_Receive_IT
 .text.UART_EndRxTransfer
                0x0800c12c       0xc8 ./Drivers/STM32L4xx_HAL_Driver/stm32l4xx_hal_uart.o
 .text.UART_DMAAbortOnError
                0x0800c1f4       0x2c ./Drivers/STM32L4xx_HAL_Driver/stm32l4xx_hal_uart.o
 .text.UART_EndTransmit_IT
                0x0800c220       0x54 ./Drivers/STM32L4xx_HAL_Driver/stm32l4xx_hal_uart.o
 .text.UART_RxISR_8BIT
                0x0800c274      0x1bc ./Drivers/STM32L4xx_HAL_Driver/stm32l4xx_hal_uart.o
 .text.UART_RxISR_16BIT
                0x0800c430      0x1bc ./Drivers/STM32L4xx_HAL_Driver/stm32l4xx_hal_uart.o
 .text.HAL_UARTEx_WakeupCallback
                0x0800c5ec       0x14 ./Drivers/STM32L4xx_HAL_Driver/stm32l4xx_hal_uart_ex.o
                0x0800c5ec                HAL_UARTEx_WakeupCallback
 .text.snprintf
                0x0800c600       0x6c C:/ST/STM32CubeIDE_1.18.0/STM32CubeIDE/plugins/com.st.stm32cube.ide.mcu.externaltools.gnu-tools-for-stm32.13.3.rel1.win32_1.0.0.202411081344/tools/bin/../lib/gcc/arm-none-eabi/13.3.1/../../../../arm-none-eabi/lib/thumb/v7e-m+fp/hard\libc_nano.a(libc_a-snprintf.o)
                0x0800c600                sniprintf
                0x0800c600                snprintf
 .text.memset   0x0800c66c       0x10 C:/ST/STM32CubeIDE_1.18.0/STM32CubeIDE/plugins/com.st.stm32cube.ide.mcu.externaltools.gnu-tools-for-stm32.13.3.rel1.win32_1.0.0.202411081344/tools/bin/../lib/gcc/arm-none-eabi/13.3.1/../../../../arm-none-eabi/lib/thumb/v7e-m+fp/hard\libc_nano.a(libc_a-memset.o)
                0x0800c66c                memset
 .text.__errno  0x0800c67c        0xc C:/ST/STM32CubeIDE_1.18.0/STM32CubeIDE/plugins/com.st.stm32cube.ide.mcu.externaltools.gnu-tools-for-stm32.13.3.rel1.win32_1.0.0.202411081344/tools/bin/../lib/gcc/arm-none-eabi/13.3.1/../../../../arm-none-eabi/lib/thumb/v7e-m+fp/hard\libc_nano.a(libc_a-errno.o)
                0x0800c67c                __errno
 .text.__libc_init_array
                0x0800c688       0x48 C:/ST/STM32CubeIDE_1.18.0/STM32CubeIDE/plugins/com.st.stm32cube.ide.mcu.externaltools.gnu-tools-for-stm32.13.3.rel1.win32_1.0.0.202411081344/tools/bin/../lib/gcc/arm-none-eabi/13.3.1/../../../../arm-none-eabi/lib/thumb/v7e-m+fp/hard\libc_nano.a(libc_a-init.o)
                0x0800c688                __libc_init_array
 .text.__retarget_lock_acquire_recursive
                0x0800c6d0        0x2 C:/ST/STM32CubeIDE_1.18.0/STM32CubeIDE/plugins/com.st.stm32cube.ide.mcu.externaltools.gnu-tools-for-stm32.13.3.rel1.win32_1.0.0.202411081344/tools/bin/../lib/gcc/arm-none-eabi/13.3.1/../../../../arm-none-eabi/lib/thumb/v7e-m+fp/hard\libc_nano.a(libc_a-lock.o)
                0x0800c6d0                __retarget_lock_acquire_recursive
 .text.__retarget_lock_release_recursive
                0x0800c6d2        0x2 C:/ST/STM32CubeIDE_1.18.0/STM32CubeIDE/plugins/com.st.stm32cube.ide.mcu.externaltools.gnu-tools-for-stm32.13.3.rel1.win32_1.0.0.202411081344/tools/bin/../lib/gcc/arm-none-eabi/13.3.1/../../../../arm-none-eabi/lib/thumb/v7e-m+fp/hard\libc_nano.a(libc_a-lock.o)
                0x0800c6d2                __retarget_lock_release_recursive
 .text._free_r  0x0800c6d4       0x94 C:/ST/STM32CubeIDE_1.18.0/STM32CubeIDE/plugins/com.st.stm32cube.ide.mcu.externaltools.gnu-tools-for-stm32.13.3.rel1.win32_1.0.0.202411081344/tools/bin/../lib/gcc/arm-none-eabi/13.3.1/../../../../arm-none-eabi/lib/thumb/v7e-m+fp/hard\libc_nano.a(libc_a-freer.o)
                0x0800c6d4                _free_r
 .text.sbrk_aligned
                0x0800c768       0x44 C:/ST/STM32CubeIDE_1.18.0/STM32CubeIDE/plugins/com.st.stm32cube.ide.mcu.externaltools.gnu-tools-for-stm32.13.3.rel1.win32_1.0.0.202411081344/tools/bin/../lib/gcc/arm-none-eabi/13.3.1/../../../../arm-none-eabi/lib/thumb/v7e-m+fp/hard\libc_nano.a(libc_a-mallocr.o)
 .text._malloc_r
                0x0800c7ac      0x100 C:/ST/STM32CubeIDE_1.18.0/STM32CubeIDE/plugins/com.st.stm32cube.ide.mcu.externaltools.gnu-tools-for-stm32.13.3.rel1.win32_1.0.0.202411081344/tools/bin/../lib/gcc/arm-none-eabi/13.3.1/../../../../arm-none-eabi/lib/thumb/v7e-m+fp/hard\libc_nano.a(libc_a-mallocr.o)
                0x0800c7ac                _malloc_r
 .text.__malloc_lock
                0x0800c8ac        0xc C:/ST/STM32CubeIDE_1.18.0/STM32CubeIDE/plugins/com.st.stm32cube.ide.mcu.externaltools.gnu-tools-for-stm32.13.3.rel1.win32_1.0.0.202411081344/tools/bin/../lib/gcc/arm-none-eabi/13.3.1/../../../../arm-none-eabi/lib/thumb/v7e-m+fp/hard\libc_nano.a(libc_a-mlock.o)
                0x0800c8ac                __malloc_lock
 .text.__malloc_unlock
                0x0800c8b8        0xc C:/ST/STM32CubeIDE_1.18.0/STM32CubeIDE/plugins/com.st.stm32cube.ide.mcu.externaltools.gnu-tools-for-stm32.13.3.rel1.win32_1.0.0.202411081344/tools/bin/../lib/gcc/arm-none-eabi/13.3.1/../../../../arm-none-eabi/lib/thumb/v7e-m+fp/hard\libc_nano.a(libc_a-mlock.o)
                0x0800c8b8                __malloc_unlock
 .text.__ssputs_r
                0x0800c8c4       0xb6 C:/ST/STM32CubeIDE_1.18.0/STM32CubeIDE/plugins/com.st.stm32cube.ide.mcu.externaltools.gnu-tools-for-stm32.13.3.rel1.win32_1.0.0.202411081344/tools/bin/../lib/gcc/arm-none-eabi/13.3.1/../../../../arm-none-eabi/lib/thumb/v7e-m+fp/hard\libc_nano.a(libc_a-nano-svfprintf.o)
                0x0800c8c4                __ssputs_r
 *fill*         0x0800c97a        0x2 
 .text._svfprintf_r
                0x0800c97c      0x1f8 C:/ST/STM32CubeIDE_1.18.0/STM32CubeIDE/plugins/com.st.stm32cube.ide.mcu.externaltools.gnu-tools-for-stm32.13.3.rel1.win32_1.0.0.202411081344/tools/bin/../lib/gcc/arm-none-eabi/13.3.1/../../../../arm-none-eabi/lib/thumb/v7e-m+fp/hard\libc_nano.a(libc_a-nano-svfprintf.o)
                0x0800c97c                _svfiprintf_r
                0x0800c97c                _svfprintf_r
 .text._printf_common
                0x0800cb74       0xda C:/ST/STM32CubeIDE_1.18.0/STM32CubeIDE/plugins/com.st.stm32cube.ide.mcu.externaltools.gnu-tools-for-stm32.13.3.rel1.win32_1.0.0.202411081344/tools/bin/../lib/gcc/arm-none-eabi/13.3.1/../../../../arm-none-eabi/lib/thumb/v7e-m+fp/hard\libc_nano.a(libc_a-nano-vfprintf_i.o)
                0x0800cb74                _printf_common
 *fill*         0x0800cc4e        0x2 
 .text._printf_i
                0x0800cc50      0x23c C:/ST/STM32CubeIDE_1.18.0/STM32CubeIDE/plugins/com.st.stm32cube.ide.mcu.externaltools.gnu-tools-for-stm32.13.3.rel1.win32_1.0.0.202411081344/tools/bin/../lib/gcc/arm-none-eabi/13.3.1/../../../../arm-none-eabi/lib/thumb/v7e-m+fp/hard\libc_nano.a(libc_a-nano-vfprintf_i.o)
                0x0800cc50                _printf_i
 .text.memmove  0x0800ce8c       0x34 C:/ST/STM32CubeIDE_1.18.0/STM32CubeIDE/plugins/com.st.stm32cube.ide.mcu.externaltools.gnu-tools-for-stm32.13.3.rel1.win32_1.0.0.202411081344/tools/bin/../lib/gcc/arm-none-eabi/13.3.1/../../../../arm-none-eabi/lib/thumb/v7e-m+fp/hard\libc_nano.a(libc_a-memmove.o)
                0x0800ce8c                memmove
 .text._sbrk_r  0x0800cec0       0x20 C:/ST/STM32CubeIDE_1.18.0/STM32CubeIDE/plugins/com.st.stm32cube.ide.mcu.externaltools.gnu-tools-for-stm32.13.3.rel1.win32_1.0.0.202411081344/tools/bin/../lib/gcc/arm-none-eabi/13.3.1/../../../../arm-none-eabi/lib/thumb/v7e-m+fp/hard\libc_nano.a(libc_a-sbrkr.o)
                0x0800cec0                _sbrk_r
 .text.memcpy   0x0800cee0       0x1c C:/ST/STM32CubeIDE_1.18.0/STM32CubeIDE/plugins/com.st.stm32cube.ide.mcu.externaltools.gnu-tools-for-stm32.13.3.rel1.win32_1.0.0.202411081344/tools/bin/../lib/gcc/arm-none-eabi/13.3.1/../../../../arm-none-eabi/lib/thumb/v7e-m+fp/hard\libc_nano.a(libc_a-memcpy-stub.o)
                0x0800cee0                memcpy
 .text._realloc_r
                0x0800cefc       0x5c C:/ST/STM32CubeIDE_1.18.0/STM32CubeIDE/plugins/com.st.stm32cube.ide.mcu.externaltools.gnu-tools-for-stm32.13.3.rel1.win32_1.0.0.202411081344/tools/bin/../lib/gcc/arm-none-eabi/13.3.1/../../../../arm-none-eabi/lib/thumb/v7e-m+fp/hard\libc_nano.a(libc_a-reallocr.o)
                0x0800cefc                _realloc_r
 .text._malloc_usable_size_r
                0x0800cf58       0x10 C:/ST/STM32CubeIDE_1.18.0/STM32CubeIDE/plugins/com.st.stm32cube.ide.mcu.externaltools.gnu-tools-for-stm32.13.3.rel1.win32_1.0.0.202411081344/tools/bin/../lib/gcc/arm-none-eabi/13.3.1/../../../../arm-none-eabi/lib/thumb/v7e-m+fp/hard\libc_nano.a(libc_a-msizer.o)
                0x0800cf58                _malloc_usable_size_r
 *(.glue_7)
 .glue_7        0x0800cf68        0x0 linker stubs
 *(.glue_7t)
 .glue_7t       0x0800cf68        0x0 linker stubs
 *(.eh_frame)
 .eh_frame      0x0800cf68        0x0 C:/ST/STM32CubeIDE_1.18.0/STM32CubeIDE/plugins/com.st.stm32cube.ide.mcu.externaltools.gnu-tools-for-stm32.13.3.rel1.win32_1.0.0.202411081344/tools/bin/../lib/gcc/arm-none-eabi/13.3.1/thumb/v7e-m+fp/hard/crtbegin.o
 *(.init)
 .init          0x0800cf68        0x4 C:/ST/STM32CubeIDE_1.18.0/STM32CubeIDE/plugins/com.st.stm32cube.ide.mcu.externaltools.gnu-tools-for-stm32.13.3.rel1.win32_1.0.0.202411081344/tools/bin/../lib/gcc/arm-none-eabi/13.3.1/thumb/v7e-m+fp/hard/crti.o
                0x0800cf68                _init
 .init          0x0800cf6c        0x8 C:/ST/STM32CubeIDE_1.18.0/STM32CubeIDE/plugins/com.st.stm32cube.ide.mcu.externaltools.gnu-tools-for-stm32.13.3.rel1.win32_1.0.0.202411081344/tools/bin/../lib/gcc/arm-none-eabi/13.3.1/thumb/v7e-m+fp/hard/crtn.o
 *(.fini)
 .fini          0x0800cf74        0x4 C:/ST/STM32CubeIDE_1.18.0/STM32CubeIDE/plugins/com.st.stm32cube.ide.mcu.externaltools.gnu-tools-for-stm32.13.3.rel1.win32_1.0.0.202411081344/tools/bin/../lib/gcc/arm-none-eabi/13.3.1/thumb/v7e-m+fp/hard/crti.o
                0x0800cf74                _fini
 .fini          0x0800cf78        0x8 C:/ST/STM32CubeIDE_1.18.0/STM32CubeIDE/plugins/com.st.stm32cube.ide.mcu.externaltools.gnu-tools-for-stm32.13.3.rel1.win32_1.0.0.202411081344/tools/bin/../lib/gcc/arm-none-eabi/13.3.1/thumb/v7e-m+fp/hard/crtn.o
                0x0800cf80                        . = ALIGN (0x4)
                0x0800cf80                        _etext = .

.vfp11_veneer   0x0800cf80        0x0
 .vfp11_veneer  0x0800cf80        0x0 linker stubs

.v4_bx          0x0800cf80        0x0
 .v4_bx         0x0800cf80        0x0 linker stubs

.iplt           0x0800cf80        0x0
 .iplt          0x0800cf80        0x0 C:/ST/STM32CubeIDE_1.18.0/STM32CubeIDE/plugins/com.st.stm32cube.ide.mcu.externaltools.gnu-tools-for-stm32.13.3.rel1.win32_1.0.0.202411081344/tools/bin/../lib/gcc/arm-none-eabi/13.3.1/thumb/v7e-m+fp/hard/crtbegin.o

.rodata         0x0800cf80      0x10c
                0x0800cf80                        . = ALIGN (0x4)
 *(.rodata)
 .rodata        0x0800cf80       0x90 ./Application/User/Core/main.o
 *(.rodata*)
 .rodata.AHBPrescTable
                0x0800d010       0x10 ./Drivers/CMSIS/system_stm32l4xx.o
                0x0800d010                AHBPrescTable
 .rodata.APBPrescTable
                0x0800d020        0x8 ./Drivers/CMSIS/system_stm32l4xx.o
                0x0800d020                APBPrescTable
 .rodata.MSIRangeTable
                0x0800d028       0x30 ./Drivers/CMSIS/system_stm32l4xx.o
                0x0800d028                MSIRangeTable
 .rodata._svfprintf_r.str1.1
                0x0800d058       0x33 C:/ST/STM32CubeIDE_1.18.0/STM32CubeIDE/plugins/com.st.stm32cube.ide.mcu.externaltools.gnu-tools-for-stm32.13.3.rel1.win32_1.0.0.202411081344/tools/bin/../lib/gcc/arm-none-eabi/13.3.1/../../../../arm-none-eabi/lib/thumb/v7e-m+fp/hard\libc_nano.a(libc_a-nano-svfprintf.o)
                                 0x11 (size before relaxing)
 .rodata._printf_i.str1.1
                0x0800d08b       0x22 C:/ST/STM32CubeIDE_1.18.0/STM32CubeIDE/plugins/com.st.stm32cube.ide.mcu.externaltools.gnu-tools-for-stm32.13.3.rel1.win32_1.0.0.202411081344/tools/bin/../lib/gcc/arm-none-eabi/13.3.1/../../../../arm-none-eabi/lib/thumb/v7e-m+fp/hard\libc_nano.a(libc_a-nano-vfprintf_i.o)
                0x0800d0b0                        . = ALIGN (0x4)
 *fill*         0x0800d08b        0x1 

.ARM.extab      0x0800d08c        0x0
                0x0800d08c                        . = ALIGN (0x4)
 *(.ARM.extab* .gnu.linkonce.armextab.*)
                0x0800d08c                        . = ALIGN (0x4)

.ARM            0x0800d08c        0x8
                0x0800d08c                        . = ALIGN (0x4)
                0x0800d08c                        __exidx_start = .
 *(.ARM.exidx*)
 .ARM.exidx     0x0800d08c        0x8 C:/ST/STM32CubeIDE_1.18.0/STM32CubeIDE/plugins/com.st.stm32cube.ide.mcu.externaltools.gnu-tools-for-stm32.13.3.rel1.win32_1.0.0.202411081344/tools/bin/../lib/gcc/arm-none-eabi/13.3.1/../../../../arm-none-eabi/lib/thumb/v7e-m+fp/hard\libc_nano.a(libc_a-strcmp.o)
 .ARM.exidx     0x0800d094        0x0 C:/ST/STM32CubeIDE_1.18.0/STM32CubeIDE/plugins/com.st.stm32cube.ide.mcu.externaltools.gnu-tools-for-stm32.13.3.rel1.win32_1.0.0.202411081344/tools/bin/../lib/gcc/arm-none-eabi/13.3.1/../../../../arm-none-eabi/lib/thumb/v7e-m+fp/hard\libc_nano.a(libc_a-strlen.o)
                                  0x8 (size before relaxing)
 .ARM.exidx     0x0800d094        0x0 C:/ST/STM32CubeIDE_1.18.0/STM32CubeIDE/plugins/com.st.stm32cube.ide.mcu.externaltools.gnu-tools-for-stm32.13.3.rel1.win32_1.0.0.202411081344/tools/bin/../lib/gcc/arm-none-eabi/13.3.1/../../../../arm-none-eabi/lib/thumb/v7e-m+fp/hard\libc_nano.a(libc_a-memchr.o)
                                  0x8 (size before relaxing)
 .ARM.exidx     0x0800d094        0x0 C:/ST/STM32CubeIDE_1.18.0/STM32CubeIDE/plugins/com.st.stm32cube.ide.mcu.externaltools.gnu-tools-for-stm32.13.3.rel1.win32_1.0.0.202411081344/tools/bin/../lib/gcc/arm-none-eabi/13.3.1/thumb/v7e-m+fp/hard\libgcc.a(_udivmoddi4.o)
                                  0x8 (size before relaxing)
                0x0800d094                        __exidx_end = .
                0x0800d094                        . = ALIGN (0x4)

.preinit_array  0x0800d094        0x0
                0x0800d094                        . = ALIGN (0x4)
                0x0800d094                        PROVIDE (__preinit_array_start = .)
 *(.preinit_array*)
                0x0800d094                        PROVIDE (__preinit_array_end = .)
                0x0800d094                        . = ALIGN (0x4)

.init_array     0x0800d094        0x4
                0x0800d094                        . = ALIGN (0x4)
                0x0800d094                        PROVIDE (__init_array_start = .)
 *(SORT_BY_NAME(.init_array.*))
 *(.init_array*)
 .init_array    0x0800d094        0x4 C:/ST/STM32CubeIDE_1.18.0/STM32CubeIDE/plugins/com.st.stm32cube.ide.mcu.externaltools.gnu-tools-for-stm32.13.3.rel1.win32_1.0.0.202411081344/tools/bin/../lib/gcc/arm-none-eabi/13.3.1/thumb/v7e-m+fp/hard/crtbegin.o
                0x0800d098                        PROVIDE (__init_array_end = .)
                0x0800d098                        . = ALIGN (0x4)

.fini_array     0x0800d098        0x4
                0x0800d098                        . = ALIGN (0x4)
                [!provide]                        PROVIDE (__fini_array_start = .)
 *(SORT_BY_NAME(.fini_array.*))
 *(.fini_array*)
 .fini_array    0x0800d098        0x4 C:/ST/STM32CubeIDE_1.18.0/STM32CubeIDE/plugins/com.st.stm32cube.ide.mcu.externaltools.gnu-tools-for-stm32.13.3.rel1.win32_1.0.0.202411081344/tools/bin/../lib/gcc/arm-none-eabi/13.3.1/thumb/v7e-m+fp/hard/crtbegin.o
                [!provide]                        PROVIDE (__fini_array_end = .)
                0x0800d09c                        . = ALIGN (0x4)
                0x0800d09c                        _sidata = LOADADDR (.data)

.rel.dyn        0x0800d09c        0x0
 .rel.iplt      0x0800d09c        0x0 C:/ST/STM32CubeIDE_1.18.0/STM32CubeIDE/plugins/com.st.stm32cube.ide.mcu.externaltools.gnu-tools-for-stm32.13.3.rel1.win32_1.0.0.202411081344/tools/bin/../lib/gcc/arm-none-eabi/13.3.1/thumb/v7e-m+fp/hard/crtbegin.o

.data           0x20000000       0x5c load address 0x0800d09c
                0x20000000                        . = ALIGN (0x4)
                0x20000000                        _sdata = .
 *(.data)
 *(.data*)
 .data.SystemCoreClock
                0x20000000        0x4 ./Drivers/CMSIS/system_stm32l4xx.o
                0x20000000                SystemCoreClock
 .data.uwTickPrio
                0x20000004        0x4 ./Drivers/STM32L4xx_HAL_Driver/stm32l4xx_hal.o
                0x20000004                uwTickPrio
 .data.uwTickFreq
                0x20000008        0x1 ./Drivers/STM32L4xx_HAL_Driver/stm32l4xx_hal.o
                0x20000008                uwTickFreq
 *fill*         0x20000009        0x3 
 .data._impure_ptr
                0x2000000c        0x4 C:/ST/STM32CubeIDE_1.18.0/STM32CubeIDE/plugins/com.st.stm32cube.ide.mcu.externaltools.gnu-tools-for-stm32.13.3.rel1.win32_1.0.0.202411081344/tools/bin/../lib/gcc/arm-none-eabi/13.3.1/../../../../arm-none-eabi/lib/thumb/v7e-m+fp/hard\libc_nano.a(libc_a-impure.o)
                0x2000000c                _impure_ptr
 .data._impure_data
                0x20000010       0x4c C:/ST/STM32CubeIDE_1.18.0/STM32CubeIDE/plugins/com.st.stm32cube.ide.mcu.externaltools.gnu-tools-for-stm32.13.3.rel1.win32_1.0.0.202411081344/tools/bin/../lib/gcc/arm-none-eabi/13.3.1/../../../../arm-none-eabi/lib/thumb/v7e-m+fp/hard\libc_nano.a(libc_a-impure.o)
                0x20000010                _impure_data
 *(.RamFunc)
 *(.RamFunc*)
                0x2000005c                        . = ALIGN (0x4)
                0x2000005c                        _edata = .

.igot.plt       0x2000005c        0x0 load address 0x0800d0f8
 .igot.plt      0x2000005c        0x0 C:/ST/STM32CubeIDE_1.18.0/STM32CubeIDE/plugins/com.st.stm32cube.ide.mcu.externaltools.gnu-tools-for-stm32.13.3.rel1.win32_1.0.0.202411081344/tools/bin/../lib/gcc/arm-none-eabi/13.3.1/thumb/v7e-m+fp/hard/crtbegin.o
                0x2000005c                        . = ALIGN (0x4)

.bss            0x2000005c      0x260 load address 0x0800d0f8
                0x2000005c                        _sbss = .
                0x2000005c                        __bss_start__ = _sbss
 *(.bss)
 .bss           0x2000005c       0x1c C:/ST/STM32CubeIDE_1.18.0/STM32CubeIDE/plugins/com.st.stm32cube.ide.mcu.externaltools.gnu-tools-for-stm32.13.3.rel1.win32_1.0.0.202411081344/tools/bin/../lib/gcc/arm-none-eabi/13.3.1/thumb/v7e-m+fp/hard/crtbegin.o
 *(.bss*)
 .bss.rx_byte   0x20000078        0x1 ./Application/User/Core/main.o
                0x20000078                rx_byte
 *fill*         0x20000079        0x3 
 .bss.cmd_buffer
                0x2000007c       0x40 ./Application/User/Core/main.o
                0x2000007c                cmd_buffer
 .bss.cmd_index
                0x200000bc        0x1 ./Application/User/Core/main.o
                0x200000bc                cmd_index
 .bss.at_state  0x200000bd        0x1 ./Application/User/Core/main.o
                0x200000bd                at_state
 *fill*         0x200000be        0x2 
 .bss.hrtc      0x200000c0       0x24 ./Application/User/Core/rtc.o
                0x200000c0                hrtc
 .bss.__sbrk_heap_end
                0x200000e4        0x4 ./Application/User/Core/sysmem.o
 .bss.huart2    0x200000e8       0x88 ./Application/User/Core/usart.o
                0x200000e8                huart2
 .bss.uwTick    0x20000170        0x4 ./Drivers/STM32L4xx_HAL_Driver/stm32l4xx_hal.o
                0x20000170                uwTick
 .bss.__sf      0x20000174      0x138 C:/ST/STM32CubeIDE_1.18.0/STM32CubeIDE/plugins/com.st.stm32cube.ide.mcu.externaltools.gnu-tools-for-stm32.13.3.rel1.win32_1.0.0.202411081344/tools/bin/../lib/gcc/arm-none-eabi/13.3.1/../../../../arm-none-eabi/lib/thumb/v7e-m+fp/hard\libc_nano.a(libc_a-findfp.o)
                0x20000174                __sf
 .bss.errno     0x200002ac        0x4 C:/ST/STM32CubeIDE_1.18.0/STM32CubeIDE/plugins/com.st.stm32cube.ide.mcu.externaltools.gnu-tools-for-stm32.13.3.rel1.win32_1.0.0.202411081344/tools/bin/../lib/gcc/arm-none-eabi/13.3.1/../../../../arm-none-eabi/lib/thumb/v7e-m+fp/hard\libc_nano.a(libc_a-reent.o)
                0x200002ac                errno
 .bss.__lock___malloc_recursive_mutex
                0x200002b0        0x1 C:/ST/STM32CubeIDE_1.18.0/STM32CubeIDE/plugins/com.st.stm32cube.ide.mcu.externaltools.gnu-tools-for-stm32.13.3.rel1.win32_1.0.0.202411081344/tools/bin/../lib/gcc/arm-none-eabi/13.3.1/../../../../arm-none-eabi/lib/thumb/v7e-m+fp/hard\libc_nano.a(libc_a-lock.o)
                0x200002b0                __lock___malloc_recursive_mutex
 *fill*         0x200002b1        0x3 
 .bss.__malloc_sbrk_start
                0x200002b4        0x4 C:/ST/STM32CubeIDE_1.18.0/STM32CubeIDE/plugins/com.st.stm32cube.ide.mcu.externaltools.gnu-tools-for-stm32.13.3.rel1.win32_1.0.0.202411081344/tools/bin/../lib/gcc/arm-none-eabi/13.3.1/../../../../arm-none-eabi/lib/thumb/v7e-m+fp/hard\libc_nano.a(libc_a-mallocr.o)
                0x200002b4                __malloc_sbrk_start
 .bss.__malloc_free_list
                0x200002b8        0x4 C:/ST/STM32CubeIDE_1.18.0/STM32CubeIDE/plugins/com.st.stm32cube.ide.mcu.externaltools.gnu-tools-for-stm32.13.3.rel1.win32_1.0.0.202411081344/tools/bin/../lib/gcc/arm-none-eabi/13.3.1/../../../../arm-none-eabi/lib/thumb/v7e-m+fp/hard\libc_nano.a(libc_a-mallocr.o)
                0x200002b8                __malloc_free_list
 *(COMMON)
                0x200002bc                        . = ALIGN (0x4)
                0x200002bc                        _ebss = .
                0x200002bc                        __bss_end__ = _ebss

._user_heap_stack
                0x200002bc      0x604 load address 0x0800d0f8
                0x200002c0                        . = ALIGN (0x8)
 *fill*         0x200002bc        0x4 
                [!provide]                        PROVIDE (end = .)
                0x200002c0                        PROVIDE (_end = .)
                0x200004c0                        . = (. + _Min_Heap_Size)
 *fill*         0x200002c0      0x200 
                0x200008c0                        . = (. + _Min_Stack_Size)
 *fill*         0x200004c0      0x400 
                0x200008c0                        . = ALIGN (0x8)

/DISCARD/
 libc.a(*)
 libm.a(*)
 libgcc.a(*)

.ARM.attributes
                0x00000000       0x30
 *(.ARM.attributes)
 .ARM.attributes
                0x00000000       0x22 C:/ST/STM32CubeIDE_1.18.0/STM32CubeIDE/plugins/com.st.stm32cube.ide.mcu.externaltools.gnu-tools-for-stm32.13.3.rel1.win32_1.0.0.202411081344/tools/bin/../lib/gcc/arm-none-eabi/13.3.1/thumb/v7e-m+fp/hard/crti.o
 .ARM.attributes
                0x00000022       0x34 C:/ST/STM32CubeIDE_1.18.0/STM32CubeIDE/plugins/com.st.stm32cube.ide.mcu.externaltools.gnu-tools-for-stm32.13.3.rel1.win32_1.0.0.202411081344/tools/bin/../lib/gcc/arm-none-eabi/13.3.1/thumb/v7e-m+fp/hard/crtbegin.o
 .ARM.attributes
                0x00000056       0x34 ./Application/User/Core/gpio.o
 .ARM.attributes
                0x0000008a       0x34 ./Application/User/Core/main.o
 .ARM.attributes
                0x000000be       0x34 ./Application/User/Core/rtc.o
 .ARM.attributes
                0x000000f2       0x34 ./Application/User/Core/stm32l4xx_hal_msp.o
 .ARM.attributes
                0x00000126       0x34 ./Application/User/Core/stm32l4xx_it.o
 .ARM.attributes
                0x0000015a       0x34 ./Application/User/Core/sysmem.o
 .ARM.attributes
                0x0000018e       0x34 ./Application/User/Core/update_utils.o
 .ARM.attributes
                0x000001c2       0x34 ./Application/User/Core/usart.o
 .ARM.attributes
                0x000001f6       0x21 ./Application/User/Startup/startup_stm32l476rgtx.o
 .ARM.attributes
                0x00000217       0x34 ./Drivers/CMSIS/system_stm32l4xx.o
 .ARM.attributes
                0x0000024b       0x34 ./Drivers/STM32L4xx_HAL_Driver/stm32l4xx_hal.o
 .ARM.attributes
                0x0000027f       0x34 ./Drivers/STM32L4xx_HAL_Driver/stm32l4xx_hal_cortex.o
 .ARM.attributes
                0x000002b3       0x34 ./Drivers/STM32L4xx_HAL_Driver/stm32l4xx_hal_dma.o
 .ARM.attributes
                0x000002e7       0x34 ./Drivers/STM32L4xx_HAL_Driver/stm32l4xx_hal_gpio.o
 .ARM.attributes
                0x0000031b       0x34 ./Drivers/STM32L4xx_HAL_Driver/stm32l4xx_hal_pwr.o
 .ARM.attributes
                0x0000034f       0x34 ./Drivers/STM32L4xx_HAL_Driver/stm32l4xx_hal_pwr_ex.o
 .ARM.attributes
                0x00000383       0x34 ./Drivers/STM32L4xx_HAL_Driver/stm32l4xx_hal_rcc.o
 .ARM.attributes
                0x000003b7       0x34 ./Drivers/STM32L4xx_HAL_Driver/stm32l4xx_hal_rcc_ex.o
 .ARM.attributes
                0x000003eb       0x34 ./Drivers/STM32L4xx_HAL_Driver/stm32l4xx_hal_rtc.o
 .ARM.attributes
                0x0000041f       0x34 ./Drivers/STM32L4xx_HAL_Driver/stm32l4xx_hal_rtc_ex.o
 .ARM.attributes
                0x00000453       0x34 ./Drivers/STM32L4xx_HAL_Driver/stm32l4xx_hal_uart.o
 .ARM.attributes
                0x00000487       0x34 ./Drivers/STM32L4xx_HAL_Driver/stm32l4xx_hal_uart_ex.o
 .ARM.attributes
                0x000004bb       0x34 C:/ST/STM32CubeIDE_1.18.0/STM32CubeIDE/plugins/com.st.stm32cube.ide.mcu.externaltools.gnu-tools-for-stm32.13.3.rel1.win32_1.0.0.202411081344/tools/bin/../lib/gcc/arm-none-eabi/13.3.1/../../../../arm-none-eabi/lib/thumb/v7e-m+fp/hard\libc_nano.a(libc_a-findfp.o)
 .ARM.attributes
                0x000004ef       0x34 C:/ST/STM32CubeIDE_1.18.0/STM32CubeIDE/plugins/com.st.stm32cube.ide.mcu.externaltools.gnu-tools-for-stm32.13.3.rel1.win32_1.0.0.202411081344/tools/bin/../lib/gcc/arm-none-eabi/13.3.1/../../../../arm-none-eabi/lib/thumb/v7e-m+fp/hard\libc_nano.a(libc_a-snprintf.o)
 .ARM.attributes
                0x00000523       0x34 C:/ST/STM32CubeIDE_1.18.0/STM32CubeIDE/plugins/com.st.stm32cube.ide.mcu.externaltools.gnu-tools-for-stm32.13.3.rel1.win32_1.0.0.202411081344/tools/bin/../lib/gcc/arm-none-eabi/13.3.1/../../../../arm-none-eabi/lib/thumb/v7e-m+fp/hard\libc_nano.a(libc_a-memset.o)
 .ARM.attributes
                0x00000557       0x34 C:/ST/STM32CubeIDE_1.18.0/STM32CubeIDE/plugins/com.st.stm32cube.ide.mcu.externaltools.gnu-tools-for-stm32.13.3.rel1.win32_1.0.0.202411081344/tools/bin/../lib/gcc/arm-none-eabi/13.3.1/../../../../arm-none-eabi/lib/thumb/v7e-m+fp/hard\libc_nano.a(libc_a-reent.o)
 .ARM.attributes
                0x0000058b       0x34 C:/ST/STM32CubeIDE_1.18.0/STM32CubeIDE/plugins/com.st.stm32cube.ide.mcu.externaltools.gnu-tools-for-stm32.13.3.rel1.win32_1.0.0.202411081344/tools/bin/../lib/gcc/arm-none-eabi/13.3.1/../../../../arm-none-eabi/lib/thumb/v7e-m+fp/hard\libc_nano.a(libc_a-impure.o)
 .ARM.attributes
                0x000005bf       0x34 C:/ST/STM32CubeIDE_1.18.0/STM32CubeIDE/plugins/com.st.stm32cube.ide.mcu.externaltools.gnu-tools-for-stm32.13.3.rel1.win32_1.0.0.202411081344/tools/bin/../lib/gcc/arm-none-eabi/13.3.1/../../../../arm-none-eabi/lib/thumb/v7e-m+fp/hard\libc_nano.a(libc_a-errno.o)
 .ARM.attributes
                0x000005f3       0x34 C:/ST/STM32CubeIDE_1.18.0/STM32CubeIDE/plugins/com.st.stm32cube.ide.mcu.externaltools.gnu-tools-for-stm32.13.3.rel1.win32_1.0.0.202411081344/tools/bin/../lib/gcc/arm-none-eabi/13.3.1/../../../../arm-none-eabi/lib/thumb/v7e-m+fp/hard\libc_nano.a(libc_a-init.o)
 .ARM.attributes
                0x00000627       0x34 C:/ST/STM32CubeIDE_1.18.0/STM32CubeIDE/plugins/com.st.stm32cube.ide.mcu.externaltools.gnu-tools-for-stm32.13.3.rel1.win32_1.0.0.202411081344/tools/bin/../lib/gcc/arm-none-eabi/13.3.1/../../../../arm-none-eabi/lib/thumb/v7e-m+fp/hard\libc_nano.a(libc_a-lock.o)
 .ARM.attributes
                0x0000065b       0x20 C:/ST/STM32CubeIDE_1.18.0/STM32CubeIDE/plugins/com.st.stm32cube.ide.mcu.externaltools.gnu-tools-for-stm32.13.3.rel1.win32_1.0.0.202411081344/tools/bin/../lib/gcc/arm-none-eabi/13.3.1/../../../../arm-none-eabi/lib/thumb/v7e-m+fp/hard\libc_nano.a(libc_a-strcmp.o)
 .ARM.attributes
                0x0000067b       0x17 C:/ST/STM32CubeIDE_1.18.0/STM32CubeIDE/plugins/com.st.stm32cube.ide.mcu.externaltools.gnu-tools-for-stm32.13.3.rel1.win32_1.0.0.202411081344/tools/bin/../lib/gcc/arm-none-eabi/13.3.1/../../../../arm-none-eabi/lib/thumb/v7e-m+fp/hard\libc_nano.a(libc_a-strlen.o)
 .ARM.attributes
                0x00000692       0x34 C:/ST/STM32CubeIDE_1.18.0/STM32CubeIDE/plugins/com.st.stm32cube.ide.mcu.externaltools.gnu-tools-for-stm32.13.3.rel1.win32_1.0.0.202411081344/tools/bin/../lib/gcc/arm-none-eabi/13.3.1/../../../../arm-none-eabi/lib/thumb/v7e-m+fp/hard\libc_nano.a(libc_a-freer.o)
 .ARM.attributes
                0x000006c6       0x34 C:/ST/STM32CubeIDE_1.18.0/STM32CubeIDE/plugins/com.st.stm32cube.ide.mcu.externaltools.gnu-tools-for-stm32.13.3.rel1.win32_1.0.0.202411081344/tools/bin/../lib/gcc/arm-none-eabi/13.3.1/../../../../arm-none-eabi/lib/thumb/v7e-m+fp/hard\libc_nano.a(libc_a-mallocr.o)
 .ARM.attributes
                0x000006fa       0x34 C:/ST/STM32CubeIDE_1.18.0/STM32CubeIDE/plugins/com.st.stm32cube.ide.mcu.externaltools.gnu-tools-for-stm32.13.3.rel1.win32_1.0.0.202411081344/tools/bin/../lib/gcc/arm-none-eabi/13.3.1/../../../../arm-none-eabi/lib/thumb/v7e-m+fp/hard\libc_nano.a(libc_a-mlock.o)
 .ARM.attributes
                0x0000072e       0x34 C:/ST/STM32CubeIDE_1.18.0/STM32CubeIDE/plugins/com.st.stm32cube.ide.mcu.externaltools.gnu-tools-for-stm32.13.3.rel1.win32_1.0.0.202411081344/tools/bin/../lib/gcc/arm-none-eabi/13.3.1/../../../../arm-none-eabi/lib/thumb/v7e-m+fp/hard\libc_nano.a(libc_a-nano-svfprintf.o)
 .ARM.attributes
                0x00000762       0x34 C:/ST/STM32CubeIDE_1.18.0/STM32CubeIDE/plugins/com.st.stm32cube.ide.mcu.externaltools.gnu-tools-for-stm32.13.3.rel1.win32_1.0.0.202411081344/tools/bin/../lib/gcc/arm-none-eabi/13.3.1/../../../../arm-none-eabi/lib/thumb/v7e-m+fp/hard\libc_nano.a(libc_a-nano-vfprintf_i.o)
 .ARM.attributes
                0x00000796       0x34 C:/ST/STM32CubeIDE_1.18.0/STM32CubeIDE/plugins/com.st.stm32cube.ide.mcu.externaltools.gnu-tools-for-stm32.13.3.rel1.win32_1.0.0.202411081344/tools/bin/../lib/gcc/arm-none-eabi/13.3.1/../../../../arm-none-eabi/lib/thumb/v7e-m+fp/hard\libc_nano.a(libc_a-memmove.o)
 .ARM.attributes
                0x000007ca       0x34 C:/ST/STM32CubeIDE_1.18.0/STM32CubeIDE/plugins/com.st.stm32cube.ide.mcu.externaltools.gnu-tools-for-stm32.13.3.rel1.win32_1.0.0.202411081344/tools/bin/../lib/gcc/arm-none-eabi/13.3.1/../../../../arm-none-eabi/lib/thumb/v7e-m+fp/hard\libc_nano.a(libc_a-sbrkr.o)
 .ARM.attributes
                0x000007fe       0x1c C:/ST/STM32CubeIDE_1.18.0/STM32CubeIDE/plugins/com.st.stm32cube.ide.mcu.externaltools.gnu-tools-for-stm32.13.3.rel1.win32_1.0.0.202411081344/tools/bin/../lib/gcc/arm-none-eabi/13.3.1/../../../../arm-none-eabi/lib/thumb/v7e-m+fp/hard\libc_nano.a(libc_a-memchr.o)
 .ARM.attributes
                0x0000081a       0x34 C:/ST/STM32CubeIDE_1.18.0/STM32CubeIDE/plugins/com.st.stm32cube.ide.mcu.externaltools.gnu-tools-for-stm32.13.3.rel1.win32_1.0.0.202411081344/tools/bin/../lib/gcc/arm-none-eabi/13.3.1/../../../../arm-none-eabi/lib/thumb/v7e-m+fp/hard\libc_nano.a(libc_a-memcpy-stub.o)
 .ARM.attributes
                0x0000084e       0x34 C:/ST/STM32CubeIDE_1.18.0/STM32CubeIDE/plugins/com.st.stm32cube.ide.mcu.externaltools.gnu-tools-for-stm32.13.3.rel1.win32_1.0.0.202411081344/tools/bin/../lib/gcc/arm-none-eabi/13.3.1/../../../../arm-none-eabi/lib/thumb/v7e-m+fp/hard\libc_nano.a(libc_a-reallocr.o)
 .ARM.attributes
                0x00000882       0x34 C:/ST/STM32CubeIDE_1.18.0/STM32CubeIDE/plugins/com.st.stm32cube.ide.mcu.externaltools.gnu-tools-for-stm32.13.3.rel1.win32_1.0.0.202411081344/tools/bin/../lib/gcc/arm-none-eabi/13.3.1/../../../../arm-none-eabi/lib/thumb/v7e-m+fp/hard\libc_nano.a(libc_a-msizer.o)
 .ARM.attributes
                0x000008b6       0x22 C:/ST/STM32CubeIDE_1.18.0/STM32CubeIDE/plugins/com.st.stm32cube.ide.mcu.externaltools.gnu-tools-for-stm32.13.3.rel1.win32_1.0.0.202411081344/tools/bin/../lib/gcc/arm-none-eabi/13.3.1/thumb/v7e-m+fp/hard\libgcc.a(_aeabi_uldivmod.o)
 .ARM.attributes
                0x000008d8       0x34 C:/ST/STM32CubeIDE_1.18.0/STM32CubeIDE/plugins/com.st.stm32cube.ide.mcu.externaltools.gnu-tools-for-stm32.13.3.rel1.win32_1.0.0.202411081344/tools/bin/../lib/gcc/arm-none-eabi/13.3.1/thumb/v7e-m+fp/hard\libgcc.a(_udivmoddi4.o)
 .ARM.attributes
                0x0000090c       0x22 C:/ST/STM32CubeIDE_1.18.0/STM32CubeIDE/plugins/com.st.stm32cube.ide.mcu.externaltools.gnu-tools-for-stm32.13.3.rel1.win32_1.0.0.202411081344/tools/bin/../lib/gcc/arm-none-eabi/13.3.1/thumb/v7e-m+fp/hard\libgcc.a(_dvmd_tls.o)
 .ARM.attributes
                0x0000092e       0x22 C:/ST/STM32CubeIDE_1.18.0/STM32CubeIDE/plugins/com.st.stm32cube.ide.mcu.externaltools.gnu-tools-for-stm32.13.3.rel1.win32_1.0.0.202411081344/tools/bin/../lib/gcc/arm-none-eabi/13.3.1/thumb/v7e-m+fp/hard/crtn.o
OUTPUT(main_application.elf elf32-littlearm)
LOAD linker stubs
LOAD C:/ST/STM32CubeIDE_1.18.0/STM32CubeIDE/plugins/com.st.stm32cube.ide.mcu.externaltools.gnu-tools-for-stm32.13.3.rel1.win32_1.0.0.202411081344/tools/bin/../lib/gcc/arm-none-eabi/13.3.1/../../../../arm-none-eabi/lib/thumb/v7e-m+fp/hard\libc.a
LOAD C:/ST/STM32CubeIDE_1.18.0/STM32CubeIDE/plugins/com.st.stm32cube.ide.mcu.externaltools.gnu-tools-for-stm32.13.3.rel1.win32_1.0.0.202411081344/tools/bin/../lib/gcc/arm-none-eabi/13.3.1/../../../../arm-none-eabi/lib/thumb/v7e-m+fp/hard\libm.a
LOAD C:/ST/STM32CubeIDE_1.18.0/STM32CubeIDE/plugins/com.st.stm32cube.ide.mcu.externaltools.gnu-tools-for-stm32.13.3.rel1.win32_1.0.0.202411081344/tools/bin/../lib/gcc/arm-none-eabi/13.3.1/thumb/v7e-m+fp/hard\libgcc.a

.debug_info     0x00000000     0xfec4
 .debug_info    0x00000000      0x473 ./Application/User/Core/gpio.o
 .debug_info    0x00000473      0xdf4 ./Application/User/Core/main.o
 .debug_info    0x00001267      0x9bd ./Application/User/Core/rtc.o
 .debug_info    0x00001c24      0x2b9 ./Application/User/Core/stm32l4xx_hal_msp.o
 .debug_info    0x00001edd      0x72d ./Application/User/Core/stm32l4xx_it.o
 .debug_info    0x0000260a      0x168 ./Application/User/Core/sysmem.o
 .debug_info    0x00002772      0x663 ./Application/User/Core/update_utils.o
 .debug_info    0x00002dd5      0xf9a ./Application/User/Core/usart.o
 .debug_info    0x00003d6f       0x30 ./Application/User/Startup/startup_stm32l476rgtx.o
 .debug_info    0x00003d9f      0x5b1 ./Drivers/CMSIS/system_stm32l4xx.o
 .debug_info    0x00004350      0xc09 ./Drivers/STM32L4xx_HAL_Driver/stm32l4xx_hal.o
 .debug_info    0x00004f59      0xd81 ./Drivers/STM32L4xx_HAL_Driver/stm32l4xx_hal_cortex.o
 .debug_info    0x00005cda      0x6f4 ./Drivers/STM32L4xx_HAL_Driver/stm32l4xx_hal_dma.o
 .debug_info    0x000063ce      0x757 ./Drivers/STM32L4xx_HAL_Driver/stm32l4xx_hal_gpio.o
 .debug_info    0x00006b25      0x91e ./Drivers/STM32L4xx_HAL_Driver/stm32l4xx_hal_pwr.o
 .debug_info    0x00007443      0x99e ./Drivers/STM32L4xx_HAL_Driver/stm32l4xx_hal_pwr_ex.o
 .debug_info    0x00007de1      0xc14 ./Drivers/STM32L4xx_HAL_Driver/stm32l4xx_hal_rcc.o
 .debug_info    0x000089f5      0xe11 ./Drivers/STM32L4xx_HAL_Driver/stm32l4xx_hal_rcc_ex.o
 .debug_info    0x00009806      0xd7d ./Drivers/STM32L4xx_HAL_Driver/stm32l4xx_hal_rtc.o
 .debug_info    0x0000a583      0xfd9 ./Drivers/STM32L4xx_HAL_Driver/stm32l4xx_hal_rtc_ex.o
 .debug_info    0x0000b55c     0x3b69 ./Drivers/STM32L4xx_HAL_Driver/stm32l4xx_hal_uart.o
 .debug_info    0x0000f0c5      0xdff ./Drivers/STM32L4xx_HAL_Driver/stm32l4xx_hal_uart_ex.o

.debug_abbrev   0x00000000     0x28f2
 .debug_abbrev  0x00000000      0x152 ./Application/User/Core/gpio.o
 .debug_abbrev  0x00000152      0x2a6 ./Application/User/Core/main.o
 .debug_abbrev  0x000003f8      0x196 ./Application/User/Core/rtc.o
 .debug_abbrev  0x0000058e       0xc6 ./Application/User/Core/stm32l4xx_hal_msp.o
 .debug_abbrev  0x00000654      0x172 ./Application/User/Core/stm32l4xx_it.o
 .debug_abbrev  0x000007c6       0xbc ./Application/User/Core/sysmem.o
 .debug_abbrev  0x00000882      0x14b ./Application/User/Core/update_utils.o
 .debug_abbrev  0x000009cd      0x1fb ./Application/User/Core/usart.o
 .debug_abbrev  0x00000bc8       0x24 ./Application/User/Startup/startup_stm32l476rgtx.o
 .debug_abbrev  0x00000bec      0x11a ./Drivers/CMSIS/system_stm32l4xx.o
 .debug_abbrev  0x00000d06      0x243 ./Drivers/STM32L4xx_HAL_Driver/stm32l4xx_hal.o
 .debug_abbrev  0x00000f49      0x31c ./Drivers/STM32L4xx_HAL_Driver/stm32l4xx_hal_cortex.o
 .debug_abbrev  0x00001265      0x1e4 ./Drivers/STM32L4xx_HAL_Driver/stm32l4xx_hal_dma.o
 .debug_abbrev  0x00001449      0x1cb ./Drivers/STM32L4xx_HAL_Driver/stm32l4xx_hal_gpio.o
 .debug_abbrev  0x00001614      0x1d4 ./Drivers/STM32L4xx_HAL_Driver/stm32l4xx_hal_pwr.o
 .debug_abbrev  0x000017e8      0x1f9 ./Drivers/STM32L4xx_HAL_Driver/stm32l4xx_hal_pwr_ex.o
 .debug_abbrev  0x000019e1      0x2cb ./Drivers/STM32L4xx_HAL_Driver/stm32l4xx_hal_rcc.o
 .debug_abbrev  0x00001cac      0x2a6 ./Drivers/STM32L4xx_HAL_Driver/stm32l4xx_hal_rcc_ex.o
 .debug_abbrev  0x00001f52      0x201 ./Drivers/STM32L4xx_HAL_Driver/stm32l4xx_hal_rtc.o
 .debug_abbrev  0x00002153      0x211 ./Drivers/STM32L4xx_HAL_Driver/stm32l4xx_hal_rtc_ex.o
 .debug_abbrev  0x00002364      0x2d0 ./Drivers/STM32L4xx_HAL_Driver/stm32l4xx_hal_uart.o
 .debug_abbrev  0x00002634      0x2be ./Drivers/STM32L4xx_HAL_Driver/stm32l4xx_hal_uart_ex.o

.debug_aranges  0x00000000      0xd30
 .debug_aranges
                0x00000000       0x20 ./Application/User/Core/gpio.o
 .debug_aranges
                0x00000020       0x50 ./Application/User/Core/main.o
 .debug_aranges
                0x00000070       0x30 ./Application/User/Core/rtc.o
 .debug_aranges
                0x000000a0       0x20 ./Application/User/Core/stm32l4xx_hal_msp.o
 .debug_aranges
                0x000000c0       0x68 ./Application/User/Core/stm32l4xx_it.o
 .debug_aranges
                0x00000128       0x20 ./Application/User/Core/sysmem.o
 .debug_aranges
                0x00000148       0x20 ./Application/User/Core/update_utils.o
 .debug_aranges
                0x00000168       0x30 ./Application/User/Core/usart.o
 .debug_aranges
                0x00000198       0x28 ./Application/User/Startup/startup_stm32l476rgtx.o
 .debug_aranges
                0x000001c0       0x28 ./Drivers/CMSIS/system_stm32l4xx.o
 .debug_aranges
                0x000001e8      0x130 ./Drivers/STM32L4xx_HAL_Driver/stm32l4xx_hal.o
 .debug_aranges
                0x00000318      0x128 ./Drivers/STM32L4xx_HAL_Driver/stm32l4xx_hal_cortex.o
 .debug_aranges
                0x00000440       0x80 ./Drivers/STM32L4xx_HAL_Driver/stm32l4xx_hal_dma.o
 .debug_aranges
                0x000004c0       0x58 ./Drivers/STM32L4xx_HAL_Driver/stm32l4xx_hal_gpio.o
 .debug_aranges
                0x00000518       0x98 ./Drivers/STM32L4xx_HAL_Driver/stm32l4xx_hal_pwr.o
 .debug_aranges
                0x000005b0      0x160 ./Drivers/STM32L4xx_HAL_Driver/stm32l4xx_hal_pwr_ex.o
 .debug_aranges
                0x00000710       0x90 ./Drivers/STM32L4xx_HAL_Driver/stm32l4xx_hal_rcc.o
 .debug_aranges
                0x000007a0       0xc0 ./Drivers/STM32L4xx_HAL_Driver/stm32l4xx_hal_rcc_ex.o
 .debug_aranges
                0x00000860       0xe8 ./Drivers/STM32L4xx_HAL_Driver/stm32l4xx_hal_rtc.o
 .debug_aranges
                0x00000948      0x140 ./Drivers/STM32L4xx_HAL_Driver/stm32l4xx_hal_rtc_ex.o
 .debug_aranges
                0x00000a88      0x228 ./Drivers/STM32L4xx_HAL_Driver/stm32l4xx_hal_uart.o
 .debug_aranges
                0x00000cb0       0x80 ./Drivers/STM32L4xx_HAL_Driver/stm32l4xx_hal_uart_ex.o

.debug_rnglists
                0x00000000      0xa02
 .debug_rnglists
                0x00000000       0x14 ./Application/User/Core/gpio.o
 .debug_rnglists
                0x00000014       0x3a ./Application/User/Core/main.o
 .debug_rnglists
                0x0000004e       0x1f ./Application/User/Core/rtc.o
 .debug_rnglists
                0x0000006d       0x13 ./Application/User/Core/stm32l4xx_hal_msp.o
 .debug_rnglists
                0x00000080       0x49 ./Application/User/Core/stm32l4xx_it.o
 .debug_rnglists
                0x000000c9       0x13 ./Application/User/Core/sysmem.o
 .debug_rnglists
                0x000000dc       0x13 ./Application/User/Core/update_utils.o
 .debug_rnglists
                0x000000ef       0x20 ./Application/User/Core/usart.o
 .debug_rnglists
                0x0000010f       0x19 ./Application/User/Startup/startup_stm32l476rgtx.o
 .debug_rnglists
                0x00000128       0x1a ./Drivers/CMSIS/system_stm32l4xx.o
 .debug_rnglists
                0x00000142       0xdf ./Drivers/STM32L4xx_HAL_Driver/stm32l4xx_hal.o
 .debug_rnglists
                0x00000221       0xda ./Drivers/STM32L4xx_HAL_Driver/stm32l4xx_hal_cortex.o
 .debug_rnglists
                0x000002fb       0x64 ./Drivers/STM32L4xx_HAL_Driver/stm32l4xx_hal_dma.o
 .debug_rnglists
                0x0000035f       0x3f ./Drivers/STM32L4xx_HAL_Driver/stm32l4xx_hal_gpio.o
 .debug_rnglists
                0x0000039e       0x6e ./Drivers/STM32L4xx_HAL_Driver/stm32l4xx_hal_pwr.o
 .debug_rnglists
                0x0000040c      0x109 ./Drivers/STM32L4xx_HAL_Driver/stm32l4xx_hal_pwr_ex.o
 .debug_rnglists
                0x00000515       0x6d ./Drivers/STM32L4xx_HAL_Driver/stm32l4xx_hal_rcc.o
 .debug_rnglists
                0x00000582       0x95 ./Drivers/STM32L4xx_HAL_Driver/stm32l4xx_hal_rcc_ex.o
 .debug_rnglists
                0x00000617       0xb4 ./Drivers/STM32L4xx_HAL_Driver/stm32l4xx_hal_rtc.o
 .debug_rnglists
                0x000006cb       0xfc ./Drivers/STM32L4xx_HAL_Driver/stm32l4xx_hal_rtc_ex.o
 .debug_rnglists
                0x000007c7      0x1db ./Drivers/STM32L4xx_HAL_Driver/stm32l4xx_hal_uart.o
 .debug_rnglists
                0x000009a2       0x60 ./Drivers/STM32L4xx_HAL_Driver/stm32l4xx_hal_uart_ex.o

.debug_macro    0x00000000    0x275cc
 .debug_macro   0x00000000      0x1de ./Application/User/Core/gpio.o
 .debug_macro   0x000001de      0xad8 ./Application/User/Core/gpio.o
 .debug_macro   0x00000cb6      0x1a7 ./Application/User/Core/gpio.o
 .debug_macro   0x00000e5d       0x2e ./Application/User/Core/gpio.o
 .debug_macro   0x00000e8b       0x28 ./Application/User/Core/gpio.o
 .debug_macro   0x00000eb3       0x22 ./Application/User/Core/gpio.o
 .debug_macro   0x00000ed5       0x8e ./Application/User/Core/gpio.o
 .debug_macro   0x00000f63       0x51 ./Application/User/Core/gpio.o
 .debug_macro   0x00000fb4      0x103 ./Application/User/Core/gpio.o
 .debug_macro   0x000010b7       0x6a ./Application/User/Core/gpio.o
 .debug_macro   0x00001121      0x1df ./Application/User/Core/gpio.o
 .debug_macro   0x00001300       0x1c ./Application/User/Core/gpio.o
 .debug_macro   0x0000131c       0x22 ./Application/User/Core/gpio.o
 .debug_macro   0x0000133e       0xfb ./Application/User/Core/gpio.o
 .debug_macro   0x00001439     0x1011 ./Application/User/Core/gpio.o
 .debug_macro   0x0000244a      0x11f ./Application/User/Core/gpio.o
 .debug_macro   0x00002569    0x1a17a ./Application/User/Core/gpio.o
 .debug_macro   0x0001c6e3       0x6d ./Application/User/Core/gpio.o
 .debug_macro   0x0001c750     0x38fb ./Application/User/Core/gpio.o
 .debug_macro   0x0002004b      0x190 ./Application/User/Core/gpio.o
 .debug_macro   0x000201db       0x5c ./Application/User/Core/gpio.o
 .debug_macro   0x00020237     0x159e ./Application/User/Core/gpio.o
 .debug_macro   0x000217d5      0x5a5 ./Application/User/Core/gpio.o
 .debug_macro   0x00021d7a      0x1b9 ./Application/User/Core/gpio.o
 .debug_macro   0x00021f33      0x18b ./Application/User/Core/gpio.o
 .debug_macro   0x000220be      0x26b ./Application/User/Core/gpio.o
 .debug_macro   0x00022329      0x23d ./Application/User/Core/gpio.o
 .debug_macro   0x00022566      0x241 ./Application/User/Core/gpio.o
 .debug_macro   0x000227a7      0x37c ./Application/User/Core/gpio.o
 .debug_macro   0x00022b23       0xd6 ./Application/User/Core/gpio.o
 .debug_macro   0x00022bf9      0x122 ./Application/User/Core/gpio.o
 .debug_macro   0x00022d1b      0x3ef ./Application/User/Core/gpio.o
 .debug_macro   0x0002310a      0x321 ./Application/User/Core/gpio.o
 .debug_macro   0x0002342b      0x4fb ./Application/User/Core/gpio.o
 .debug_macro   0x00023926       0xeb ./Application/User/Core/gpio.o
 .debug_macro   0x00023a11      0x5cf ./Application/User/Core/gpio.o
 .debug_macro   0x00023fe0       0x44 ./Application/User/Core/gpio.o
 .debug_macro   0x00024024      0x330 ./Application/User/Core/gpio.o
 .debug_macro   0x00024354       0x58 ./Application/User/Core/gpio.o
 .debug_macro   0x000243ac      0x31f ./Application/User/Core/main.o
 .debug_macro   0x000246cb       0x61 ./Application/User/Core/main.o
 .debug_macro   0x0002472c       0x2a ./Application/User/Core/main.o
 .debug_macro   0x00024756       0x43 ./Application/User/Core/main.o
 .debug_macro   0x00024799       0x34 ./Application/User/Core/main.o
 .debug_macro   0x000247cd      0x370 ./Application/User/Core/main.o
 .debug_macro   0x00024b3d       0x16 ./Application/User/Core/main.o
 .debug_macro   0x00024b53       0x4a ./Application/User/Core/main.o
 .debug_macro   0x00024b9d       0x34 ./Application/User/Core/main.o
 .debug_macro   0x00024bd1       0x10 ./Application/User/Core/main.o
 .debug_macro   0x00024be1       0x58 ./Application/User/Core/main.o
 .debug_macro   0x00024c39       0x8e ./Application/User/Core/main.o
 .debug_macro   0x00024cc7       0x1c ./Application/User/Core/main.o
 .debug_macro   0x00024ce3      0x185 ./Application/User/Core/main.o
 .debug_macro   0x00024e68       0x10 ./Application/User/Core/main.o
 .debug_macro   0x00024e78       0x3c ./Application/User/Core/main.o
 .debug_macro   0x00024eb4       0x20 ./Application/User/Core/main.o
 .debug_macro   0x00024ed4       0x1c ./Application/User/Core/main.o
 .debug_macro   0x00024ef0       0x10 ./Application/User/Core/main.o
 .debug_macro   0x00024f00       0x1c ./Application/User/Core/main.o
 .debug_macro   0x00024f1c       0x16 ./Application/User/Core/main.o
 .debug_macro   0x00024f32      0x146 ./Application/User/Core/main.o
 .debug_macro   0x00025078       0x16 ./Application/User/Core/main.o
 .debug_macro   0x0002508e      0x1de ./Application/User/Core/rtc.o
 .debug_macro   0x0002526c      0x1d4 ./Application/User/Core/stm32l4xx_hal_msp.o
 .debug_macro   0x00025440      0x1de ./Application/User/Core/stm32l4xx_it.o
 .debug_macro   0x0002561e      0x112 ./Application/User/Core/sysmem.o
 .debug_macro   0x00025730      0x23c ./Application/User/Core/sysmem.o
 .debug_macro   0x0002596c      0x1ee ./Application/User/Core/update_utils.o
 .debug_macro   0x00025b5a       0x5e ./Application/User/Core/update_utils.o
 .debug_macro   0x00025bb8      0x1de ./Application/User/Core/usart.o
 .debug_macro   0x00025d96      0x1c5 ./Drivers/CMSIS/system_stm32l4xx.o
 .debug_macro   0x00025f5b      0x213 ./Drivers/STM32L4xx_HAL_Driver/stm32l4xx_hal.o
 .debug_macro   0x0002616e      0x1c5 ./Drivers/STM32L4xx_HAL_Driver/stm32l4xx_hal_cortex.o
 .debug_macro   0x00026333      0x1c5 ./Drivers/STM32L4xx_HAL_Driver/stm32l4xx_hal_dma.o
 .debug_macro   0x000264f8      0x1cc ./Drivers/STM32L4xx_HAL_Driver/stm32l4xx_hal_gpio.o
 .debug_macro   0x000266c4      0x1dd ./Drivers/STM32L4xx_HAL_Driver/stm32l4xx_hal_pwr.o
 .debug_macro   0x000268a1      0x1e9 ./Drivers/STM32L4xx_HAL_Driver/stm32l4xx_hal_pwr_ex.o
 .debug_macro   0x00026a8a      0x207 ./Drivers/STM32L4xx_HAL_Driver/stm32l4xx_hal_rcc.o
 .debug_macro   0x00026c91      0x1fb ./Drivers/STM32L4xx_HAL_Driver/stm32l4xx_hal_rcc_ex.o
 .debug_macro   0x00026e8c      0x1c6 ./Drivers/STM32L4xx_HAL_Driver/stm32l4xx_hal_rtc.o
 .debug_macro   0x00027052      0x1c5 ./Drivers/STM32L4xx_HAL_Driver/stm32l4xx_hal_rtc_ex.o
 .debug_macro   0x00027217      0x1f0 ./Drivers/STM32L4xx_HAL_Driver/stm32l4xx_hal_uart.o
 .debug_macro   0x00027407      0x1c5 ./Drivers/STM32L4xx_HAL_Driver/stm32l4xx_hal_uart_ex.o

.debug_line     0x00000000    0x11941
 .debug_line    0x00000000      0x7be ./Application/User/Core/gpio.o
 .debug_line    0x000007be      0xb80 ./Application/User/Core/main.o
 .debug_line    0x0000133e      0x811 ./Application/User/Core/rtc.o
 .debug_line    0x00001b4f      0x7a4 ./Application/User/Core/stm32l4xx_hal_msp.o
 .debug_line    0x000022f3      0x86b ./Application/User/Core/stm32l4xx_it.o
 .debug_line    0x00002b5e      0x595 ./Application/User/Core/sysmem.o
 .debug_line    0x000030f3      0x7bc ./Application/User/Core/update_utils.o
 .debug_line    0x000038af      0x831 ./Application/User/Core/usart.o
 .debug_line    0x000040e0       0x7a ./Application/User/Startup/startup_stm32l476rgtx.o
 .debug_line    0x0000415a      0x842 ./Drivers/CMSIS/system_stm32l4xx.o
 .debug_line    0x0000499c      0xbab ./Drivers/STM32L4xx_HAL_Driver/stm32l4xx_hal.o
 .debug_line    0x00005547      0xd45 ./Drivers/STM32L4xx_HAL_Driver/stm32l4xx_hal_cortex.o
 .debug_line    0x0000628c      0xd84 ./Drivers/STM32L4xx_HAL_Driver/stm32l4xx_hal_dma.o
 .debug_line    0x00007010      0xbfe ./Drivers/STM32L4xx_HAL_Driver/stm32l4xx_hal_gpio.o
 .debug_line    0x00007c0e      0x975 ./Drivers/STM32L4xx_HAL_Driver/stm32l4xx_hal_pwr.o
 .debug_line    0x00008583      0xd8c ./Drivers/STM32L4xx_HAL_Driver/stm32l4xx_hal_pwr_ex.o
 .debug_line    0x0000930f     0x10ff ./Drivers/STM32L4xx_HAL_Driver/stm32l4xx_hal_rcc.o
 .debug_line    0x0000a40e     0x15cc ./Drivers/STM32L4xx_HAL_Driver/stm32l4xx_hal_rcc_ex.o
 .debug_line    0x0000b9da     0x1223 ./Drivers/STM32L4xx_HAL_Driver/stm32l4xx_hal_rtc.o
 .debug_line    0x0000cbfd     0x1336 ./Drivers/STM32L4xx_HAL_Driver/stm32l4xx_hal_rtc_ex.o
 .debug_line    0x0000df33     0x2dcd ./Drivers/STM32L4xx_HAL_Driver/stm32l4xx_hal_uart.o
 .debug_line    0x00010d00      0xc41 ./Drivers/STM32L4xx_HAL_Driver/stm32l4xx_hal_uart_ex.o

.debug_str      0x00000000    0xeefde
 .debug_str     0x00000000    0xeefde ./Application/User/Core/gpio.o
                              0xe6c7d (size before relaxing)
 .debug_str     0x000eefde    0xeac18 ./Application/User/Core/main.o
 .debug_str     0x000eefde    0xe713a ./Application/User/Core/rtc.o
 .debug_str     0x000eefde    0xe6bad ./Application/User/Core/stm32l4xx_hal_msp.o
 .debug_str     0x000eefde    0xe6f7d ./Application/User/Core/stm32l4xx_it.o
 .debug_str     0x000eefde     0x77b3 ./Application/User/Core/sysmem.o
 .debug_str     0x000eefde    0xe6ea0 ./Application/User/Core/update_utils.o
 .debug_str     0x000eefde    0xe78ce ./Application/User/Core/usart.o
 .debug_str     0x000eefde       0xb4 ./Application/User/Startup/startup_stm32l476rgtx.o
 .debug_str     0x000eefde    0xe6b4e ./Drivers/CMSIS/system_stm32l4xx.o
 .debug_str     0x000eefde    0xe774d ./Drivers/STM32L4xx_HAL_Driver/stm32l4xx_hal.o
 .debug_str     0x000eefde    0xe73c7 ./Drivers/STM32L4xx_HAL_Driver/stm32l4xx_hal_cortex.o
 .debug_str     0x000eefde    0xe6db8 ./Drivers/STM32L4xx_HAL_Driver/stm32l4xx_hal_dma.o
 .debug_str     0x000eefde    0xe6cc7 ./Drivers/STM32L4xx_HAL_Driver/stm32l4xx_hal_gpio.o
 .debug_str     0x000eefde    0xe6eb9 ./Drivers/STM32L4xx_HAL_Driver/stm32l4xx_hal_pwr.o
 .debug_str     0x000eefde    0xe70a9 ./Drivers/STM32L4xx_HAL_Driver/stm32l4xx_hal_pwr_ex.o
 .debug_str     0x000eefde    0xe7194 ./Drivers/STM32L4xx_HAL_Driver/stm32l4xx_hal_rcc.o
 .debug_str     0x000eefde    0xe730d ./Drivers/STM32L4xx_HAL_Driver/stm32l4xx_hal_rcc_ex.o
 .debug_str     0x000eefde    0xe6fd9 ./Drivers/STM32L4xx_HAL_Driver/stm32l4xx_hal_rtc.o
 .debug_str     0x000eefde    0xe72f4 ./Drivers/STM32L4xx_HAL_Driver/stm32l4xx_hal_rtc_ex.o
 .debug_str     0x000eefde    0xe78a6 ./Drivers/STM32L4xx_HAL_Driver/stm32l4xx_hal_uart.o
 .debug_str     0x000eefde    0xe70d2 ./Drivers/STM32L4xx_HAL_Driver/stm32l4xx_hal_uart_ex.o

.comment        0x00000000       0x43
 .comment       0x00000000       0x43 ./Application/User/Core/gpio.o
                                 0x44 (size before relaxing)
 .comment       0x00000043       0x44 ./Application/User/Core/main.o
 .comment       0x00000043       0x44 ./Application/User/Core/rtc.o
 .comment       0x00000043       0x44 ./Application/User/Core/stm32l4xx_hal_msp.o
 .comment       0x00000043       0x44 ./Application/User/Core/stm32l4xx_it.o
 .comment       0x00000043       0x44 ./Application/User/Core/sysmem.o
 .comment       0x00000043       0x44 ./Application/User/Core/update_utils.o
 .comment       0x00000043       0x44 ./Application/User/Core/usart.o
 .comment       0x00000043       0x44 ./Drivers/CMSIS/system_stm32l4xx.o
 .comment       0x00000043       0x44 ./Drivers/STM32L4xx_HAL_Driver/stm32l4xx_hal.o
 .comment       0x00000043       0x44 ./Drivers/STM32L4xx_HAL_Driver/stm32l4xx_hal_cortex.o
 .comment       0x00000043       0x44 ./Drivers/STM32L4xx_HAL_Driver/stm32l4xx_hal_dma.o
 .comment       0x00000043       0x44 ./Drivers/STM32L4xx_HAL_Driver/stm32l4xx_hal_gpio.o
 .comment       0x00000043       0x44 ./Drivers/STM32L4xx_HAL_Driver/stm32l4xx_hal_pwr.o
 .comment       0x00000043       0x44 ./Drivers/STM32L4xx_HAL_Driver/stm32l4xx_hal_pwr_ex.o
 .comment       0x00000043       0x44 ./Drivers/STM32L4xx_HAL_Driver/stm32l4xx_hal_rcc.o
 .comment       0x00000043       0x44 ./Drivers/STM32L4xx_HAL_Driver/stm32l4xx_hal_rcc_ex.o
 .comment       0x00000043       0x44 ./Drivers/STM32L4xx_HAL_Driver/stm32l4xx_hal_rtc.o
 .comment       0x00000043       0x44 ./Drivers/STM32L4xx_HAL_Driver/stm32l4xx_hal_rtc_ex.o
 .comment       0x00000043       0x44 ./Drivers/STM32L4xx_HAL_Driver/stm32l4xx_hal_uart.o
 .comment       0x00000043       0x44 ./Drivers/STM32L4xx_HAL_Driver/stm32l4xx_hal_uart_ex.o

.debug_frame    0x00000000     0x3964
 .debug_frame   0x00000000       0x34 ./Application/User/Core/gpio.o
 .debug_frame   0x00000034       0xf4 ./Application/User/Core/main.o
 .debug_frame   0x00000128       0x78 ./Application/User/Core/rtc.o
 .debug_frame   0x000001a0       0x38 ./Application/User/Core/stm32l4xx_hal_msp.o
 .debug_frame   0x000001d8      0x120 ./Application/User/Core/stm32l4xx_it.o
 .debug_frame   0x000002f8       0x34 ./Application/User/Core/sysmem.o
 .debug_frame   0x0000032c       0x34 ./Application/User/Core/update_utils.o
 .debug_frame   0x00000360       0x78 ./Application/User/Core/usart.o
 .debug_frame   0x000003d8       0x58 ./Drivers/CMSIS/system_stm32l4xx.o
 .debug_frame   0x00000430      0x498 ./Drivers/STM32L4xx_HAL_Driver/stm32l4xx_hal.o
 .debug_frame   0x000008c8      0x4e8 ./Drivers/STM32L4xx_HAL_Driver/stm32l4xx_hal_cortex.o
 .debug_frame   0x00000db0      0x204 ./Drivers/STM32L4xx_HAL_Driver/stm32l4xx_hal_dma.o
 .debug_frame   0x00000fb4      0x14c ./Drivers/STM32L4xx_HAL_Driver/stm32l4xx_hal_gpio.o
 .debug_frame   0x00001100      0x230 ./Drivers/STM32L4xx_HAL_Driver/stm32l4xx_hal_pwr.o
 .debug_frame   0x00001330      0x584 ./Drivers/STM32L4xx_HAL_Driver/stm32l4xx_hal_pwr_ex.o
 .debug_frame   0x000018b4      0x21c ./Drivers/STM32L4xx_HAL_Driver/stm32l4xx_hal_rcc.o
 .debug_frame   0x00001ad0      0x2fc ./Drivers/STM32L4xx_HAL_Driver/stm32l4xx_hal_rcc_ex.o
 .debug_frame   0x00001dcc      0x3f4 ./Drivers/STM32L4xx_HAL_Driver/stm32l4xx_hal_rtc.o
 .debug_frame   0x000021c0      0x598 ./Drivers/STM32L4xx_HAL_Driver/stm32l4xx_hal_rtc_ex.o
 .debug_frame   0x00002758      0x9f4 ./Drivers/STM32L4xx_HAL_Driver/stm32l4xx_hal_uart.o
 .debug_frame   0x0000314c      0x204 ./Drivers/STM32L4xx_HAL_Driver/stm32l4xx_hal_uart_ex.o
 .debug_frame   0x00003350      0x144 C:/ST/STM32CubeIDE_1.18.0/STM32CubeIDE/plugins/com.st.stm32cube.ide.mcu.externaltools.gnu-tools-for-stm32.13.3.rel1.win32_1.0.0.202411081344/tools/bin/../lib/gcc/arm-none-eabi/13.3.1/../../../../arm-none-eabi/lib/thumb/v7e-m+fp/hard\libc_nano.a(libc_a-findfp.o)
 .debug_frame   0x00003494       0x7c C:/ST/STM32CubeIDE_1.18.0/STM32CubeIDE/plugins/com.st.stm32cube.ide.mcu.externaltools.gnu-tools-for-stm32.13.3.rel1.win32_1.0.0.202411081344/tools/bin/../lib/gcc/arm-none-eabi/13.3.1/../../../../arm-none-eabi/lib/thumb/v7e-m+fp/hard\libc_nano.a(libc_a-snprintf.o)
 .debug_frame   0x00003510       0x20 C:/ST/STM32CubeIDE_1.18.0/STM32CubeIDE/plugins/com.st.stm32cube.ide.mcu.externaltools.gnu-tools-for-stm32.13.3.rel1.win32_1.0.0.202411081344/tools/bin/../lib/gcc/arm-none-eabi/13.3.1/../../../../arm-none-eabi/lib/thumb/v7e-m+fp/hard\libc_nano.a(libc_a-memset.o)
 .debug_frame   0x00003530       0x38 C:/ST/STM32CubeIDE_1.18.0/STM32CubeIDE/plugins/com.st.stm32cube.ide.mcu.externaltools.gnu-tools-for-stm32.13.3.rel1.win32_1.0.0.202411081344/tools/bin/../lib/gcc/arm-none-eabi/13.3.1/../../../../arm-none-eabi/lib/thumb/v7e-m+fp/hard\libc_nano.a(libc_a-reent.o)
 .debug_frame   0x00003568       0x20 C:/ST/STM32CubeIDE_1.18.0/STM32CubeIDE/plugins/com.st.stm32cube.ide.mcu.externaltools.gnu-tools-for-stm32.13.3.rel1.win32_1.0.0.202411081344/tools/bin/../lib/gcc/arm-none-eabi/13.3.1/../../../../arm-none-eabi/lib/thumb/v7e-m+fp/hard\libc_nano.a(libc_a-errno.o)
 .debug_frame   0x00003588       0x2c C:/ST/STM32CubeIDE_1.18.0/STM32CubeIDE/plugins/com.st.stm32cube.ide.mcu.externaltools.gnu-tools-for-stm32.13.3.rel1.win32_1.0.0.202411081344/tools/bin/../lib/gcc/arm-none-eabi/13.3.1/../../../../arm-none-eabi/lib/thumb/v7e-m+fp/hard\libc_nano.a(libc_a-init.o)
 .debug_frame   0x000035b4       0xb0 C:/ST/STM32CubeIDE_1.18.0/STM32CubeIDE/plugins/com.st.stm32cube.ide.mcu.externaltools.gnu-tools-for-stm32.13.3.rel1.win32_1.0.0.202411081344/tools/bin/../lib/gcc/arm-none-eabi/13.3.1/../../../../arm-none-eabi/lib/thumb/v7e-m+fp/hard\libc_nano.a(libc_a-lock.o)
 .debug_frame   0x00003664       0x20 C:/ST/STM32CubeIDE_1.18.0/STM32CubeIDE/plugins/com.st.stm32cube.ide.mcu.externaltools.gnu-tools-for-stm32.13.3.rel1.win32_1.0.0.202411081344/tools/bin/../lib/gcc/arm-none-eabi/13.3.1/../../../../arm-none-eabi/lib/thumb/v7e-m+fp/hard\libc_nano.a(libc_a-strcmp.o)
 .debug_frame   0x00003684       0x38 C:/ST/STM32CubeIDE_1.18.0/STM32CubeIDE/plugins/com.st.stm32cube.ide.mcu.externaltools.gnu-tools-for-stm32.13.3.rel1.win32_1.0.0.202411081344/tools/bin/../lib/gcc/arm-none-eabi/13.3.1/../../../../arm-none-eabi/lib/thumb/v7e-m+fp/hard\libc_nano.a(libc_a-freer.o)
 .debug_frame   0x000036bc       0x50 C:/ST/STM32CubeIDE_1.18.0/STM32CubeIDE/plugins/com.st.stm32cube.ide.mcu.externaltools.gnu-tools-for-stm32.13.3.rel1.win32_1.0.0.202411081344/tools/bin/../lib/gcc/arm-none-eabi/13.3.1/../../../../arm-none-eabi/lib/thumb/v7e-m+fp/hard\libc_nano.a(libc_a-mallocr.o)
 .debug_frame   0x0000370c       0x30 C:/ST/STM32CubeIDE_1.18.0/STM32CubeIDE/plugins/com.st.stm32cube.ide.mcu.externaltools.gnu-tools-for-stm32.13.3.rel1.win32_1.0.0.202411081344/tools/bin/../lib/gcc/arm-none-eabi/13.3.1/../../../../arm-none-eabi/lib/thumb/v7e-m+fp/hard\libc_nano.a(libc_a-mlock.o)
 .debug_frame   0x0000373c       0x90 C:/ST/STM32CubeIDE_1.18.0/STM32CubeIDE/plugins/com.st.stm32cube.ide.mcu.externaltools.gnu-tools-for-stm32.13.3.rel1.win32_1.0.0.202411081344/tools/bin/../lib/gcc/arm-none-eabi/13.3.1/../../../../arm-none-eabi/lib/thumb/v7e-m+fp/hard\libc_nano.a(libc_a-nano-svfprintf.o)
 .debug_frame   0x000037cc       0x60 C:/ST/STM32CubeIDE_1.18.0/STM32CubeIDE/plugins/com.st.stm32cube.ide.mcu.externaltools.gnu-tools-for-stm32.13.3.rel1.win32_1.0.0.202411081344/tools/bin/../lib/gcc/arm-none-eabi/13.3.1/../../../../arm-none-eabi/lib/thumb/v7e-m+fp/hard\libc_nano.a(libc_a-nano-vfprintf_i.o)
 .debug_frame   0x0000382c       0x28 C:/ST/STM32CubeIDE_1.18.0/STM32CubeIDE/plugins/com.st.stm32cube.ide.mcu.externaltools.gnu-tools-for-stm32.13.3.rel1.win32_1.0.0.202411081344/tools/bin/../lib/gcc/arm-none-eabi/13.3.1/../../../../arm-none-eabi/lib/thumb/v7e-m+fp/hard\libc_nano.a(libc_a-memmove.o)
 .debug_frame   0x00003854       0x2c C:/ST/STM32CubeIDE_1.18.0/STM32CubeIDE/plugins/com.st.stm32cube.ide.mcu.externaltools.gnu-tools-for-stm32.13.3.rel1.win32_1.0.0.202411081344/tools/bin/../lib/gcc/arm-none-eabi/13.3.1/../../../../arm-none-eabi/lib/thumb/v7e-m+fp/hard\libc_nano.a(libc_a-sbrkr.o)
 .debug_frame   0x00003880       0x28 C:/ST/STM32CubeIDE_1.18.0/STM32CubeIDE/plugins/com.st.stm32cube.ide.mcu.externaltools.gnu-tools-for-stm32.13.3.rel1.win32_1.0.0.202411081344/tools/bin/../lib/gcc/arm-none-eabi/13.3.1/../../../../arm-none-eabi/lib/thumb/v7e-m+fp/hard\libc_nano.a(libc_a-memcpy-stub.o)
 .debug_frame   0x000038a8       0x3c C:/ST/STM32CubeIDE_1.18.0/STM32CubeIDE/plugins/com.st.stm32cube.ide.mcu.externaltools.gnu-tools-for-stm32.13.3.rel1.win32_1.0.0.202411081344/tools/bin/../lib/gcc/arm-none-eabi/13.3.1/../../../../arm-none-eabi/lib/thumb/v7e-m+fp/hard\libc_nano.a(libc_a-reallocr.o)
 .debug_frame   0x000038e4       0x20 C:/ST/STM32CubeIDE_1.18.0/STM32CubeIDE/plugins/com.st.stm32cube.ide.mcu.externaltools.gnu-tools-for-stm32.13.3.rel1.win32_1.0.0.202411081344/tools/bin/../lib/gcc/arm-none-eabi/13.3.1/../../../../arm-none-eabi/lib/thumb/v7e-m+fp/hard\libc_nano.a(libc_a-msizer.o)
 .debug_frame   0x00003904       0x2c C:/ST/STM32CubeIDE_1.18.0/STM32CubeIDE/plugins/com.st.stm32cube.ide.mcu.externaltools.gnu-tools-for-stm32.13.3.rel1.win32_1.0.0.202411081344/tools/bin/../lib/gcc/arm-none-eabi/13.3.1/thumb/v7e-m+fp/hard\libgcc.a(_aeabi_uldivmod.o)
 .debug_frame   0x00003930       0x34 C:/ST/STM32CubeIDE_1.18.0/STM32CubeIDE/plugins/com.st.stm32cube.ide.mcu.externaltools.gnu-tools-for-stm32.13.3.rel1.win32_1.0.0.202411081344/tools/bin/../lib/gcc/arm-none-eabi/13.3.1/thumb/v7e-m+fp/hard\libgcc.a(_udivmoddi4.o)

.debug_line_str
                0x00000000       0x98
 .debug_line_str
                0x00000000       0x98 ./Application/User/Startup/startup_stm32l476rgtx.o
