Archive member included to satisfy reference by file (symbol)

C:/ST/STM32CubeIDE_1.18.0/STM32CubeIDE/plugins/com.st.stm32cube.ide.mcu.externaltools.gnu-tools-for-stm32.13.3.rel1.win32_1.0.0.202411081344/tools/bin/../lib/gcc/arm-none-eabi/13.3.1/../../../../arm-none-eabi/lib/thumb/v7e-m+fp/hard\libc_nano.a(libc_a-exit.o)
                              C:/ST/STM32CubeIDE_1.18.0/STM32CubeIDE/plugins/com.st.stm32cube.ide.mcu.externaltools.gnu-tools-for-stm32.13.3.rel1.win32_1.0.0.202411081344/tools/bin/../lib/gcc/arm-none-eabi/13.3.1/../../../../arm-none-eabi/lib/thumb/v7e-m+fp/hard/crt0.o (exit)
C:/ST/STM32CubeIDE_1.18.0/STM32CubeIDE/plugins/com.st.stm32cube.ide.mcu.externaltools.gnu-tools-for-stm32.13.3.rel1.win32_1.0.0.202411081344/tools/bin/../lib/gcc/arm-none-eabi/13.3.1/../../../../arm-none-eabi/lib/thumb/v7e-m+fp/hard\libc_nano.a(libc_a-findfp.o)
                              C:/ST/STM32CubeIDE_1.18.0/STM32CubeIDE/plugins/com.st.stm32cube.ide.mcu.externaltools.gnu-tools-for-stm32.13.3.rel1.win32_1.0.0.202411081344/tools/bin/../lib/gcc/arm-none-eabi/13.3.1/../../../../arm-none-eabi/lib/thumb/v7e-m+fp/hard\libc_nano.a(libc_a-exit.o) (__stdio_exit_handler)
C:/ST/STM32CubeIDE_1.18.0/STM32CubeIDE/plugins/com.st.stm32cube.ide.mcu.externaltools.gnu-tools-for-stm32.13.3.rel1.win32_1.0.0.202411081344/tools/bin/../lib/gcc/arm-none-eabi/13.3.1/../../../../arm-none-eabi/lib/thumb/v7e-m+fp/hard\libc_nano.a(libc_a-fwalk.o)
                              C:/ST/STM32CubeIDE_1.18.0/STM32CubeIDE/plugins/com.st.stm32cube.ide.mcu.externaltools.gnu-tools-for-stm32.13.3.rel1.win32_1.0.0.202411081344/tools/bin/../lib/gcc/arm-none-eabi/13.3.1/../../../../arm-none-eabi/lib/thumb/v7e-m+fp/hard\libc_nano.a(libc_a-findfp.o) (_fwalk_sglue)
C:/ST/STM32CubeIDE_1.18.0/STM32CubeIDE/plugins/com.st.stm32cube.ide.mcu.externaltools.gnu-tools-for-stm32.13.3.rel1.win32_1.0.0.202411081344/tools/bin/../lib/gcc/arm-none-eabi/13.3.1/../../../../arm-none-eabi/lib/thumb/v7e-m+fp/hard\libc_nano.a(libc_a-stdio.o)
                              C:/ST/STM32CubeIDE_1.18.0/STM32CubeIDE/plugins/com.st.stm32cube.ide.mcu.externaltools.gnu-tools-for-stm32.13.3.rel1.win32_1.0.0.202411081344/tools/bin/../lib/gcc/arm-none-eabi/13.3.1/../../../../arm-none-eabi/lib/thumb/v7e-m+fp/hard\libc_nano.a(libc_a-findfp.o) (__sread)
C:/ST/STM32CubeIDE_1.18.0/STM32CubeIDE/plugins/com.st.stm32cube.ide.mcu.externaltools.gnu-tools-for-stm32.13.3.rel1.win32_1.0.0.202411081344/tools/bin/../lib/gcc/arm-none-eabi/13.3.1/../../../../arm-none-eabi/lib/thumb/v7e-m+fp/hard\libc_nano.a(libc_a-memset.o)
                              C:/ST/STM32CubeIDE_1.18.0/STM32CubeIDE/plugins/com.st.stm32cube.ide.mcu.externaltools.gnu-tools-for-stm32.13.3.rel1.win32_1.0.0.202411081344/tools/bin/../lib/gcc/arm-none-eabi/13.3.1/../../../../arm-none-eabi/lib/thumb/v7e-m+fp/hard/crt0.o (memset)
C:/ST/STM32CubeIDE_1.18.0/STM32CubeIDE/plugins/com.st.stm32cube.ide.mcu.externaltools.gnu-tools-for-stm32.13.3.rel1.win32_1.0.0.202411081344/tools/bin/../lib/gcc/arm-none-eabi/13.3.1/../../../../arm-none-eabi/lib/thumb/v7e-m+fp/hard\libc_nano.a(libc_a-closer.o)
                              C:/ST/STM32CubeIDE_1.18.0/STM32CubeIDE/plugins/com.st.stm32cube.ide.mcu.externaltools.gnu-tools-for-stm32.13.3.rel1.win32_1.0.0.202411081344/tools/bin/../lib/gcc/arm-none-eabi/13.3.1/../../../../arm-none-eabi/lib/thumb/v7e-m+fp/hard\libc_nano.a(libc_a-stdio.o) (_close_r)
C:/ST/STM32CubeIDE_1.18.0/STM32CubeIDE/plugins/com.st.stm32cube.ide.mcu.externaltools.gnu-tools-for-stm32.13.3.rel1.win32_1.0.0.202411081344/tools/bin/../lib/gcc/arm-none-eabi/13.3.1/../../../../arm-none-eabi/lib/thumb/v7e-m+fp/hard\libc_nano.a(libc_a-reent.o)
                              C:/ST/STM32CubeIDE_1.18.0/STM32CubeIDE/plugins/com.st.stm32cube.ide.mcu.externaltools.gnu-tools-for-stm32.13.3.rel1.win32_1.0.0.202411081344/tools/bin/../lib/gcc/arm-none-eabi/13.3.1/../../../../arm-none-eabi/lib/thumb/v7e-m+fp/hard\libc_nano.a(libc_a-closer.o) (errno)
C:/ST/STM32CubeIDE_1.18.0/STM32CubeIDE/plugins/com.st.stm32cube.ide.mcu.externaltools.gnu-tools-for-stm32.13.3.rel1.win32_1.0.0.202411081344/tools/bin/../lib/gcc/arm-none-eabi/13.3.1/../../../../arm-none-eabi/lib/thumb/v7e-m+fp/hard\libc_nano.a(libc_a-impure.o)
                              C:/ST/STM32CubeIDE_1.18.0/STM32CubeIDE/plugins/com.st.stm32cube.ide.mcu.externaltools.gnu-tools-for-stm32.13.3.rel1.win32_1.0.0.202411081344/tools/bin/../lib/gcc/arm-none-eabi/13.3.1/../../../../arm-none-eabi/lib/thumb/v7e-m+fp/hard\libc_nano.a(libc_a-reent.o) (_impure_ptr)
C:/ST/STM32CubeIDE_1.18.0/STM32CubeIDE/plugins/com.st.stm32cube.ide.mcu.externaltools.gnu-tools-for-stm32.13.3.rel1.win32_1.0.0.202411081344/tools/bin/../lib/gcc/arm-none-eabi/13.3.1/../../../../arm-none-eabi/lib/thumb/v7e-m+fp/hard\libc_nano.a(libc_a-lseekr.o)
[...]
Memory Configuration

Name             Origin             Length             Attributes
RAM              0x20000000         0x00018000         xrw
RAM2             0x10000000         0x00008000         xrw
FLASH            0x08000000         0x0000c800         xr
*default*        0x00000000         0xffffffff

Linker script and memory map

LOAD C:/ST/STM32CubeIDE_1.18.0/STM32CubeIDE/plugins/com.st.stm32cube.ide.mcu.externaltools.gnu-tools-for-stm32.13.3.rel1.win32_1.0.0.202411081344/tools/bin/../lib/gcc/arm-none-eabi/13.3.1/thumb/v7e-m+fp/hard/crti.o
LOAD C:/ST/STM32CubeIDE_1.18.0/STM32CubeIDE/plugins/com.st.stm32cube.ide.mcu.externaltools.gnu-tools-for-stm32.13.3.rel1.win32_1.0.0.202411081344/tools/bin/../lib/gcc/arm-none-eabi/13.3.1/thumb/v7e-m+fp/hard/crtbegin.o
LOAD C:/ST/STM32CubeIDE_1.18.0/STM32CubeIDE/plugins/com.st.stm32cube.ide.mcu.externaltools.gnu-tools-for-stm32.13.3.rel1.win32_1.0.0.202411081344/tools/bin/../lib/gcc/arm-none-eabi/13.3.1/../../../../arm-none-eabi/lib/thumb/v7e-m+fp/hard/crt0.o
LOAD ./Application/User/Core/gpio.o
LOAD ./Application/User/Core/main.o
LOAD ./Application/User/Core/stm32l4xx_hal_msp.o
LOAD ./Application/User/Core/stm32l4xx_it.o
LOAD ./Application/User/Core/syscalls.o
LOAD ./Application/User/Core/sysmem.o
LOAD ./Application/User/Core/usart.o
LOAD ./Application/User/Startup/startup_stm32l476rgtx.o
LOAD ./Drivers/CMSIS/system_stm32l4xx.o
LOAD ./Drivers/STM32L4xx_HAL_Driver/stm32l4xx_hal.o
LOAD ./Drivers/STM32L4xx_HAL_Driver/stm32l4xx_hal_cortex.o
LOAD ./Drivers/STM32L4xx_HAL_Driver/stm32l4xx_hal_dma.o
LOAD ./Drivers/STM32L4xx_HAL_Driver/stm32l4xx_hal_dma_ex.o
LOAD ./Drivers/STM32L4xx_HAL_Driver/stm32l4xx_hal_exti.o
LOAD ./Drivers/STM32L4xx_HAL_Driver/stm32l4xx_hal_flash.o
LOAD ./Drivers/STM32L4xx_HAL_Driver/stm32l4xx_hal_flash_ex.o
LOAD ./Drivers/STM32L4xx_HAL_Driver/stm32l4xx_hal_flash_ramfunc.o
LOAD ./Drivers/STM32L4xx_HAL_Driver/stm32l4xx_hal_gpio.o
LOAD ./Drivers/STM32L4xx_HAL_Driver/stm32l4xx_hal_i2c.o
LOAD ./Drivers/STM32L4xx_HAL_Driver/stm32l4xx_hal_i2c_ex.o
LOAD ./Drivers/STM32L4xx_HAL_Driver/stm32l4xx_hal_pwr.o
LOAD ./Drivers/STM32L4xx_HAL_Driver/stm32l4xx_hal_pwr_ex.o
LOAD ./Drivers/STM32L4xx_HAL_Driver/stm32l4xx_hal_rcc.o
LOAD ./Drivers/STM32L4xx_HAL_Driver/stm32l4xx_hal_rcc_ex.o
LOAD ./Drivers/STM32L4xx_HAL_Driver/stm32l4xx_hal_uart.o
LOAD ./Drivers/STM32L4xx_HAL_Driver/stm32l4xx_hal_uart_ex.o
START GROUP
LOAD C:/ST/STM32CubeIDE_1.18.0/STM32CubeIDE/plugins/com.st.stm32cube.ide.mcu.externaltools.gnu-tools-for-stm32.13.3.rel1.win32_1.0.0.202411081344/tools/bin/../lib/gcc/arm-none-eabi/13.3.1/../../../../arm-none-eabi/lib/thumb/v7e-m+fp/hard\libc_nano.a
LOAD C:/ST/STM32CubeIDE_1.18.0/STM32CubeIDE/plugins/com.st.stm32cube.ide.mcu.externaltools.gnu-tools-for-stm32.13.3.rel1.win32_1.0.0.202411081344/tools/bin/../lib/gcc/arm-none-eabi/13.3.1/../../../../arm-none-eabi/lib/thumb/v7e-m+fp/hard\libm.a
END GROUP
START GROUP
LOAD C:/ST/STM32CubeIDE_1.18.0/STM32CubeIDE/plugins/com.st.stm32cube.ide.mcu.externaltools.gnu-tools-for-stm32.13.3.rel1.win32_1.0.0.202411081344/tools/bin/../lib/gcc/arm-none-eabi/13.3.1/thumb/v7e-m+fp/hard\libgcc.a
LOAD C:/ST/STM32CubeIDE_1.18.0/STM32CubeIDE/plugins/com.st.stm32cube.ide.mcu.externaltools.gnu-tools-for-stm32.13.3.rel1.win32_1.0.0.202411081344/tools/bin/../lib/gcc/arm-none-eabi/13.3.1/../../../../arm-none-eabi/lib/thumb/v7e-m+fp/hard\libc_nano.a
END GROUP
START GROUP
LOAD C:/ST/STM32CubeIDE_1.18.0/STM32CubeIDE/plugins/com.st.stm32cube.ide.mcu.externaltools.gnu-tools-for-stm32.13.3.rel1.win32_1.0.0.202411081344/tools/bin/../lib/gcc/arm-none-eabi/13.3.1/thumb/v7e-m+fp/hard\libgcc.a
LOAD C:/ST/STM32CubeIDE_1.18.0/STM32CubeIDE/plugins/com.st.stm32cube.ide.mcu.externaltools.gnu-tools-for-stm32.13.3.rel1.win32_1.0.0.202411081344/tools/bin/../lib/gcc/arm-none-eabi/13.3.1/../../../../arm-none-eabi/lib/thumb/v7e-m+fp/hard\libc_nano.a
LOAD C:/ST/STM32CubeIDE_1.18.0/STM32CubeIDE/plugins/com.st.stm32cube.ide.mcu.externaltools.gnu-tools-for-stm32.13.3.rel1.win32_1.0.0.202411081344/tools/bin/../lib/gcc/arm-none-eabi/13.3.1/../../../../arm-none-eabi/lib/thumb/v7e-m+fp/hard\libnosys.a
END GROUP
START GROUP
LOAD C:/ST/STM32CubeIDE_1.18.0/STM32CubeIDE/plugins/com.st.stm32cube.ide.mcu.externaltools.gnu-tools-for-stm32.13.3.rel1.win32_1.0.0.202411081344/tools/bin/../lib/gcc/arm-none-eabi/13.3.1/thumb/v7e-m+fp/hard\libgcc.a
LOAD C:/ST/STM32CubeIDE_1.18.0/STM32CubeIDE/plugins/com.st.stm32cube.ide.mcu.externaltools.gnu-tools-for-stm32.13.3.rel1.win32_1.0.0.202411081344/tools/bin/../lib/gcc/arm-none-eabi/13.3.1/../../../../arm-none-eabi/lib/thumb/v7e-m+fp/hard\libc_nano.a
LOAD C:/ST/STM32CubeIDE_1.18.0/STM32CubeIDE/plugins/com.st.stm32cube.ide.mcu.externaltools.gnu-tools-for-stm32.13.3.rel1.win32_1.0.0.202411081344/tools/bin/../lib/gcc/arm-none-eabi/13.3.1/../../../../arm-none-eabi/lib/thumb/v7e-m+fp/hard\libnosys.a
END GROUP
LOAD C:/ST/STM32CubeIDE_1.18.0/STM32CubeIDE/plugins/com.st.stm32cube.ide.mcu.externaltools.gnu-tools-for-stm32.13.3.rel1.win32_1.0.0.202411081344/tools/bin/../lib/gcc/arm-none-eabi/13.3.1/thumb/v7e-m+fp/hard/crtend.o
LOAD C:/ST/STM32CubeIDE_1.18.0/STM32CubeIDE/plugins/com.st.stm32cube.ide.mcu.externaltools.gnu-tools-for-stm32.13.3.rel1.win32_1.0.0.202411081344/tools/bin/../lib/gcc/arm-none-eabi/13.3.1/thumb/v7e-m+fp/hard/crtn.o
                0x20018000                        _estack = (ORIGIN (RAM) + LENGTH (RAM))
                0x00000200                        _Min_Heap_Size = 0x200
                0x00000400                        _Min_Stack_Size = 0x400

.isr_vector     0x08000000      0x188
                0x08000000                        . = ALIGN (0x4)
 *(.isr_vector)
 .isr_vector    0x08000000      0x188 ./Application/User/Startup/startup_stm32l476rgtx.o
                0x08000000                g_pfnVectors
                0x08000188                        . = ALIGN (0x4)

.text           0x08000188     0x2e74
                0x08000188                        . = ALIGN (0x4)
 *(.text)
 .text          0x08000188       0x40 C:/ST/STM32CubeIDE_1.18.0/STM32CubeIDE/plugins/com.st.stm32cube.ide.mcu.externaltools.gnu-tools-for-stm32.13.3.rel1.win32_1.0.0.202411081344/tools/bin/../lib/gcc/arm-none-eabi/13.3.1/thumb/v7e-m+fp/hard/crtbegin.o
 .text          0x080001c8       0x30 C:/ST/STM32CubeIDE_1.18.0/STM32CubeIDE/plugins/com.st.stm32cube.ide.mcu.externaltools.gnu-tools-for-stm32.13.3.rel1.win32_1.0.0.202411081344/tools/bin/../lib/gcc/arm-none-eabi/13.3.1/thumb/v7e-m+fp/hard\libgcc.a(_aeabi_uldivmod.o)
                0x080001c8                __aeabi_uldivmod
 .text          0x080001f8      0x2f8 C:/ST/STM32CubeIDE_1.18.0/STM32CubeIDE/plugins/com.st.stm32cube.ide.mcu.externaltools.gnu-tools-for-stm32.13.3.rel1.win32_1.0.0.202411081344/tools/bin/../lib/gcc/arm-none-eabi/13.3.1/thumb/v7e-m+fp/hard\libgcc.a(_udivmoddi4.o)
                0x080001f8                __udivmoddi4
 .text          0x080004f0        0x4 C:/ST/STM32CubeIDE_1.18.0/STM32CubeIDE/plugins/com.st.stm32cube.ide.mcu.externaltools.gnu-tools-for-stm32.13.3.rel1.win32_1.0.0.202411081344/tools/bin/../lib/gcc/arm-none-eabi/13.3.1/thumb/v7e-m+fp/hard\libgcc.a(_dvmd_tls.o)
                0x080004f0                __aeabi_idiv0
                0x080004f0                __aeabi_ldiv0
 *(.text*)
 .text.MX_GPIO_Init
                0x080004f4       0xcc ./Application/User/Core/gpio.o
                0x080004f4                MX_GPIO_Init
 .text.main     0x080005c0       0x18 ./Application/User/Core/main.o
                0x080005c0                main
 .text.SystemClock_Config
                0x080005d8       0xa2 ./Application/User/Core/main.o
                0x080005d8                SystemClock_Config
 .text.Error_Handler
                0x0800067a        0xc ./Application/User/Core/main.o
                0x0800067a                Error_Handler
 *fill*         0x08000686        0x2 
 .text.HAL_MspInit
                0x08000688       0x48 ./Application/User/Core/stm32l4xx_hal_msp.o
                0x08000688                HAL_MspInit
 .text.NMI_Handler
                0x080006d0        0x8 ./Application/User/Core/stm32l4xx_it.o
                0x080006d0                NMI_Handler
 .text.HardFault_Handler
                0x080006d8        0x8 ./Application/User/Core/stm32l4xx_it.o
                0x080006d8                HardFault_Handler
 .text.MemManage_Handler
                0x080006e0        0x8 ./Application/User/Core/stm32l4xx_it.o
                0x080006e0                MemManage_Handler
 .text.BusFault_Handler
                0x080006e8        0x8 ./Application/User/Core/stm32l4xx_it.o
                0x080006e8                BusFault_Handler
 .text.UsageFault_Handler
                0x080006f0        0x8 ./Application/User/Core/stm32l4xx_it.o
                0x080006f0                UsageFault_Handler
 .text.SVC_Handler
                0x080006f8        0xe ./Application/User/Core/stm32l4xx_it.o
                0x080006f8                SVC_Handler
 .text.DebugMon_Handler
                0x08000706        0xe ./Application/User/Core/stm32l4xx_it.o
                0x08000706                DebugMon_Handler
 .text.PendSV_Handler
                0x08000714        0xe ./Application/User/Core/stm32l4xx_it.o
                0x08000714                PendSV_Handler
 .text.SysTick_Handler
                0x08000722        0xc ./Application/User/Core/stm32l4xx_it.o
                0x08000722                SysTick_Handler
 *fill*         0x0800072e        0x2 
 .text.MX_USART2_UART_Init
                0x08000730       0x60 ./Application/User/Core/usart.o
                0x08000730                MX_USART2_UART_Init
 .text.HAL_UART_MspInit
                0x08000790       0xb8 ./Application/User/Core/usart.o
                0x08000790                HAL_UART_MspInit
 .text.Reset_Handler
                0x08000848       0x50 ./Application/User/Startup/startup_stm32l476rgtx.o
                0x08000848                Reset_Handler
 .text.Default_Handler
                0x08000898        0x2 ./Application/User/Startup/startup_stm32l476rgtx.o
                0x08000898                RTC_Alarm_IRQHandler
                0x08000898                EXTI2_IRQHandler
                0x08000898                TIM8_TRG_COM_IRQHandler
                0x08000898                TIM8_CC_IRQHandler
                0x08000898                TIM1_CC_IRQHandler
                0x08000898                TSC_IRQHandler
                0x08000898                TAMP_STAMP_IRQHandler
                0x08000898                EXTI3_IRQHandler
                0x08000898                LPTIM2_IRQHandler
                0x08000898                DFSDM1_FLT1_IRQHandler
                0x08000898                I2C3_ER_IRQHandler
                0x08000898                DFSDM1_FLT2_IRQHandler
                0x08000898                EXTI0_IRQHandler
                0x08000898                I2C2_EV_IRQHandler
                0x08000898                CAN1_RX0_IRQHandler
                0x08000898                FPU_IRQHandler
                0x08000898                TIM1_UP_TIM16_IRQHandler
                0x08000898                ADC1_2_IRQHandler
                0x08000898                SPI1_IRQHandler
                0x08000898                TIM6_DAC_IRQHandler
                0x08000898                TIM8_UP_IRQHandler
                0x08000898                DMA2_Channel2_IRQHandler
                0x08000898                DMA1_Channel4_IRQHandler
                0x08000898                SAI2_IRQHandler
                0x08000898                DFSDM1_FLT3_IRQHandler
                0x08000898                USART3_IRQHandler
                0x08000898                DMA1_Channel7_IRQHandler
                0x08000898                CAN1_RX1_IRQHandler
                0x08000898                LCD_IRQHandler
                0x08000898                UART5_IRQHandler
                0x08000898                ADC3_IRQHandler
                0x08000898                TIM4_IRQHandler
                0x08000898                DMA2_Channel1_IRQHandler
                0x08000898                QUADSPI_IRQHandler
                0x08000898                I2C1_EV_IRQHandler
                0x08000898                DMA1_Channel6_IRQHandler
                0x08000898                UART4_IRQHandler
                0x08000898                DMA2_Channel4_IRQHandler
                0x08000898                TIM3_IRQHandler
                0x08000898                RCC_IRQHandler
                0x08000898                DMA1_Channel1_IRQHandler
                0x08000898                Default_Handler
                0x08000898                DMA2_Channel7_IRQHandler
                0x08000898                EXTI15_10_IRQHandler
                0x08000898                TIM7_IRQHandler
                0x08000898                SDMMC1_IRQHandler
                0x08000898                TIM5_IRQHandler
                0x08000898                I2C3_EV_IRQHandler
                0x08000898                EXTI9_5_IRQHandler
                0x08000898                RTC_WKUP_IRQHandler
                0x08000898                PVD_PVM_IRQHandler
                0x08000898                SPI2_IRQHandler
                0x08000898                CAN1_TX_IRQHandler
                0x08000898                DMA2_Channel5_IRQHandler
                0x08000898                DMA1_Channel5_IRQHandler
                0x08000898                EXTI4_IRQHandler
                0x08000898                RNG_IRQHandler
                0x08000898                TIM1_TRG_COM_TIM17_IRQHandler
                0x08000898                DMA1_Channel3_IRQHandler
                0x08000898                COMP_IRQHandler
                0x08000898                WWDG_IRQHandler
                0x08000898                LPUART1_IRQHandler
                0x08000898                DMA2_Channel6_IRQHandler
                0x08000898                TIM2_IRQHandler
                0x08000898                EXTI1_IRQHandler
                0x08000898                USART2_IRQHandler
                0x08000898                DFSDM1_FLT0_IRQHandler
                0x08000898                I2C2_ER_IRQHandler
                0x08000898                DMA1_Channel2_IRQHandler
                0x08000898                TIM8_BRK_IRQHandler
                0x08000898                CAN1_SCE_IRQHandler
                0x08000898                FLASH_IRQHandler
                0x08000898                USART1_IRQHandler
                0x08000898                OTG_FS_IRQHandler
                0x08000898                SPI3_IRQHandler
                0x08000898                I2C1_ER_IRQHandler
                0x08000898                FMC_IRQHandler
                0x08000898                SWPMI1_IRQHandler
                0x08000898                LPTIM1_IRQHandler
                0x08000898                SAI1_IRQHandler
                0x08000898                DMA2_Channel3_IRQHandler
                0x08000898                TIM1_BRK_TIM15_IRQHandler
 *fill*         0x0800089a        0x2 
 .text.SystemInit
                0x0800089c       0x24 ./Drivers/CMSIS/system_stm32l4xx.o
                0x0800089c                SystemInit
 .text.HAL_Init
                0x080008c0       0x40 ./Drivers/STM32L4xx_HAL_Driver/stm32l4xx_hal.o
                0x080008c0                HAL_Init
 .text.HAL_InitTick
                0x08000900       0x78 ./Drivers/STM32L4xx_HAL_Driver/stm32l4xx_hal.o
                0x08000900                HAL_InitTick
 .text.HAL_IncTick
                0x08000978       0x28 ./Drivers/STM32L4xx_HAL_Driver/stm32l4xx_hal.o
                0x08000978                HAL_IncTick
 .text.HAL_GetTick
                0x080009a0       0x18 ./Drivers/STM32L4xx_HAL_Driver/stm32l4xx_hal.o
                0x080009a0                HAL_GetTick
 .text.__NVIC_SetPriorityGrouping
                0x080009b8       0x48 ./Drivers/STM32L4xx_HAL_Driver/stm32l4xx_hal_cortex.o
 .text.__NVIC_GetPriorityGrouping
                0x08000a00       0x1c ./Drivers/STM32L4xx_HAL_Driver/stm32l4xx_hal_cortex.o
 .text.__NVIC_SetPriority
                0x08000a1c       0x54 ./Drivers/STM32L4xx_HAL_Driver/stm32l4xx_hal_cortex.o
 .text.NVIC_EncodePriority
                0x08000a70       0x66 ./Drivers/STM32L4xx_HAL_Driver/stm32l4xx_hal_cortex.o
 *fill*         0x08000ad6        0x2 
 .text.SysTick_Config
                0x08000ad8       0x44 ./Drivers/STM32L4xx_HAL_Driver/stm32l4xx_hal_cortex.o
 .text.HAL_NVIC_SetPriorityGrouping
                0x08000b1c       0x16 ./Drivers/STM32L4xx_HAL_Driver/stm32l4xx_hal_cortex.o
                0x08000b1c                HAL_NVIC_SetPriorityGrouping
 .text.HAL_NVIC_SetPriority
                0x08000b32       0x38 ./Drivers/STM32L4xx_HAL_Driver/stm32l4xx_hal_cortex.o
                0x08000b32                HAL_NVIC_SetPriority
 .text.HAL_SYSTICK_Config
                0x08000b6a       0x18 ./Drivers/STM32L4xx_HAL_Driver/stm32l4xx_hal_cortex.o
                0x08000b6a                HAL_SYSTICK_Config
 *fill*         0x08000b82        0x2 
 .text.HAL_GPIO_Init
                0x08000b84      0x354 ./Drivers/STM32L4xx_HAL_Driver/stm32l4xx_hal_gpio.o
                0x08000b84                HAL_GPIO_Init
 .text.HAL_GPIO_WritePin
                0x08000ed8       0x30 ./Drivers/STM32L4xx_HAL_Driver/stm32l4xx_hal_gpio.o
                0x08000ed8                HAL_GPIO_WritePin
 .text.HAL_PWREx_GetVoltageRange
                0x08000f08       0x1c ./Drivers/STM32L4xx_HAL_Driver/stm32l4xx_hal_pwr_ex.o
                0x08000f08                HAL_PWREx_GetVoltageRange
 .text.HAL_PWREx_ControlVoltageScaling
                0x08000f24       0xac ./Drivers/STM32L4xx_HAL_Driver/stm32l4xx_hal_pwr_ex.o
                0x08000f24                HAL_PWREx_ControlVoltageScaling
 .text.HAL_RCC_OscConfig
                0x08000fd0      0x7b8 ./Drivers/STM32L4xx_HAL_Driver/stm32l4xx_hal_rcc.o
                0x08000fd0                HAL_RCC_OscConfig
 .text.HAL_RCC_ClockConfig
                0x08001788      0x200 ./Drivers/STM32L4xx_HAL_Driver/stm32l4xx_hal_rcc.o
                0x08001788                HAL_RCC_ClockConfig
 .text.HAL_RCC_GetSysClockFreq
                0x08001988      0x118 ./Drivers/STM32L4xx_HAL_Driver/stm32l4xx_hal_rcc.o
                0x08001988                HAL_RCC_GetSysClockFreq
 .text.HAL_RCC_GetHCLKFreq
                0x08001aa0       0x18 ./Drivers/STM32L4xx_HAL_Driver/stm32l4xx_hal_rcc.o
                0x08001aa0                HAL_RCC_GetHCLKFreq
 .text.HAL_RCC_GetPCLK1Freq
                0x08001ab8       0x2c ./Drivers/STM32L4xx_HAL_Driver/stm32l4xx_hal_rcc.o
                0x08001ab8                HAL_RCC_GetPCLK1Freq
 .text.HAL_RCC_GetPCLK2Freq
                0x08001ae4       0x2c ./Drivers/STM32L4xx_HAL_Driver/stm32l4xx_hal_rcc.o
                0x08001ae4                HAL_RCC_GetPCLK2Freq
 .text.RCC_SetFlashLatencyFromMSIRange
                0x08001b10       0xc0 ./Drivers/STM32L4xx_HAL_Driver/stm32l4xx_hal_rcc.o
 .text.HAL_RCCEx_PeriphCLKConfig
                0x08001bd0      0x5d4 ./Drivers/STM32L4xx_HAL_Driver/stm32l4xx_hal_rcc_ex.o
                0x08001bd0                HAL_RCCEx_PeriphCLKConfig
 .text.RCCEx_PLLSAI1_Config
                0x080021a4      0x1e8 ./Drivers/STM32L4xx_HAL_Driver/stm32l4xx_hal_rcc_ex.o
 .text.RCCEx_PLLSAI2_Config
                0x0800238c      0x1bc ./Drivers/STM32L4xx_HAL_Driver/stm32l4xx_hal_rcc_ex.o
 .text.HAL_UART_Init
                0x08002548       0x9c ./Drivers/STM32L4xx_HAL_Driver/stm32l4xx_hal_uart.o
                0x08002548                HAL_UART_Init
 .text.UART_SetConfig
                0x080025e4      0x570 ./Drivers/STM32L4xx_HAL_Driver/stm32l4xx_hal_uart.o
                0x080025e4                UART_SetConfig
 .text.UART_AdvFeatureConfig
                0x08002b54      0x144 ./Drivers/STM32L4xx_HAL_Driver/stm32l4xx_hal_uart.o
                0x08002b54                UART_AdvFeatureConfig
 .text.UART_CheckIdleState
                0x08002c98      0x150 ./Drivers/STM32L4xx_HAL_Driver/stm32l4xx_hal_uart.o
                0x08002c98                UART_CheckIdleState
 .text.UART_WaitOnFlagUntilTimeout
                0x08002de8       0xda ./Drivers/STM32L4xx_HAL_Driver/stm32l4xx_hal_uart.o
                0x08002de8                UART_WaitOnFlagUntilTimeout
 .text.UART_EndRxTransfer
                0x08002ec2       0xc8 ./Drivers/STM32L4xx_HAL_Driver/stm32l4xx_hal_uart.o
 .text.memset   0x08002f8a       0x10 C:/ST/STM32CubeIDE_1.18.0/STM32CubeIDE/plugins/com.st.stm32cube.ide.mcu.externaltools.gnu-tools-for-stm32.13.3.rel1.win32_1.0.0.202411081344/tools/bin/../lib/gcc/arm-none-eabi/13.3.1/../../../../arm-none-eabi/lib/thumb/v7e-m+fp/hard\libc_nano.a(libc_a-memset.o)
                0x08002f8a                memset
 *fill*         0x08002f9a        0x2 
 .text.__libc_init_array
                0x08002f9c       0x48 C:/ST/STM32CubeIDE_1.18.0/STM32CubeIDE/plugins/com.st.stm32cube.ide.mcu.externaltools.gnu-tools-for-stm32.13.3.rel1.win32_1.0.0.202411081344/tools/bin/../lib/gcc/arm-none-eabi/13.3.1/../../../../arm-none-eabi/lib/thumb/v7e-m+fp/hard\libc_nano.a(libc_a-init.o)
                0x08002f9c                __libc_init_array
 *(.glue_7)
 .glue_7        0x08002fe4        0x0 linker stubs
 *(.glue_7t)
 .glue_7t       0x08002fe4        0x0 linker stubs
 *(.eh_frame)
 .eh_frame      0x08002fe4        0x0 C:/ST/STM32CubeIDE_1.18.0/STM32CubeIDE/plugins/com.st.stm32cube.ide.mcu.externaltools.gnu-tools-for-stm32.13.3.rel1.win32_1.0.0.202411081344/tools/bin/../lib/gcc/arm-none-eabi/13.3.1/thumb/v7e-m+fp/hard/crtbegin.o
 *(.init)
 .init          0x08002fe4        0x4 C:/ST/STM32CubeIDE_1.18.0/STM32CubeIDE/plugins/com.st.stm32cube.ide.mcu.externaltools.gnu-tools-for-stm32.13.3.rel1.win32_1.0.0.202411081344/tools/bin/../lib/gcc/arm-none-eabi/13.3.1/thumb/v7e-m+fp/hard/crti.o
                0x08002fe4                _init
 .init          0x08002fe8        0x8 C:/ST/STM32CubeIDE_1.18.0/STM32CubeIDE/plugins/com.st.stm32cube.ide.mcu.externaltools.gnu-tools-for-stm32.13.3.rel1.win32_1.0.0.202411081344/tools/bin/../lib/gcc/arm-none-eabi/13.3.1/thumb/v7e-m+fp/hard/crtn.o
 *(.fini)
 .fini          0x08002ff0        0x4 C:/ST/STM32CubeIDE_1.18.0/STM32CubeIDE/plugins/com.st.stm32cube.ide.mcu.externaltools.gnu-tools-for-stm32.13.3.rel1.win32_1.0.0.202411081344/tools/bin/../lib/gcc/arm-none-eabi/13.3.1/thumb/v7e-m+fp/hard/crti.o
                0x08002ff0                _fini
 .fini          0x08002ff4        0x8 C:/ST/STM32CubeIDE_1.18.0/STM32CubeIDE/plugins/com.st.stm32cube.ide.mcu.externaltools.gnu-tools-for-stm32.13.3.rel1.win32_1.0.0.202411081344/tools/bin/../lib/gcc/arm-none-eabi/13.3.1/thumb/v7e-m+fp/hard/crtn.o
                0x08002ffc                        . = ALIGN (0x4)
                0x08002ffc                        _etext = .

.vfp11_veneer   0x08002ffc        0x0
 .vfp11_veneer  0x08002ffc        0x0 linker stubs

.v4_bx          0x08002ffc        0x0
 .v4_bx         0x08002ffc        0x0 linker stubs

.iplt           0x08002ffc        0x0
 .iplt          0x08002ffc        0x0 C:/ST/STM32CubeIDE_1.18.0/STM32CubeIDE/plugins/com.st.stm32cube.ide.mcu.externaltools.gnu-tools-for-stm32.13.3.rel1.win32_1.0.0.202411081344/tools/bin/../lib/gcc/arm-none-eabi/13.3.1/thumb/v7e-m+fp/hard/crtbegin.o

.rodata         0x08002ffc       0x48
                0x08002ffc                        . = ALIGN (0x4)
 *(.rodata)
 *(.rodata*)
 .rodata.AHBPrescTable
                0x08002ffc       0x10 ./Drivers/CMSIS/system_stm32l4xx.o
                0x08002ffc                AHBPrescTable
 .rodata.APBPrescTable
                0x0800300c        0x8 ./Drivers/CMSIS/system_stm32l4xx.o
                0x0800300c                APBPrescTable
 .rodata.MSIRangeTable
                0x08003014       0x30 ./Drivers/CMSIS/system_stm32l4xx.o
                0x08003014                MSIRangeTable
                0x08003044                        . = ALIGN (0x4)

.ARM.extab      0x08003044        0x0
                0x08003044                        . = ALIGN (0x4)
 *(.ARM.extab* .gnu.linkonce.armextab.*)
                0x08003044                        . = ALIGN (0x4)

.ARM            0x08003044        0x8
                0x08003044                        . = ALIGN (0x4)
                0x08003044                        __exidx_start = .
 *(.ARM.exidx*)
 .ARM.exidx     0x08003044        0x8 C:/ST/STM32CubeIDE_1.18.0/STM32CubeIDE/plugins/com.st.stm32cube.ide.mcu.externaltools.gnu-tools-for-stm32.13.3.rel1.win32_1.0.0.202411081344/tools/bin/../lib/gcc/arm-none-eabi/13.3.1/thumb/v7e-m+fp/hard\libgcc.a(_udivmoddi4.o)
                0x0800304c                        __exidx_end = .
                0x0800304c                        . = ALIGN (0x4)

.preinit_array  0x0800304c        0x0
                0x0800304c                        . = ALIGN (0x4)
                0x0800304c                        PROVIDE (__preinit_array_start = .)
 *(.preinit_array*)
                0x0800304c                        PROVIDE (__preinit_array_end = .)
                0x0800304c                        . = ALIGN (0x4)

.init_array     0x0800304c        0x4
                0x0800304c                        . = ALIGN (0x4)
                0x0800304c                        PROVIDE (__init_array_start = .)
 *(SORT_BY_NAME(.init_array.*))
 *(.init_array*)
 .init_array    0x0800304c        0x4 C:/ST/STM32CubeIDE_1.18.0/STM32CubeIDE/plugins/com.st.stm32cube.ide.mcu.externaltools.gnu-tools-for-stm32.13.3.rel1.win32_1.0.0.202411081344/tools/bin/../lib/gcc/arm-none-eabi/13.3.1/thumb/v7e-m+fp/hard/crtbegin.o
                0x08003050                        PROVIDE (__init_array_end = .)
                0x08003050                        . = ALIGN (0x4)

.fini_array     0x08003050        0x4
                0x08003050                        . = ALIGN (0x4)
                [!provide]                        PROVIDE (__fini_array_start = .)
 *(SORT_BY_NAME(.fini_array.*))
 *(.fini_array*)
 .fini_array    0x08003050        0x4 C:/ST/STM32CubeIDE_1.18.0/STM32CubeIDE/plugins/com.st.stm32cube.ide.mcu.externaltools.gnu-tools-for-stm32.13.3.rel1.win32_1.0.0.202411081344/tools/bin/../lib/gcc/arm-none-eabi/13.3.1/thumb/v7e-m+fp/hard/crtbegin.o
                [!provide]                        PROVIDE (__fini_array_end = .)
                0x08003054                        . = ALIGN (0x4)
                0x08003054                        _sidata = LOADADDR (.data)

.rel.dyn        0x08003054        0x0
 .rel.iplt      0x08003054        0x0 C:/ST/STM32CubeIDE_1.18.0/STM32CubeIDE/plugins/com.st.stm32cube.ide.mcu.externaltools.gnu-tools-for-stm32.13.3.rel1.win32_1.0.0.202411081344/tools/bin/../lib/gcc/arm-none-eabi/13.3.1/thumb/v7e-m+fp/hard/crtbegin.o

.data           0x20000000        0xc load address 0x08003054
                0x20000000                        . = ALIGN (0x4)
                0x20000000                        _sdata = .
 *(.data)
 *(.data*)
 .data.SystemCoreClock
                0x20000000        0x4 ./Drivers/CMSIS/system_stm32l4xx.o
                0x20000000                SystemCoreClock
 .data.uwTickPrio
                0x20000004        0x4 ./Drivers/STM32L4xx_HAL_Driver/stm32l4xx_hal.o
                0x20000004                uwTickPrio
 .data.uwTickFreq
                0x20000008        0x1 ./Drivers/STM32L4xx_HAL_Driver/stm32l4xx_hal.o
                0x20000008                uwTickFreq
 *(.RamFunc)
 *(.RamFunc*)
                0x2000000c                        . = ALIGN (0x4)
 *fill*         0x20000009        0x3 
                0x2000000c                        _edata = .

.igot.plt       0x2000000c        0x0 load address 0x08003060
 .igot.plt      0x2000000c        0x0 C:/ST/STM32CubeIDE_1.18.0/STM32CubeIDE/plugins/com.st.stm32cube.ide.mcu.externaltools.gnu-tools-for-stm32.13.3.rel1.win32_1.0.0.202411081344/tools/bin/../lib/gcc/arm-none-eabi/13.3.1/thumb/v7e-m+fp/hard/crtbegin.o
                0x2000000c                        . = ALIGN (0x4)

.bss            0x2000000c       0xa8 load address 0x08003060
                0x2000000c                        _sbss = .
                0x2000000c                        __bss_start__ = _sbss
 *(.bss)
 .bss           0x2000000c       0x1c C:/ST/STM32CubeIDE_1.18.0/STM32CubeIDE/plugins/com.st.stm32cube.ide.mcu.externaltools.gnu-tools-for-stm32.13.3.rel1.win32_1.0.0.202411081344/tools/bin/../lib/gcc/arm-none-eabi/13.3.1/thumb/v7e-m+fp/hard/crtbegin.o
 *(.bss*)
 .bss.huart2    0x20000028       0x88 ./Application/User/Core/usart.o
                0x20000028                huart2
 .bss.uwTick    0x200000b0        0x4 ./Drivers/STM32L4xx_HAL_Driver/stm32l4xx_hal.o
                0x200000b0                uwTick
 *(COMMON)
                0x200000b4                        . = ALIGN (0x4)
                0x200000b4                        _ebss = .
                0x200000b4                        __bss_end__ = _ebss

._user_heap_stack
                0x200000b4      0x604 load address 0x08003060
                0x200000b8                        . = ALIGN (0x8)
 *fill*         0x200000b4        0x4 
                [!provide]                        PROVIDE (end = .)
                0x200000b8                        PROVIDE (_end = .)
                0x200002b8                        . = (. + _Min_Heap_Size)
 *fill*         0x200000b8      0x200 
                0x200006b8                        . = (. + _Min_Stack_Size)
 *fill*         0x200002b8      0x400 
                0x200006b8                        . = ALIGN (0x8)

/DISCARD/
 libc.a(*)
 libm.a(*)
 libgcc.a(*)

.ARM.attributes
                0x00000000       0x30
 *(.ARM.attributes)
 .ARM.attributes
                0x00000000       0x22 C:/ST/STM32CubeIDE_1.18.0/STM32CubeIDE/plugins/com.st.stm32cube.ide.mcu.externaltools.gnu-tools-for-stm32.13.3.rel1.win32_1.0.0.202411081344/tools/bin/../lib/gcc/arm-none-eabi/13.3.1/thumb/v7e-m+fp/hard/crti.o
 .ARM.attributes
                0x00000022       0x34 C:/ST/STM32CubeIDE_1.18.0/STM32CubeIDE/plugins/com.st.stm32cube.ide.mcu.externaltools.gnu-tools-for-stm32.13.3.rel1.win32_1.0.0.202411081344/tools/bin/../lib/gcc/arm-none-eabi/13.3.1/thumb/v7e-m+fp/hard/crtbegin.o
 .ARM.attributes
                0x00000056       0x34 ./Application/User/Core/gpio.o
 .ARM.attributes
                0x0000008a       0x34 ./Application/User/Core/main.o
 .ARM.attributes
                0x000000be       0x34 ./Application/User/Core/stm32l4xx_hal_msp.o
 .ARM.attributes
                0x000000f2       0x34 ./Application/User/Core/stm32l4xx_it.o
 .ARM.attributes
                0x00000126       0x34 ./Application/User/Core/usart.o
 .ARM.attributes
                0x0000015a       0x21 ./Application/User/Startup/startup_stm32l476rgtx.o
 .ARM.attributes
                0x0000017b       0x34 ./Drivers/CMSIS/system_stm32l4xx.o
 .ARM.attributes
                0x000001af       0x34 ./Drivers/STM32L4xx_HAL_Driver/stm32l4xx_hal.o
 .ARM.attributes
                0x000001e3       0x34 ./Drivers/STM32L4xx_HAL_Driver/stm32l4xx_hal_cortex.o
 .ARM.attributes
                0x00000217       0x34 ./Drivers/STM32L4xx_HAL_Driver/stm32l4xx_hal_gpio.o
 .ARM.attributes
                0x0000024b       0x34 ./Drivers/STM32L4xx_HAL_Driver/stm32l4xx_hal_pwr_ex.o
 .ARM.attributes
                0x0000027f       0x34 ./Drivers/STM32L4xx_HAL_Driver/stm32l4xx_hal_rcc.o
 .ARM.attributes
                0x000002b3       0x34 ./Drivers/STM32L4xx_HAL_Driver/stm32l4xx_hal_rcc_ex.o
 .ARM.attributes
                0x000002e7       0x34 ./Drivers/STM32L4xx_HAL_Driver/stm32l4xx_hal_uart.o
 .ARM.attributes
                0x0000031b       0x34 C:/ST/STM32CubeIDE_1.18.0/STM32CubeIDE/plugins/com.st.stm32cube.ide.mcu.externaltools.gnu-tools-for-stm32.13.3.rel1.win32_1.0.0.202411081344/tools/bin/../lib/gcc/arm-none-eabi/13.3.1/../../../../arm-none-eabi/lib/thumb/v7e-m+fp/hard\libc_nano.a(libc_a-memset.o)
 .ARM.attributes
                0x0000034f       0x34 C:/ST/STM32CubeIDE_1.18.0/STM32CubeIDE/plugins/com.st.stm32cube.ide.mcu.externaltools.gnu-tools-for-stm32.13.3.rel1.win32_1.0.0.202411081344/tools/bin/../lib/gcc/arm-none-eabi/13.3.1/../../../../arm-none-eabi/lib/thumb/v7e-m+fp/hard\libc_nano.a(libc_a-init.o)
 .ARM.attributes
                0x00000383       0x22 C:/ST/STM32CubeIDE_1.18.0/STM32CubeIDE/plugins/com.st.stm32cube.ide.mcu.externaltools.gnu-tools-for-stm32.13.3.rel1.win32_1.0.0.202411081344/tools/bin/../lib/gcc/arm-none-eabi/13.3.1/thumb/v7e-m+fp/hard\libgcc.a(_aeabi_uldivmod.o)
 .ARM.attributes
                0x000003a5       0x34 C:/ST/STM32CubeIDE_1.18.0/STM32CubeIDE/plugins/com.st.stm32cube.ide.mcu.externaltools.gnu-tools-for-stm32.13.3.rel1.win32_1.0.0.202411081344/tools/bin/../lib/gcc/arm-none-eabi/13.3.1/thumb/v7e-m+fp/hard\libgcc.a(_udivmoddi4.o)
 .ARM.attributes
                0x000003d9       0x22 C:/ST/STM32CubeIDE_1.18.0/STM32CubeIDE/plugins/com.st.stm32cube.ide.mcu.externaltools.gnu-tools-for-stm32.13.3.rel1.win32_1.0.0.202411081344/tools/bin/../lib/gcc/arm-none-eabi/13.3.1/thumb/v7e-m+fp/hard\libgcc.a(_dvmd_tls.o)
 .ARM.attributes
                0x000003fb       0x22 C:/ST/STM32CubeIDE_1.18.0/STM32CubeIDE/plugins/com.st.stm32cube.ide.mcu.externaltools.gnu-tools-for-stm32.13.3.rel1.win32_1.0.0.202411081344/tools/bin/../lib/gcc/arm-none-eabi/13.3.1/thumb/v7e-m+fp/hard/crtn.o
OUTPUT(main_application.elf elf32-littlearm)
LOAD linker stubs
LOAD C:/ST/STM32CubeIDE_1.18.0/STM32CubeIDE/plugins/com.st.stm32cube.ide.mcu.externaltools.gnu-tools-for-stm32.13.3.rel1.win32_1.0.0.202411081344/tools/bin/../lib/gcc/arm-none-eabi/13.3.1/../../../../arm-none-eabi/lib/thumb/v7e-m+fp/hard\libc.a
LOAD C:/ST/STM32CubeIDE_1.18.0/STM32CubeIDE/plugins/com.st.stm32cube.ide.mcu.externaltools.gnu-tools-for-stm32.13.3.rel1.win32_1.0.0.202411081344/tools/bin/../lib/gcc/arm-none-eabi/13.3.1/../../../../arm-none-eabi/lib/thumb/v7e-m+fp/hard\libm.a
LOAD C:/ST/STM32CubeIDE_1.18.0/STM32CubeIDE/plugins/com.st.stm32cube.ide.mcu.externaltools.gnu-tools-for-stm32.13.3.rel1.win32_1.0.0.202411081344/tools/bin/../lib/gcc/arm-none-eabi/13.3.1/thumb/v7e-m+fp/hard\libgcc.a

.debug_info     0x00000000     0x9e2b
 .debug_info    0x00000000      0x473 ./Application/User/Core/gpio.o
 .debug_info    0x00000473      0x2e3 ./Application/User/Core/main.o
 .debug_info    0x00000756      0x2b9 ./Application/User/Core/stm32l4xx_hal_msp.o
 .debug_info    0x00000a0f      0x113 ./Application/User/Core/stm32l4xx_it.o
 .debug_info    0x00000b22      0xd1b ./Application/User/Core/usart.o
 .debug_info    0x0000183d       0x30 ./Application/User/Startup/startup_stm32l476rgtx.o
 .debug_info    0x0000186d      0x5b1 ./Drivers/CMSIS/system_stm32l4xx.o
 .debug_info    0x00001e1e      0xc09 ./Drivers/STM32L4xx_HAL_Driver/stm32l4xx_hal.o
 .debug_info    0x00002a27      0xd81 ./Drivers/STM32L4xx_HAL_Driver/stm32l4xx_hal_cortex.o
 .debug_info    0x000037a8      0x757 ./Drivers/STM32L4xx_HAL_Driver/stm32l4xx_hal_gpio.o
 .debug_info    0x00003eff      0x99e ./Drivers/STM32L4xx_HAL_Driver/stm32l4xx_hal_pwr_ex.o
 .debug_info    0x0000489d      0xc14 ./Drivers/STM32L4xx_HAL_Driver/stm32l4xx_hal_rcc.o
 .debug_info    0x000054b1      0xe11 ./Drivers/STM32L4xx_HAL_Driver/stm32l4xx_hal_rcc_ex.o
 .debug_info    0x000062c2     0x3b69 ./Drivers/STM32L4xx_HAL_Driver/stm32l4xx_hal_uart.o

.debug_abbrev   0x00000000     0x1886
 .debug_abbrev  0x00000000      0x152 ./Application/User/Core/gpio.o
 .debug_abbrev  0x00000152      0x164 ./Application/User/Core/main.o
 .debug_abbrev  0x000002b6       0xc6 ./Application/User/Core/stm32l4xx_hal_msp.o
 .debug_abbrev  0x0000037c       0x73 ./Application/User/Core/stm32l4xx_it.o
 .debug_abbrev  0x000003ef      0x1f5 ./Application/User/Core/usart.o
 .debug_abbrev  0x000005e4       0x24 ./Application/User/Startup/startup_stm32l476rgtx.o
 .debug_abbrev  0x00000608      0x11a ./Drivers/CMSIS/system_stm32l4xx.o
 .debug_abbrev  0x00000722      0x243 ./Drivers/STM32L4xx_HAL_Driver/stm32l4xx_hal.o
 .debug_abbrev  0x00000965      0x31c ./Drivers/STM32L4xx_HAL_Driver/stm32l4xx_hal_cortex.o
 .debug_abbrev  0x00000c81      0x1cb ./Drivers/STM32L4xx_HAL_Driver/stm32l4xx_hal_gpio.o
 .debug_abbrev  0x00000e4c      0x1f9 ./Drivers/STM32L4xx_HAL_Driver/stm32l4xx_hal_pwr_ex.o
 .debug_abbrev  0x00001045      0x2cb ./Drivers/STM32L4xx_HAL_Driver/stm32l4xx_hal_rcc.o
 .debug_abbrev  0x00001310      0x2a6 ./Drivers/STM32L4xx_HAL_Driver/stm32l4xx_hal_rcc_ex.o
 .debug_abbrev  0x000015b6      0x2d0 ./Drivers/STM32L4xx_HAL_Driver/stm32l4xx_hal_uart.o

.debug_aranges  0x00000000      0x8d8
 .debug_aranges
                0x00000000       0x20 ./Application/User/Core/gpio.o
 .debug_aranges
                0x00000020       0x30 ./Application/User/Core/main.o
 .debug_aranges
                0x00000050       0x20 ./Application/User/Core/stm32l4xx_hal_msp.o
 .debug_aranges
                0x00000070       0x60 ./Application/User/Core/stm32l4xx_it.o
 .debug_aranges
                0x000000d0       0x30 ./Application/User/Core/usart.o
 .debug_aranges
                0x00000100       0x28 ./Application/User/Startup/startup_stm32l476rgtx.o
 .debug_aranges
                0x00000128       0x28 ./Drivers/CMSIS/system_stm32l4xx.o
 .debug_aranges
                0x00000150      0x130 ./Drivers/STM32L4xx_HAL_Driver/stm32l4xx_hal.o
 .debug_aranges
                0x00000280      0x128 ./Drivers/STM32L4xx_HAL_Driver/stm32l4xx_hal_cortex.o
 .debug_aranges
                0x000003a8       0x58 ./Drivers/STM32L4xx_HAL_Driver/stm32l4xx_hal_gpio.o
 .debug_aranges
                0x00000400      0x160 ./Drivers/STM32L4xx_HAL_Driver/stm32l4xx_hal_pwr_ex.o
 .debug_aranges
                0x00000560       0x90 ./Drivers/STM32L4xx_HAL_Driver/stm32l4xx_hal_rcc.o
 .debug_aranges
                0x000005f0       0xc0 ./Drivers/STM32L4xx_HAL_Driver/stm32l4xx_hal_rcc_ex.o
 .debug_aranges
                0x000006b0      0x228 ./Drivers/STM32L4xx_HAL_Driver/stm32l4xx_hal_uart.o

.debug_rnglists
                0x00000000      0x6bb
 .debug_rnglists
                0x00000000       0x14 ./Application/User/Core/gpio.o
 .debug_rnglists
                0x00000014       0x20 ./Application/User/Core/main.o
 .debug_rnglists
                0x00000034       0x13 ./Application/User/Core/stm32l4xx_hal_msp.o
 .debug_rnglists
                0x00000047       0x43 ./Application/User/Core/stm32l4xx_it.o
 .debug_rnglists
                0x0000008a       0x20 ./Application/User/Core/usart.o
 .debug_rnglists
                0x000000aa       0x19 ./Application/User/Startup/startup_stm32l476rgtx.o
 .debug_rnglists
                0x000000c3       0x1a ./Drivers/CMSIS/system_stm32l4xx.o
 .debug_rnglists
                0x000000dd       0xdf ./Drivers/STM32L4xx_HAL_Driver/stm32l4xx_hal.o
 .debug_rnglists
                0x000001bc       0xda ./Drivers/STM32L4xx_HAL_Driver/stm32l4xx_hal_cortex.o
 .debug_rnglists
                0x00000296       0x3f ./Drivers/STM32L4xx_HAL_Driver/stm32l4xx_hal_gpio.o
 .debug_rnglists
                0x000002d5      0x109 ./Drivers/STM32L4xx_HAL_Driver/stm32l4xx_hal_pwr_ex.o
 .debug_rnglists
                0x000003de       0x6d ./Drivers/STM32L4xx_HAL_Driver/stm32l4xx_hal_rcc.o
 .debug_rnglists
                0x0000044b       0x95 ./Drivers/STM32L4xx_HAL_Driver/stm32l4xx_hal_rcc_ex.o
 .debug_rnglists
                0x000004e0      0x1db ./Drivers/STM32L4xx_HAL_Driver/stm32l4xx_hal_uart.o

.debug_macro    0x00000000    0x2501a
 .debug_macro   0x00000000      0x1c5 ./Application/User/Core/gpio.o
 .debug_macro   0x000001c5      0xad8 ./Application/User/Core/gpio.o
 .debug_macro   0x00000c9d      0x1a1 ./Application/User/Core/gpio.o
 .debug_macro   0x00000e3e       0x2e ./Application/User/Core/gpio.o
 .debug_macro   0x00000e6c       0x28 ./Application/User/Core/gpio.o
 .debug_macro   0x00000e94       0x22 ./Application/User/Core/gpio.o
 .debug_macro   0x00000eb6       0x8e ./Application/User/Core/gpio.o
 .debug_macro   0x00000f44       0x51 ./Application/User/Core/gpio.o
 .debug_macro   0x00000f95      0x103 ./Application/User/Core/gpio.o
 .debug_macro   0x00001098       0x6a ./Application/User/Core/gpio.o
 .debug_macro   0x00001102      0x1df ./Application/User/Core/gpio.o
 .debug_macro   0x000012e1       0x1c ./Application/User/Core/gpio.o
 .debug_macro   0x000012fd       0x22 ./Application/User/Core/gpio.o
 .debug_macro   0x0000131f       0xfb ./Application/User/Core/gpio.o
 .debug_macro   0x0000141a     0x1011 ./Application/User/Core/gpio.o
 .debug_macro   0x0000242b      0x11f ./Application/User/Core/gpio.o
 .debug_macro   0x0000254a    0x1a17a ./Application/User/Core/gpio.o
 .debug_macro   0x0001c6c4       0x6d ./Application/User/Core/gpio.o
 .debug_macro   0x0001c731     0x38fb ./Application/User/Core/gpio.o
 .debug_macro   0x0002002c      0x190 ./Application/User/Core/gpio.o
 .debug_macro   0x000201bc       0x5c ./Application/User/Core/gpio.o
 .debug_macro   0x00020218     0x159e ./Application/User/Core/gpio.o
 .debug_macro   0x000217b6      0x5a5 ./Application/User/Core/gpio.o
 .debug_macro   0x00021d5b      0x1b9 ./Application/User/Core/gpio.o
 .debug_macro   0x00021f14      0x18b ./Application/User/Core/gpio.o
 .debug_macro   0x0002209f      0x26b ./Application/User/Core/gpio.o
 .debug_macro   0x0002230a      0x23d ./Application/User/Core/gpio.o
 .debug_macro   0x00022547      0x241 ./Application/User/Core/gpio.o
 .debug_macro   0x00022788      0x37c ./Application/User/Core/gpio.o
 .debug_macro   0x00022b04       0xd6 ./Application/User/Core/gpio.o
 .debug_macro   0x00022bda      0x122 ./Application/User/Core/gpio.o
 .debug_macro   0x00022cfc      0x3ef ./Application/User/Core/gpio.o
 .debug_macro   0x000230eb      0x5cf ./Application/User/Core/gpio.o
 .debug_macro   0x000236ba       0x44 ./Application/User/Core/gpio.o
 .debug_macro   0x000236fe      0x330 ./Application/User/Core/gpio.o
 .debug_macro   0x00023a2e       0x58 ./Application/User/Core/gpio.o
 .debug_macro   0x00023a86      0x1d3 ./Application/User/Core/main.o
 .debug_macro   0x00023c59      0x1bb ./Application/User/Core/stm32l4xx_hal_msp.o
 .debug_macro   0x00023e14      0x1c5 ./Application/User/Core/stm32l4xx_it.o
 .debug_macro   0x00023fd9      0x1c5 ./Application/User/Core/usart.o
 .debug_macro   0x0002419e      0x1ac ./Drivers/CMSIS/system_stm32l4xx.o
 .debug_macro   0x0002434a      0x1fa ./Drivers/STM32L4xx_HAL_Driver/stm32l4xx_hal.o
 .debug_macro   0x00024544      0x1ac ./Drivers/STM32L4xx_HAL_Driver/stm32l4xx_hal_cortex.o
 .debug_macro   0x000246f0      0x1b3 ./Drivers/STM32L4xx_HAL_Driver/stm32l4xx_hal_gpio.o
 .debug_macro   0x000248a3      0x1d0 ./Drivers/STM32L4xx_HAL_Driver/stm32l4xx_hal_pwr_ex.o
 .debug_macro   0x00024a73      0x1ee ./Drivers/STM32L4xx_HAL_Driver/stm32l4xx_hal_rcc.o
 .debug_macro   0x00024c61      0x1e2 ./Drivers/STM32L4xx_HAL_Driver/stm32l4xx_hal_rcc_ex.o
 .debug_macro   0x00024e43      0x1d7 ./Drivers/STM32L4xx_HAL_Driver/stm32l4xx_hal_uart.o

.debug_line     0x00000000     0xb56b
 .debug_line    0x00000000      0x78d ./Application/User/Core/gpio.o
 .debug_line    0x0000078d      0x806 ./Application/User/Core/main.o
 .debug_line    0x00000f93      0x773 ./Application/User/Core/stm32l4xx_hal_msp.o
 .debug_line    0x00001706      0x822 ./Application/User/Core/stm32l4xx_it.o
 .debug_line    0x00001f28      0x7fd ./Application/User/Core/usart.o
 .debug_line    0x00002725       0x7a ./Application/User/Startup/startup_stm32l476rgtx.o
 .debug_line    0x0000279f      0x811 ./Drivers/CMSIS/system_stm32l4xx.o
 .debug_line    0x00002fb0      0xb7a ./Drivers/STM32L4xx_HAL_Driver/stm32l4xx_hal.o
 .debug_line    0x00003b2a      0xd14 ./Drivers/STM32L4xx_HAL_Driver/stm32l4xx_hal_cortex.o
 .debug_line    0x0000483e      0xbcd ./Drivers/STM32L4xx_HAL_Driver/stm32l4xx_hal_gpio.o
 .debug_line    0x0000540b      0xd5b ./Drivers/STM32L4xx_HAL_Driver/stm32l4xx_hal_pwr_ex.o
 .debug_line    0x00006166     0x10ce ./Drivers/STM32L4xx_HAL_Driver/stm32l4xx_hal_rcc.o
 .debug_line    0x00007234     0x159b ./Drivers/STM32L4xx_HAL_Driver/stm32l4xx_hal_rcc_ex.o
 .debug_line    0x000087cf     0x2d9c ./Drivers/STM32L4xx_HAL_Driver/stm32l4xx_hal_uart.o

.debug_str      0x00000000    0xe40e5
 .debug_str     0x00000000    0xe40e5 ./Application/User/Core/gpio.o
                              0xe1026 (size before relaxing)
 .debug_str     0x000e40e5    0xe102b ./Application/User/Core/main.o
 .debug_str     0x000e40e5    0xe0f56 ./Application/User/Core/stm32l4xx_hal_msp.o
 .debug_str     0x000e40e5    0xe0e8f ./Application/User/Core/stm32l4xx_it.o
 .debug_str     0x000e40e5    0xe1750 ./Application/User/Core/usart.o
 .debug_str     0x000e40e5       0xb4 ./Application/User/Startup/startup_stm32l476rgtx.o
 .debug_str     0x000e40e5    0xe0ef7 ./Drivers/CMSIS/system_stm32l4xx.o
 .debug_str     0x000e40e5    0xe1af6 ./Drivers/STM32L4xx_HAL_Driver/stm32l4xx_hal.o
 .debug_str     0x000e40e5    0xe1770 ./Drivers/STM32L4xx_HAL_Driver/stm32l4xx_hal_cortex.o
 .debug_str     0x000e40e5    0xe1070 ./Drivers/STM32L4xx_HAL_Driver/stm32l4xx_hal_gpio.o
 .debug_str     0x000e40e5    0xe1452 ./Drivers/STM32L4xx_HAL_Driver/stm32l4xx_hal_pwr_ex.o
 .debug_str     0x000e40e5    0xe153d ./Drivers/STM32L4xx_HAL_Driver/stm32l4xx_hal_rcc.o
 .debug_str     0x000e40e5    0xe16b6 ./Drivers/STM32L4xx_HAL_Driver/stm32l4xx_hal_rcc_ex.o
 .debug_str     0x000e40e5    0xe1c4f ./Drivers/STM32L4xx_HAL_Driver/stm32l4xx_hal_uart.o

.comment        0x00000000       0x43
 .comment       0x00000000       0x43 ./Application/User/Core/gpio.o
                                 0x44 (size before relaxing)
 .comment       0x00000043       0x44 ./Application/User/Core/main.o
 .comment       0x00000043       0x44 ./Application/User/Core/stm32l4xx_hal_msp.o
 .comment       0x00000043       0x44 ./Application/User/Core/stm32l4xx_it.o
 .comment       0x00000043       0x44 ./Application/User/Core/usart.o
 .comment       0x00000043       0x44 ./Drivers/CMSIS/system_stm32l4xx.o
 .comment       0x00000043       0x44 ./Drivers/STM32L4xx_HAL_Driver/stm32l4xx_hal.o
 .comment       0x00000043       0x44 ./Drivers/STM32L4xx_HAL_Driver/stm32l4xx_hal_cortex.o
 .comment       0x00000043       0x44 ./Drivers/STM32L4xx_HAL_Driver/stm32l4xx_hal_gpio.o
 .comment       0x00000043       0x44 ./Drivers/STM32L4xx_HAL_Driver/stm32l4xx_hal_pwr_ex.o
 .comment       0x00000043       0x44 ./Drivers/STM32L4xx_HAL_Driver/stm32l4xx_hal_rcc.o
 .comment       0x00000043       0x44 ./Drivers/STM32L4xx_HAL_Driver/stm32l4xx_hal_rcc_ex.o
 .comment       0x00000043       0x44 ./Drivers/STM32L4xx_HAL_Driver/stm32l4xx_hal_uart.o

.debug_frame    0x00000000     0x22b0
 .debug_frame   0x00000000       0x34 ./Application/User/Core/gpio.o
 .debug_frame   0x00000034       0x68 ./Application/User/Core/main.o
 .debug_frame   0x0000009c       0x38 ./Application/User/Core/stm32l4xx_hal_msp.o
 .debug_frame   0x000000d4      0x104 ./Application/User/Core/stm32l4xx_it.o
 .debug_frame   0x000001d8       0x78 ./Application/User/Core/usart.o
 .debug_frame   0x00000250       0x58 ./Drivers/CMSIS/system_stm32l4xx.o
 .debug_frame   0x000002a8      0x498 ./Drivers/STM32L4xx_HAL_Driver/stm32l4xx_hal.o
 .debug_frame   0x00000740      0x4e8 ./Drivers/STM32L4xx_HAL_Driver/stm32l4xx_hal_cortex.o
 .debug_frame   0x00000c28      0x14c ./Drivers/STM32L4xx_HAL_Driver/stm32l4xx_hal_gpio.o
 .debug_frame   0x00000d74      0x584 ./Drivers/STM32L4xx_HAL_Driver/stm32l4xx_hal_pwr_ex.o
 .debug_frame   0x000012f8      0x21c ./Drivers/STM32L4xx_HAL_Driver/stm32l4xx_hal_rcc.o
 .debug_frame   0x00001514      0x2fc ./Drivers/STM32L4xx_HAL_Driver/stm32l4xx_hal_rcc_ex.o
 .debug_frame   0x00001810      0x9f4 ./Drivers/STM32L4xx_HAL_Driver/stm32l4xx_hal_uart.o
 .debug_frame   0x00002204       0x20 C:/ST/STM32CubeIDE_1.18.0/STM32CubeIDE/plugins/com.st.stm32cube.ide.mcu.externaltools.gnu-tools-for-stm32.13.3.rel1.win32_1.0.0.202411081344/tools/bin/../lib/gcc/arm-none-eabi/13.3.1/../../../../arm-none-eabi/lib/thumb/v7e-m+fp/hard\libc_nano.a(libc_a-memset.o)
 .debug_frame   0x00002224       0x2c C:/ST/STM32CubeIDE_1.18.0/STM32CubeIDE/plugins/com.st.stm32cube.ide.mcu.externaltools.gnu-tools-for-stm32.13.3.rel1.win32_1.0.0.202411081344/tools/bin/../lib/gcc/arm-none-eabi/13.3.1/../../../../arm-none-eabi/lib/thumb/v7e-m+fp/hard\libc_nano.a(libc_a-init.o)
 .debug_frame   0x00002250       0x2c C:/ST/STM32CubeIDE_1.18.0/STM32CubeIDE/plugins/com.st.stm32cube.ide.mcu.externaltools.gnu-tools-for-stm32.13.3.rel1.win32_1.0.0.202411081344/tools/bin/../lib/gcc/arm-none-eabi/13.3.1/thumb/v7e-m+fp/hard\libgcc.a(_aeabi_uldivmod.o)
 .debug_frame   0x0000227c       0x34 C:/ST/STM32CubeIDE_1.18.0/STM32CubeIDE/plugins/com.st.stm32cube.ide.mcu.externaltools.gnu-tools-for-stm32.13.3.rel1.win32_1.0.0.202411081344/tools/bin/../lib/gcc/arm-none-eabi/13.3.1/thumb/v7e-m+fp/hard\libgcc.a(_udivmoddi4.o)

.debug_line_str
                0x00000000       0x98
 .debug_line_str
                0x00000000       0x98 ./Application/User/Startup/startup_stm32l476rgtx.o
