Archive member included to satisfy reference by file (symbol)

C:/ST/STM32CubeIDE_1.18.0/STM32CubeIDE/plugins/com.st.stm32cube.ide.mcu.externaltools.gnu-tools-for-stm32.13.3.rel1.win32_1.0.0.202411081344/tools/bin/../lib/gcc/arm-none-eabi/13.3.1/../../../../arm-none-eabi/lib/thumb/v7e-m+fp/hard\libc_nano.a(libc_a-exit.o)
                              C:/ST/STM32CubeIDE_1.18.0/STM32CubeIDE/plugins/com.st.stm32cube.ide.mcu.externaltools.gnu-tools-for-stm32.13.3.rel1.win32_1.0.0.202411081344/tools/bin/../lib/gcc/arm-none-eabi/13.3.1/../../../../arm-none-eabi/lib/thumb/v7e-m+fp/hard/crt0.o (exit)
C:/ST/STM32CubeIDE_1.18.0/STM32CubeIDE/plugins/com.st.stm32cube.ide.mcu.externaltools.gnu-tools-for-stm32.13.3.rel1.win32_1.0.0.202411081344/tools/bin/../lib/gcc/arm-none-eabi/13.3.1/../../../../arm-none-eabi/lib/thumb/v7e-m+fp/hard\libc_nano.a(libc_a-findfp.o)
                              C:/ST/STM32CubeIDE_1.18.0/STM32CubeIDE/plugins/com.st.stm32cube.ide.mcu.externaltools.gnu-tools-for-stm32.13.3.rel1.win32_1.0.0.202411081344/tools/bin/../lib/gcc/arm-none-eabi/13.3.1/../../../../arm-none-eabi/lib/thumb/v7e-m+fp/hard\libc_nano.a(libc_a-exit.o) (__stdio_exit_handler)
C:/ST/STM32CubeIDE_1.18.0/STM32CubeIDE/plugins/com.st.stm32cube.ide.mcu.externaltools.gnu-tools-for-stm32.13.3.rel1.win32_1.0.0.202411081344/tools/bin/../lib/gcc/arm-none-eabi/13.3.1/../../../../arm-none-eabi/lib/thumb/v7e-m+fp/hard\libc_nano.a(libc_a-fwalk.o)
                              C:/ST/STM32CubeIDE_1.18.0/STM32CubeIDE/plugins/com.st.stm32cube.ide.mcu.externaltools.gnu-tools-for-stm32.13.3.rel1.win32_1.0.0.202411081344/tools/bin/../lib/gcc/arm-none-eabi/13.3.1/../../../../arm-none-eabi/lib/thumb/v7e-m+fp/hard\libc_nano.a(libc_a-findfp.o) (_fwalk_sglue)
C:/ST/STM32CubeIDE_1.18.0/STM32CubeIDE/plugins/com.st.stm32cube.ide.mcu.externaltools.gnu-tools-for-stm32.13.3.rel1.win32_1.0.0.202411081344/tools/bin/../lib/gcc/arm-none-eabi/13.3.1/../../../../arm-none-eabi/lib/thumb/v7e-m+fp/hard\libc_nano.a(libc_a-stdio.o)
                              C:/ST/STM32CubeIDE_1.18.0/STM32CubeIDE/plugins/com.st.stm32cube.ide.mcu.externaltools.gnu-tools-for-stm32.13.3.rel1.win32_1.0.0.202411081344/tools/bin/../lib/gcc/arm-none-eabi/13.3.1/../../../../arm-none-eabi/lib/thumb/v7e-m+fp/hard\libc_nano.a(libc_a-findfp.o) (__sread)
C:/ST/STM32CubeIDE_1.18.0/STM32CubeIDE/plugins/com.st.stm32cube.ide.mcu.externaltools.gnu-tools-for-stm32.13.3.rel1.win32_1.0.0.202411081344/tools/bin/../lib/gcc/arm-none-eabi/13.3.1/../../../../arm-none-eabi/lib/thumb/v7e-m+fp/hard\libc_nano.a(libc_a-memset.o)
                              C:/ST/STM32CubeIDE_1.18.0/STM32CubeIDE/plugins/com.st.stm32cube.ide.mcu.externaltools.gnu-tools-for-stm32.13.3.rel1.win32_1.0.0.202411081344/tools/bin/../lib/gcc/arm-none-eabi/13.3.1/../../../../arm-none-eabi/lib/thumb/v7e-m+fp/hard/crt0.o (memset)
C:/ST/STM32CubeIDE_1.18.0/STM32CubeIDE/plugins/com.st.stm32cube.ide.mcu.externaltools.gnu-tools-for-stm32.13.3.rel1.win32_1.0.0.202411081344/tools/bin/../lib/gcc/arm-none-eabi/13.3.1/../../../../arm-none-eabi/lib/thumb/v7e-m+fp/hard\libc_nano.a(libc_a-closer.o)
                              C:/ST/STM32CubeIDE_1.18.0/STM32CubeIDE/plugins/com.st.stm32cube.ide.mcu.externaltools.gnu-tools-for-stm32.13.3.rel1.win32_1.0.0.202411081344/tools/bin/../lib/gcc/arm-none-eabi/13.3.1/../../../../arm-none-eabi/lib/thumb/v7e-m+fp/hard\libc_nano.a(libc_a-stdio.o) (_close_r)
C:/ST/STM32CubeIDE_1.18.0/STM32CubeIDE/plugins/com.st.stm32cube.ide.mcu.externaltools.gnu-tools-for-stm32.13.3.rel1.win32_1.0.0.202411081344/tools/bin/../lib/gcc/arm-none-eabi/13.3.1/../../../../arm-none-eabi/lib/thumb/v7e-m+fp/hard\libc_nano.a(libc_a-reent.o)
                              C:/ST/STM32CubeIDE_1.18.0/STM32CubeIDE/plugins/com.st.stm32cube.ide.mcu.externaltools.gnu-tools-for-stm32.13.3.rel1.win32_1.0.0.202411081344/tools/bin/../lib/gcc/arm-none-eabi/13.3.1/../../../../arm-none-eabi/lib/thumb/v7e-m+fp/hard\libc_nano.a(libc_a-closer.o) (errno)
C:/ST/STM32CubeIDE_1.18.0/STM32CubeIDE/plugins/com.st.stm32cube.ide.mcu.externaltools.gnu-tools-for-stm32.13.3.rel1.win32_1.0.0.202411081344/tools/bin/../lib/gcc/arm-none-eabi/13.3.1/../../../../arm-none-eabi/lib/thumb/v7e-m+fp/hard\libc_nano.a(libc_a-impure.o)
                              C:/ST/STM32CubeIDE_1.18.0/STM32CubeIDE/plugins/com.st.stm32cube.ide.mcu.externaltools.gnu-tools-for-stm32.13.3.rel1.win32_1.0.0.202411081344/tools/bin/../lib/gcc/arm-none-eabi/13.3.1/../../../../arm-none-eabi/lib/thumb/v7e-m+fp/hard\libc_nano.a(libc_a-reent.o) (_impure_ptr)
C:/ST/STM32CubeIDE_1.18.0/STM32CubeIDE/plugins/com.st.stm32cube.ide.mcu.externaltools.gnu-tools-for-stm32.13.3.rel1.win32_1.0.0.202411081344/tools/bin/../lib/gcc/arm-none-eabi/13.3.1/../../../../arm-none-eabi/lib/thumb/v7e-m+fp/hard\libc_nano.a(libc_a-lseekr.o)
[...]
Memory Configuration

Name             Origin             Length             Attributes
RAM              0x20000000         0x00018000         xrw
RAM2             0x10000000         0x00008000         xrw
FLASH            0x08000000         0x00008000         xr
*default*        0x00000000         0xffffffff

Linker script and memory map

LOAD C:/ST/STM32CubeIDE_1.18.0/STM32CubeIDE/plugins/com.st.stm32cube.ide.mcu.externaltools.gnu-tools-for-stm32.13.3.rel1.win32_1.0.0.202411081344/tools/bin/../lib/gcc/arm-none-eabi/13.3.1/thumb/v7e-m+fp/hard/crti.o
LOAD C:/ST/STM32CubeIDE_1.18.0/STM32CubeIDE/plugins/com.st.stm32cube.ide.mcu.externaltools.gnu-tools-for-stm32.13.3.rel1.win32_1.0.0.202411081344/tools/bin/../lib/gcc/arm-none-eabi/13.3.1/thumb/v7e-m+fp/hard/crtbegin.o
LOAD C:/ST/STM32CubeIDE_1.18.0/STM32CubeIDE/plugins/com.st.stm32cube.ide.mcu.externaltools.gnu-tools-for-stm32.13.3.rel1.win32_1.0.0.202411081344/tools/bin/../lib/gcc/arm-none-eabi/13.3.1/../../../../arm-none-eabi/lib/thumb/v7e-m+fp/hard/crt0.o
LOAD ./Application/User/Core/flash_utils.o
LOAD ./Application/User/Core/gpio.o
LOAD ./Application/User/Core/main.o
LOAD ./Application/User/Core/rtc.o
LOAD ./Application/User/Core/stm32l4xx_hal_msp.o
LOAD ./Application/User/Core/stm32l4xx_it.o
LOAD ./Application/User/Core/syscalls.o
LOAD ./Application/User/Core/sysmem.o
LOAD ./Application/User/Core/update_handler.o
LOAD ./Application/User/Core/usart.o
LOAD ./Application/User/Core/xmodem.o
LOAD ./Application/User/Startup/startup_stm32l476rgtx.o
LOAD ./Drivers/CMSIS/system_stm32l4xx.o
LOAD ./Drivers/STM32L4xx_HAL_Driver/stm32l4xx_hal.o
LOAD ./Drivers/STM32L4xx_HAL_Driver/stm32l4xx_hal_cortex.o
LOAD ./Drivers/STM32L4xx_HAL_Driver/stm32l4xx_hal_dma.o
LOAD ./Drivers/STM32L4xx_HAL_Driver/stm32l4xx_hal_dma_ex.o
LOAD ./Drivers/STM32L4xx_HAL_Driver/stm32l4xx_hal_exti.o
LOAD ./Drivers/STM32L4xx_HAL_Driver/stm32l4xx_hal_flash.o
LOAD ./Drivers/STM32L4xx_HAL_Driver/stm32l4xx_hal_flash_ex.o
LOAD ./Drivers/STM32L4xx_HAL_Driver/stm32l4xx_hal_flash_ramfunc.o
LOAD ./Drivers/STM32L4xx_HAL_Driver/stm32l4xx_hal_gpio.o
LOAD ./Drivers/STM32L4xx_HAL_Driver/stm32l4xx_hal_i2c.o
LOAD ./Drivers/STM32L4xx_HAL_Driver/stm32l4xx_hal_i2c_ex.o
LOAD ./Drivers/STM32L4xx_HAL_Driver/stm32l4xx_hal_pwr.o
LOAD ./Drivers/STM32L4xx_HAL_Driver/stm32l4xx_hal_pwr_ex.o
LOAD ./Drivers/STM32L4xx_HAL_Driver/stm32l4xx_hal_rcc.o
LOAD ./Drivers/STM32L4xx_HAL_Driver/stm32l4xx_hal_rcc_ex.o
LOAD ./Drivers/STM32L4xx_HAL_Driver/stm32l4xx_hal_rtc.o
LOAD ./Drivers/STM32L4xx_HAL_Driver/stm32l4xx_hal_rtc_ex.o
LOAD ./Drivers/STM32L4xx_HAL_Driver/stm32l4xx_hal_uart.o
LOAD ./Drivers/STM32L4xx_HAL_Driver/stm32l4xx_hal_uart_ex.o
START GROUP
LOAD C:/ST/STM32CubeIDE_1.18.0/STM32CubeIDE/plugins/com.st.stm32cube.ide.mcu.externaltools.gnu-tools-for-stm32.13.3.rel1.win32_1.0.0.202411081344/tools/bin/../lib/gcc/arm-none-eabi/13.3.1/../../../../arm-none-eabi/lib/thumb/v7e-m+fp/hard\libc_nano.a
LOAD C:/ST/STM32CubeIDE_1.18.0/STM32CubeIDE/plugins/com.st.stm32cube.ide.mcu.externaltools.gnu-tools-for-stm32.13.3.rel1.win32_1.0.0.202411081344/tools/bin/../lib/gcc/arm-none-eabi/13.3.1/../../../../arm-none-eabi/lib/thumb/v7e-m+fp/hard\libm.a
END GROUP
START GROUP
LOAD C:/ST/STM32CubeIDE_1.18.0/STM32CubeIDE/plugins/com.st.stm32cube.ide.mcu.externaltools.gnu-tools-for-stm32.13.3.rel1.win32_1.0.0.202411081344/tools/bin/../lib/gcc/arm-none-eabi/13.3.1/thumb/v7e-m+fp/hard\libgcc.a
LOAD C:/ST/STM32CubeIDE_1.18.0/STM32CubeIDE/plugins/com.st.stm32cube.ide.mcu.externaltools.gnu-tools-for-stm32.13.3.rel1.win32_1.0.0.202411081344/tools/bin/../lib/gcc/arm-none-eabi/13.3.1/../../../../arm-none-eabi/lib/thumb/v7e-m+fp/hard\libc_nano.a
END GROUP
START GROUP
LOAD C:/ST/STM32CubeIDE_1.18.0/STM32CubeIDE/plugins/com.st.stm32cube.ide.mcu.externaltools.gnu-tools-for-stm32.13.3.rel1.win32_1.0.0.202411081344/tools/bin/../lib/gcc/arm-none-eabi/13.3.1/thumb/v7e-m+fp/hard\libgcc.a
LOAD C:/ST/STM32CubeIDE_1.18.0/STM32CubeIDE/plugins/com.st.stm32cube.ide.mcu.externaltools.gnu-tools-for-stm32.13.3.rel1.win32_1.0.0.202411081344/tools/bin/../lib/gcc/arm-none-eabi/13.3.1/../../../../arm-none-eabi/lib/thumb/v7e-m+fp/hard\libc_nano.a
LOAD C:/ST/STM32CubeIDE_1.18.0/STM32CubeIDE/plugins/com.st.stm32cube.ide.mcu.externaltools.gnu-tools-for-stm32.13.3.rel1.win32_1.0.0.202411081344/tools/bin/../lib/gcc/arm-none-eabi/13.3.1/../../../../arm-none-eabi/lib/thumb/v7e-m+fp/hard\libnosys.a
END GROUP
START GROUP
LOAD C:/ST/STM32CubeIDE_1.18.0/STM32CubeIDE/plugins/com.st.stm32cube.ide.mcu.externaltools.gnu-tools-for-stm32.13.3.rel1.win32_1.0.0.202411081344/tools/bin/../lib/gcc/arm-none-eabi/13.3.1/thumb/v7e-m+fp/hard\libgcc.a
LOAD C:/ST/STM32CubeIDE_1.18.0/STM32CubeIDE/plugins/com.st.stm32cube.ide.mcu.externaltools.gnu-tools-for-stm32.13.3.rel1.win32_1.0.0.202411081344/tools/bin/../lib/gcc/arm-none-eabi/13.3.1/../../../../arm-none-eabi/lib/thumb/v7e-m+fp/hard\libc_nano.a
LOAD C:/ST/STM32CubeIDE_1.18.0/STM32CubeIDE/plugins/com.st.stm32cube.ide.mcu.externaltools.gnu-tools-for-stm32.13.3.rel1.win32_1.0.0.202411081344/tools/bin/../lib/gcc/arm-none-eabi/13.3.1/../../../../arm-none-eabi/lib/thumb/v7e-m+fp/hard\libnosys.a
END GROUP
LOAD C:/ST/STM32CubeIDE_1.18.0/STM32CubeIDE/plugins/com.st.stm32cube.ide.mcu.externaltools.gnu-tools-for-stm32.13.3.rel1.win32_1.0.0.202411081344/tools/bin/../lib/gcc/arm-none-eabi/13.3.1/thumb/v7e-m+fp/hard/crtend.o
LOAD C:/ST/STM32CubeIDE_1.18.0/STM32CubeIDE/plugins/com.st.stm32cube.ide.mcu.externaltools.gnu-tools-for-stm32.13.3.rel1.win32_1.0.0.202411081344/tools/bin/../lib/gcc/arm-none-eabi/13.3.1/thumb/v7e-m+fp/hard/crtn.o
                0x20018000                        _estack = (ORIGIN (RAM) + LENGTH (RAM))
                0x00000200                        _Min_Heap_Size = 0x200
                0x00000400                        _Min_Stack_Size = 0x400

.isr_vector     0x08000000      0x188
                0x08000000                        . = ALIGN (0x4)
 *(.isr_vector)
 .isr_vector    0x08000000      0x188 ./Application/User/Startup/startup_stm32l476rgtx.o
                0x08000000                g_pfnVectors
                0x08000188                        . = ALIGN (0x4)

.text           0x08000188     0x3fa0
                0x08000188                        . = ALIGN (0x4)
 *(.text)
 .text          0x08000188       0x40 C:/ST/STM32CubeIDE_1.18.0/STM32CubeIDE/plugins/com.st.stm32cube.ide.mcu.externaltools.gnu-tools-for-stm32.13.3.rel1.win32_1.0.0.202411081344/tools/bin/../lib/gcc/arm-none-eabi/13.3.1/thumb/v7e-m+fp/hard/crtbegin.o
 .text          0x080001c8       0x30 C:/ST/STM32CubeIDE_1.18.0/STM32CubeIDE/plugins/com.st.stm32cube.ide.mcu.externaltools.gnu-tools-for-stm32.13.3.rel1.win32_1.0.0.202411081344/tools/bin/../lib/gcc/arm-none-eabi/13.3.1/thumb/v7e-m+fp/hard\libgcc.a(_aeabi_uldivmod.o)
                0x080001c8                __aeabi_uldivmod
 .text          0x080001f8      0x2f8 C:/ST/STM32CubeIDE_1.18.0/STM32CubeIDE/plugins/com.st.stm32cube.ide.mcu.externaltools.gnu-tools-for-stm32.13.3.rel1.win32_1.0.0.202411081344/tools/bin/../lib/gcc/arm-none-eabi/13.3.1/thumb/v7e-m+fp/hard\libgcc.a(_udivmoddi4.o)
                0x080001f8                __udivmoddi4
 .text          0x080004f0        0x4 C:/ST/STM32CubeIDE_1.18.0/STM32CubeIDE/plugins/com.st.stm32cube.ide.mcu.externaltools.gnu-tools-for-stm32.13.3.rel1.win32_1.0.0.202411081344/tools/bin/../lib/gcc/arm-none-eabi/13.3.1/thumb/v7e-m+fp/hard\libgcc.a(_dvmd_tls.o)
                0x080004f0                __aeabi_idiv0
                0x080004f0                __aeabi_ldiv0
 *(.text*)
 .text.flash_erase_region
                0x080004f4       0x6c ./Application/User/Core/flash_utils.o
                0x080004f4                flash_erase_region
 .text.flash_write
                0x08000560       0x7a ./Application/User/Core/flash_utils.o
                0x08000560                flash_write
 *fill*         0x080005da        0x2 
 .text.MX_GPIO_Init
                0x080005dc       0xcc ./Application/User/Core/gpio.o
                0x080005dc                MX_GPIO_Init
 .text.main     0x080006a8       0x20 ./Application/User/Core/main.o
                0x080006a8                main
 .text.SystemClock_Config
                0x080006c8       0xa6 ./Application/User/Core/main.o
                0x080006c8                SystemClock_Config
 .text.Error_Handler
                0x0800076e        0xc ./Application/User/Core/main.o
                0x0800076e                Error_Handler
 *fill*         0x0800077a        0x2 
 .text.MX_RTC_Init
                0x0800077c       0x50 ./Application/User/Core/rtc.o
                0x0800077c                MX_RTC_Init
 .text.HAL_RTC_MspInit
                0x080007cc       0x64 ./Application/User/Core/rtc.o
                0x080007cc                HAL_RTC_MspInit
 .text.HAL_MspInit
                0x08000830       0x48 ./Application/User/Core/stm32l4xx_hal_msp.o
                0x08000830                HAL_MspInit
 .text.NMI_Handler
                0x08000878        0x8 ./Application/User/Core/stm32l4xx_it.o
                0x08000878                NMI_Handler
 .text.HardFault_Handler
                0x08000880        0x8 ./Application/User/Core/stm32l4xx_it.o
                0x08000880                HardFault_Handler
 .text.MemManage_Handler
                0x08000888        0x8 ./Application/User/Core/stm32l4xx_it.o
                0x08000888                MemManage_Handler
 .text.BusFault_Handler
                0x08000890        0x8 ./Application/User/Core/stm32l4xx_it.o
                0x08000890                BusFault_Handler
 .text.UsageFault_Handler
                0x08000898        0x8 ./Application/User/Core/stm32l4xx_it.o
                0x08000898                UsageFault_Handler
 .text.SVC_Handler
                0x080008a0        0xe ./Application/User/Core/stm32l4xx_it.o
                0x080008a0                SVC_Handler
 .text.DebugMon_Handler
                0x080008ae        0xe ./Application/User/Core/stm32l4xx_it.o
                0x080008ae                DebugMon_Handler
 .text.PendSV_Handler
                0x080008bc        0xe ./Application/User/Core/stm32l4xx_it.o
                0x080008bc                PendSV_Handler
 .text.SysTick_Handler
                0x080008ca        0xc ./Application/User/Core/stm32l4xx_it.o
                0x080008ca                SysTick_Handler
 *fill*         0x080008d6        0x2 
 .text.run_bootloader_logic
                0x080008d8       0x94 ./Application/User/Core/update_handler.o
                0x080008d8                run_bootloader_logic
 .text.jump_to_main_app
                0x0800096c       0x6c ./Application/User/Core/update_handler.o
                0x0800096c                jump_to_main_app
 .text.MX_USART2_UART_Init
                0x080009d8       0x60 ./Application/User/Core/usart.o
                0x080009d8                MX_USART2_UART_Init
 .text.HAL_UART_MspInit
                0x08000a38       0xb8 ./Application/User/Core/usart.o
                0x08000a38                HAL_UART_MspInit
 .text.xModemInit
                0x08000af0       0x50 ./Application/User/Core/xmodem.o
                0x08000af0                xModemInit
 .text.xModemGetHeader
                0x08000b40       0x5c ./Application/User/Core/xmodem.o
                0x08000b40                xModemGetHeader
 .text.xModemReceive
                0x08000b9c      0x230 ./Application/User/Core/xmodem.o
                0x08000b9c                xModemReceive
 .text.xModemCrc16Calculate
                0x08000dcc       0x78 ./Application/User/Core/xmodem.o
 .text.xModemHandleError
                0x08000e44       0x64 ./Application/User/Core/xmodem.o
 .text.Reset_Handler
                0x08000ea8       0x50 ./Application/User/Startup/startup_stm32l476rgtx.o
                0x08000ea8                Reset_Handler
 .text.Default_Handler
                0x08000ef8        0x2 ./Application/User/Startup/startup_stm32l476rgtx.o
                0x08000ef8                RTC_Alarm_IRQHandler
                0x08000ef8                EXTI2_IRQHandler
                0x08000ef8                TIM8_TRG_COM_IRQHandler
                0x08000ef8                TIM8_CC_IRQHandler
                0x08000ef8                TIM1_CC_IRQHandler
                0x08000ef8                TSC_IRQHandler
                0x08000ef8                TAMP_STAMP_IRQHandler
                0x08000ef8                EXTI3_IRQHandler
                0x08000ef8                LPTIM2_IRQHandler
                0x08000ef8                DFSDM1_FLT1_IRQHandler
                0x08000ef8                I2C3_ER_IRQHandler
                0x08000ef8                DFSDM1_FLT2_IRQHandler
                0x08000ef8                EXTI0_IRQHandler
                0x08000ef8                I2C2_EV_IRQHandler
                0x08000ef8                CAN1_RX0_IRQHandler
                0x08000ef8                FPU_IRQHandler
                0x08000ef8                TIM1_UP_TIM16_IRQHandler
                0x08000ef8                ADC1_2_IRQHandler
                0x08000ef8                SPI1_IRQHandler
                0x08000ef8                TIM6_DAC_IRQHandler
                0x08000ef8                TIM8_UP_IRQHandler
                0x08000ef8                DMA2_Channel2_IRQHandler
                0x08000ef8                DMA1_Channel4_IRQHandler
                0x08000ef8                SAI2_IRQHandler
                0x08000ef8                DFSDM1_FLT3_IRQHandler
                0x08000ef8                USART3_IRQHandler
                0x08000ef8                DMA1_Channel7_IRQHandler
                0x08000ef8                CAN1_RX1_IRQHandler
                0x08000ef8                LCD_IRQHandler
                0x08000ef8                UART5_IRQHandler
                0x08000ef8                ADC3_IRQHandler
                0x08000ef8                TIM4_IRQHandler
                0x08000ef8                DMA2_Channel1_IRQHandler
                0x08000ef8                QUADSPI_IRQHandler
                0x08000ef8                I2C1_EV_IRQHandler
                0x08000ef8                DMA1_Channel6_IRQHandler
                0x08000ef8                UART4_IRQHandler
                0x08000ef8                DMA2_Channel4_IRQHandler
                0x08000ef8                TIM3_IRQHandler
                0x08000ef8                RCC_IRQHandler
                0x08000ef8                DMA1_Channel1_IRQHandler
                0x08000ef8                Default_Handler
                0x08000ef8                DMA2_Channel7_IRQHandler
                0x08000ef8                EXTI15_10_IRQHandler
                0x08000ef8                TIM7_IRQHandler
                0x08000ef8                SDMMC1_IRQHandler
                0x08000ef8                TIM5_IRQHandler
                0x08000ef8                I2C3_EV_IRQHandler
                0x08000ef8                EXTI9_5_IRQHandler
                0x08000ef8                RTC_WKUP_IRQHandler
                0x08000ef8                PVD_PVM_IRQHandler
                0x08000ef8                SPI2_IRQHandler
                0x08000ef8                CAN1_TX_IRQHandler
                0x08000ef8                DMA2_Channel5_IRQHandler
                0x08000ef8                DMA1_Channel5_IRQHandler
                0x08000ef8                EXTI4_IRQHandler
                0x08000ef8                RNG_IRQHandler
                0x08000ef8                TIM1_TRG_COM_TIM17_IRQHandler
                0x08000ef8                DMA1_Channel3_IRQHandler
                0x08000ef8                COMP_IRQHandler
                0x08000ef8                WWDG_IRQHandler
                0x08000ef8                LPUART1_IRQHandler
                0x08000ef8                DMA2_Channel6_IRQHandler
                0x08000ef8                TIM2_IRQHandler
                0x08000ef8                EXTI1_IRQHandler
                0x08000ef8                USART2_IRQHandler
                0x08000ef8                DFSDM1_FLT0_IRQHandler
                0x08000ef8                I2C2_ER_IRQHandler
                0x08000ef8                DMA1_Channel2_IRQHandler
                0x08000ef8                TIM8_BRK_IRQHandler
                0x08000ef8                CAN1_SCE_IRQHandler
                0x08000ef8                FLASH_IRQHandler
                0x08000ef8                USART1_IRQHandler
                0x08000ef8                OTG_FS_IRQHandler
                0x08000ef8                SPI3_IRQHandler
                0x08000ef8                I2C1_ER_IRQHandler
                0x08000ef8                FMC_IRQHandler
                0x08000ef8                SWPMI1_IRQHandler
                0x08000ef8                LPTIM1_IRQHandler
                0x08000ef8                SAI1_IRQHandler
                0x08000ef8                DMA2_Channel3_IRQHandler
                0x08000ef8                TIM1_BRK_TIM15_IRQHandler
 *fill*         0x08000efa        0x2 
 .text.SystemInit
                0x08000efc       0x24 ./Drivers/CMSIS/system_stm32l4xx.o
                0x08000efc                SystemInit
 .text.HAL_Init
                0x08000f20       0x40 ./Drivers/STM32L4xx_HAL_Driver/stm32l4xx_hal.o
                0x08000f20                HAL_Init
 .text.HAL_InitTick
                0x08000f60       0x78 ./Drivers/STM32L4xx_HAL_Driver/stm32l4xx_hal.o
                0x08000f60                HAL_InitTick
 .text.HAL_IncTick
                0x08000fd8       0x28 ./Drivers/STM32L4xx_HAL_Driver/stm32l4xx_hal.o
                0x08000fd8                HAL_IncTick
 .text.HAL_GetTick
                0x08001000       0x18 ./Drivers/STM32L4xx_HAL_Driver/stm32l4xx_hal.o
                0x08001000                HAL_GetTick
 .text.HAL_Delay
                0x08001018       0x48 ./Drivers/STM32L4xx_HAL_Driver/stm32l4xx_hal.o
                0x08001018                HAL_Delay
 .text.__NVIC_SetPriorityGrouping
                0x08001060       0x48 ./Drivers/STM32L4xx_HAL_Driver/stm32l4xx_hal_cortex.o
 .text.__NVIC_GetPriorityGrouping
                0x080010a8       0x1c ./Drivers/STM32L4xx_HAL_Driver/stm32l4xx_hal_cortex.o
 .text.__NVIC_SetPriority
                0x080010c4       0x54 ./Drivers/STM32L4xx_HAL_Driver/stm32l4xx_hal_cortex.o
 .text.NVIC_EncodePriority
                0x08001118       0x66 ./Drivers/STM32L4xx_HAL_Driver/stm32l4xx_hal_cortex.o
 *fill*         0x0800117e        0x2 
 .text.SysTick_Config
                0x08001180       0x44 ./Drivers/STM32L4xx_HAL_Driver/stm32l4xx_hal_cortex.o
 .text.HAL_NVIC_SetPriorityGrouping
                0x080011c4       0x16 ./Drivers/STM32L4xx_HAL_Driver/stm32l4xx_hal_cortex.o
                0x080011c4                HAL_NVIC_SetPriorityGrouping
 .text.HAL_NVIC_SetPriority
                0x080011da       0x38 ./Drivers/STM32L4xx_HAL_Driver/stm32l4xx_hal_cortex.o
                0x080011da                HAL_NVIC_SetPriority
 .text.HAL_SYSTICK_Config
                0x08001212       0x18 ./Drivers/STM32L4xx_HAL_Driver/stm32l4xx_hal_cortex.o
                0x08001212                HAL_SYSTICK_Config
 *fill*         0x0800122a        0x2 
 .text.HAL_FLASH_Program
                0x0800122c       0xd8 ./Drivers/STM32L4xx_HAL_Driver/stm32l4xx_hal_flash.o
                0x0800122c                HAL_FLASH_Program
 .text.HAL_FLASH_Unlock
                0x08001304       0x44 ./Drivers/STM32L4xx_HAL_Driver/stm32l4xx_hal_flash.o
                0x08001304                HAL_FLASH_Unlock
 .text.HAL_FLASH_Lock
                0x08001348       0x20 ./Drivers/STM32L4xx_HAL_Driver/stm32l4xx_hal_flash.o
                0x08001348                HAL_FLASH_Lock
 .text.FLASH_WaitForLastOperation
                0x08001368       0xac ./Drivers/STM32L4xx_HAL_Driver/stm32l4xx_hal_flash.o
                0x08001368                FLASH_WaitForLastOperation
 .text.FLASH_Program_DoubleWord
                0x08001414       0x4c ./Drivers/STM32L4xx_HAL_Driver/stm32l4xx_hal_flash.o
 .text.FLASH_Program_Fast
                0x08001460       0x6c ./Drivers/STM32L4xx_HAL_Driver/stm32l4xx_hal_flash.o
 .text.HAL_FLASHEx_Erase
                0x080014cc      0x138 ./Drivers/STM32L4xx_HAL_Driver/stm32l4xx_hal_flash_ex.o
                0x080014cc                HAL_FLASHEx_Erase
 .text.FLASH_MassErase
                0x08001604       0x50 ./Drivers/STM32L4xx_HAL_Driver/stm32l4xx_hal_flash_ex.o
 .text.FLASH_PageErase
                0x08001654       0x6c ./Drivers/STM32L4xx_HAL_Driver/stm32l4xx_hal_flash_ex.o
                0x08001654                FLASH_PageErase
 .text.FLASH_FlushCaches
                0x080016c0       0x94 ./Drivers/STM32L4xx_HAL_Driver/stm32l4xx_hal_flash_ex.o
                0x080016c0                FLASH_FlushCaches
 .text.HAL_GPIO_Init
                0x08001754      0x354 ./Drivers/STM32L4xx_HAL_Driver/stm32l4xx_hal_gpio.o
                0x08001754                HAL_GPIO_Init
 .text.HAL_GPIO_WritePin
                0x08001aa8       0x30 ./Drivers/STM32L4xx_HAL_Driver/stm32l4xx_hal_gpio.o
                0x08001aa8                HAL_GPIO_WritePin
 .text.HAL_PWREx_GetVoltageRange
                0x08001ad8       0x1c ./Drivers/STM32L4xx_HAL_Driver/stm32l4xx_hal_pwr_ex.o
                0x08001ad8                HAL_PWREx_GetVoltageRange
 .text.HAL_PWREx_ControlVoltageScaling
                0x08001af4       0xac ./Drivers/STM32L4xx_HAL_Driver/stm32l4xx_hal_pwr_ex.o
                0x08001af4                HAL_PWREx_ControlVoltageScaling
 .text.HAL_RCC_OscConfig
                0x08001ba0      0x7b8 ./Drivers/STM32L4xx_HAL_Driver/stm32l4xx_hal_rcc.o
                0x08001ba0                HAL_RCC_OscConfig
 .text.HAL_RCC_ClockConfig
                0x08002358      0x200 ./Drivers/STM32L4xx_HAL_Driver/stm32l4xx_hal_rcc.o
                0x08002358                HAL_RCC_ClockConfig
 .text.HAL_RCC_GetSysClockFreq
                0x08002558      0x118 ./Drivers/STM32L4xx_HAL_Driver/stm32l4xx_hal_rcc.o
                0x08002558                HAL_RCC_GetSysClockFreq
 .text.HAL_RCC_GetHCLKFreq
                0x08002670       0x18 ./Drivers/STM32L4xx_HAL_Driver/stm32l4xx_hal_rcc.o
                0x08002670                HAL_RCC_GetHCLKFreq
 .text.HAL_RCC_GetPCLK1Freq
                0x08002688       0x2c ./Drivers/STM32L4xx_HAL_Driver/stm32l4xx_hal_rcc.o
                0x08002688                HAL_RCC_GetPCLK1Freq
 .text.HAL_RCC_GetPCLK2Freq
                0x080026b4       0x2c ./Drivers/STM32L4xx_HAL_Driver/stm32l4xx_hal_rcc.o
                0x080026b4                HAL_RCC_GetPCLK2Freq
 .text.RCC_SetFlashLatencyFromMSIRange
                0x080026e0       0xc0 ./Drivers/STM32L4xx_HAL_Driver/stm32l4xx_hal_rcc.o
 .text.HAL_RCCEx_PeriphCLKConfig
                0x080027a0      0x5d4 ./Drivers/STM32L4xx_HAL_Driver/stm32l4xx_hal_rcc_ex.o
                0x080027a0                HAL_RCCEx_PeriphCLKConfig
 .text.RCCEx_PLLSAI1_Config
                0x08002d74      0x1e8 ./Drivers/STM32L4xx_HAL_Driver/stm32l4xx_hal_rcc_ex.o
 .text.RCCEx_PLLSAI2_Config
                0x08002f5c      0x1bc ./Drivers/STM32L4xx_HAL_Driver/stm32l4xx_hal_rcc_ex.o
 .text.HAL_RTC_Init
                0x08003118      0x110 ./Drivers/STM32L4xx_HAL_Driver/stm32l4xx_hal_rtc.o
                0x08003118                HAL_RTC_Init
 .text.HAL_RTC_WaitForSynchro
                0x08003228       0x48 ./Drivers/STM32L4xx_HAL_Driver/stm32l4xx_hal_rtc.o
                0x08003228                HAL_RTC_WaitForSynchro
 .text.RTC_EnterInitMode
                0x08003270       0x66 ./Drivers/STM32L4xx_HAL_Driver/stm32l4xx_hal_rtc.o
                0x08003270                RTC_EnterInitMode
 *fill*         0x080032d6        0x2 
 .text.RTC_ExitInitMode
                0x080032d8       0x7c ./Drivers/STM32L4xx_HAL_Driver/stm32l4xx_hal_rtc.o
                0x080032d8                RTC_ExitInitMode
 .text.HAL_RTCEx_BKUPWrite
                0x08003354       0x32 ./Drivers/STM32L4xx_HAL_Driver/stm32l4xx_hal_rtc_ex.o
                0x08003354                HAL_RTCEx_BKUPWrite
 .text.HAL_RTCEx_BKUPRead
                0x08003386       0x2c ./Drivers/STM32L4xx_HAL_Driver/stm32l4xx_hal_rtc_ex.o
                0x08003386                HAL_RTCEx_BKUPRead
 .text.HAL_UART_Init
                0x080033b2       0x9c ./Drivers/STM32L4xx_HAL_Driver/stm32l4xx_hal_uart.o
                0x080033b2                HAL_UART_Init
 .text.HAL_UART_Transmit
                0x0800344e      0x112 ./Drivers/STM32L4xx_HAL_Driver/stm32l4xx_hal_uart.o
                0x0800344e                HAL_UART_Transmit
 .text.HAL_UART_Receive
                0x08003560      0x192 ./Drivers/STM32L4xx_HAL_Driver/stm32l4xx_hal_uart.o
                0x08003560                HAL_UART_Receive
 *fill*         0x080036f2        0x2 
 .text.UART_SetConfig
                0x080036f4      0x570 ./Drivers/STM32L4xx_HAL_Driver/stm32l4xx_hal_uart.o
                0x080036f4                UART_SetConfig
 .text.UART_AdvFeatureConfig
                0x08003c64      0x144 ./Drivers/STM32L4xx_HAL_Driver/stm32l4xx_hal_uart.o
                0x08003c64                UART_AdvFeatureConfig
 .text.UART_CheckIdleState
                0x08003da8      0x150 ./Drivers/STM32L4xx_HAL_Driver/stm32l4xx_hal_uart.o
                0x08003da8                UART_CheckIdleState
 .text.UART_WaitOnFlagUntilTimeout
                0x08003ef8       0xda ./Drivers/STM32L4xx_HAL_Driver/stm32l4xx_hal_uart.o
                0x08003ef8                UART_WaitOnFlagUntilTimeout
 .text.UART_EndRxTransfer
                0x08003fd2       0xc8 ./Drivers/STM32L4xx_HAL_Driver/stm32l4xx_hal_uart.o
 .text.memset   0x0800409a       0x10 C:/ST/STM32CubeIDE_1.18.0/STM32CubeIDE/plugins/com.st.stm32cube.ide.mcu.externaltools.gnu-tools-for-stm32.13.3.rel1.win32_1.0.0.202411081344/tools/bin/../lib/gcc/arm-none-eabi/13.3.1/../../../../arm-none-eabi/lib/thumb/v7e-m+fp/hard\libc_nano.a(libc_a-memset.o)
                0x0800409a                memset
 *fill*         0x080040aa        0x2 
 .text.__libc_init_array
                0x080040ac       0x48 C:/ST/STM32CubeIDE_1.18.0/STM32CubeIDE/plugins/com.st.stm32cube.ide.mcu.externaltools.gnu-tools-for-stm32.13.3.rel1.win32_1.0.0.202411081344/tools/bin/../lib/gcc/arm-none-eabi/13.3.1/../../../../arm-none-eabi/lib/thumb/v7e-m+fp/hard\libc_nano.a(libc_a-init.o)
                0x080040ac                __libc_init_array
 .text.memcpy   0x080040f4       0x1c C:/ST/STM32CubeIDE_1.18.0/STM32CubeIDE/plugins/com.st.stm32cube.ide.mcu.externaltools.gnu-tools-for-stm32.13.3.rel1.win32_1.0.0.202411081344/tools/bin/../lib/gcc/arm-none-eabi/13.3.1/../../../../arm-none-eabi/lib/thumb/v7e-m+fp/hard\libc_nano.a(libc_a-memcpy-stub.o)
                0x080040f4                memcpy
 *(.glue_7)
 .glue_7        0x08004110        0x0 linker stubs
 *(.glue_7t)
 .glue_7t       0x08004110        0x0 linker stubs
 *(.eh_frame)
 .eh_frame      0x08004110        0x0 C:/ST/STM32CubeIDE_1.18.0/STM32CubeIDE/plugins/com.st.stm32cube.ide.mcu.externaltools.gnu-tools-for-stm32.13.3.rel1.win32_1.0.0.202411081344/tools/bin/../lib/gcc/arm-none-eabi/13.3.1/thumb/v7e-m+fp/hard/crtbegin.o
 *(.init)
 .init          0x08004110        0x4 C:/ST/STM32CubeIDE_1.18.0/STM32CubeIDE/plugins/com.st.stm32cube.ide.mcu.externaltools.gnu-tools-for-stm32.13.3.rel1.win32_1.0.0.202411081344/tools/bin/../lib/gcc/arm-none-eabi/13.3.1/thumb/v7e-m+fp/hard/crti.o
                0x08004110                _init
 .init          0x08004114        0x8 C:/ST/STM32CubeIDE_1.18.0/STM32CubeIDE/plugins/com.st.stm32cube.ide.mcu.externaltools.gnu-tools-for-stm32.13.3.rel1.win32_1.0.0.202411081344/tools/bin/../lib/gcc/arm-none-eabi/13.3.1/thumb/v7e-m+fp/hard/crtn.o
 *(.fini)
 .fini          0x0800411c        0x4 C:/ST/STM32CubeIDE_1.18.0/STM32CubeIDE/plugins/com.st.stm32cube.ide.mcu.externaltools.gnu-tools-for-stm32.13.3.rel1.win32_1.0.0.202411081344/tools/bin/../lib/gcc/arm-none-eabi/13.3.1/thumb/v7e-m+fp/hard/crti.o
                0x0800411c                _fini
 .fini          0x08004120        0x8 C:/ST/STM32CubeIDE_1.18.0/STM32CubeIDE/plugins/com.st.stm32cube.ide.mcu.externaltools.gnu-tools-for-stm32.13.3.rel1.win32_1.0.0.202411081344/tools/bin/../lib/gcc/arm-none-eabi/13.3.1/thumb/v7e-m+fp/hard/crtn.o
                0x08004128                        . = ALIGN (0x4)
                0x08004128                        _etext = .

.vfp11_veneer   0x08004128        0x0
 .vfp11_veneer  0x08004128        0x0 linker stubs

.v4_bx          0x08004128        0x0
 .v4_bx         0x08004128        0x0 linker stubs

.iplt           0x08004128        0x0
 .iplt          0x08004128        0x0 C:/ST/STM32CubeIDE_1.18.0/STM32CubeIDE/plugins/com.st.stm32cube.ide.mcu.externaltools.gnu-tools-for-stm32.13.3.rel1.win32_1.0.0.202411081344/tools/bin/../lib/gcc/arm-none-eabi/13.3.1/thumb/v7e-m+fp/hard/crtbegin.o

.rodata         0x08004128       0xe0
                0x08004128                        . = ALIGN (0x4)
 *(.rodata)
 .rodata        0x08004128       0x98 ./Application/User/Core/update_handler.o
 *(.rodata*)
 .rodata.AHBPrescTable
                0x080041c0       0x10 ./Drivers/CMSIS/system_stm32l4xx.o
                0x080041c0                AHBPrescTable
 .rodata.APBPrescTable
                0x080041d0        0x8 ./Drivers/CMSIS/system_stm32l4xx.o
                0x080041d0                APBPrescTable
 .rodata.MSIRangeTable
                0x080041d8       0x30 ./Drivers/CMSIS/system_stm32l4xx.o
                0x080041d8                MSIRangeTable
                0x08004208                        . = ALIGN (0x4)

.ARM.extab      0x08004208        0x0
                0x08004208                        . = ALIGN (0x4)
 *(.ARM.extab* .gnu.linkonce.armextab.*)
                0x08004208                        . = ALIGN (0x4)

.ARM            0x08004208        0x8
                0x08004208                        . = ALIGN (0x4)
                0x08004208                        __exidx_start = .
 *(.ARM.exidx*)
 .ARM.exidx     0x08004208        0x8 C:/ST/STM32CubeIDE_1.18.0/STM32CubeIDE/plugins/com.st.stm32cube.ide.mcu.externaltools.gnu-tools-for-stm32.13.3.rel1.win32_1.0.0.202411081344/tools/bin/../lib/gcc/arm-none-eabi/13.3.1/thumb/v7e-m+fp/hard\libgcc.a(_udivmoddi4.o)
                0x08004210                        __exidx_end = .
                0x08004210                        . = ALIGN (0x4)

.preinit_array  0x08004210        0x0
                0x08004210                        . = ALIGN (0x4)
                0x08004210                        PROVIDE (__preinit_array_start = .)
 *(.preinit_array*)
                0x08004210                        PROVIDE (__preinit_array_end = .)
                0x08004210                        . = ALIGN (0x4)

.init_array     0x08004210        0x4
                0x08004210                        . = ALIGN (0x4)
                0x08004210                        PROVIDE (__init_array_start = .)
 *(SORT_BY_NAME(.init_array.*))
 *(.init_array*)
 .init_array    0x08004210        0x4 C:/ST/STM32CubeIDE_1.18.0/STM32CubeIDE/plugins/com.st.stm32cube.ide.mcu.externaltools.gnu-tools-for-stm32.13.3.rel1.win32_1.0.0.202411081344/tools/bin/../lib/gcc/arm-none-eabi/13.3.1/thumb/v7e-m+fp/hard/crtbegin.o
                0x08004214                        PROVIDE (__init_array_end = .)
                0x08004214                        . = ALIGN (0x4)

.fini_array     0x08004214        0x4
                0x08004214                        . = ALIGN (0x4)
                [!provide]                        PROVIDE (__fini_array_start = .)
 *(SORT_BY_NAME(.fini_array.*))
 *(.fini_array*)
 .fini_array    0x08004214        0x4 C:/ST/STM32CubeIDE_1.18.0/STM32CubeIDE/plugins/com.st.stm32cube.ide.mcu.externaltools.gnu-tools-for-stm32.13.3.rel1.win32_1.0.0.202411081344/tools/bin/../lib/gcc/arm-none-eabi/13.3.1/thumb/v7e-m+fp/hard/crtbegin.o
                [!provide]                        PROVIDE (__fini_array_end = .)
                0x08004218                        . = ALIGN (0x4)
                0x08004218                        _sidata = LOADADDR (.data)

.rel.dyn        0x08004218        0x0
 .rel.iplt      0x08004218        0x0 C:/ST/STM32CubeIDE_1.18.0/STM32CubeIDE/plugins/com.st.stm32cube.ide.mcu.externaltools.gnu-tools-for-stm32.13.3.rel1.win32_1.0.0.202411081344/tools/bin/../lib/gcc/arm-none-eabi/13.3.1/thumb/v7e-m+fp/hard/crtbegin.o

.data           0x20000000       0x2c load address 0x08004218
                0x20000000                        . = ALIGN (0x4)
                0x20000000                        _sdata = .
 *(.data)
 *(.data*)
 .data.SystemCoreClock
                0x20000000        0x4 ./Drivers/CMSIS/system_stm32l4xx.o
                0x20000000                SystemCoreClock
 .data.uwTickPrio
                0x20000004        0x4 ./Drivers/STM32L4xx_HAL_Driver/stm32l4xx_hal.o
                0x20000004                uwTickPrio
 .data.uwTickFreq
                0x20000008        0x1 ./Drivers/STM32L4xx_HAL_Driver/stm32l4xx_hal.o
                0x20000008                uwTickFreq
 *fill*         0x20000009        0x3 
 .data.pFlash   0x2000000c       0x20 ./Drivers/STM32L4xx_HAL_Driver/stm32l4xx_hal_flash.o
                0x2000000c                pFlash
 *(.RamFunc)
 *(.RamFunc*)
                0x2000002c                        . = ALIGN (0x4)
                0x2000002c                        _edata = .

.igot.plt       0x2000002c        0x0 load address 0x08004244
 .igot.plt      0x2000002c        0x0 C:/ST/STM32CubeIDE_1.18.0/STM32CubeIDE/plugins/com.st.stm32cube.ide.mcu.externaltools.gnu-tools-for-stm32.13.3.rel1.win32_1.0.0.202411081344/tools/bin/../lib/gcc/arm-none-eabi/13.3.1/thumb/v7e-m+fp/hard/crtbegin.o
                0x2000002c                        . = ALIGN (0x4)

.bss            0x2000002c      0x4e4 load address 0x08004244
                0x2000002c                        _sbss = .
                0x2000002c                        __bss_start__ = _sbss
 *(.bss)
 .bss           0x2000002c       0x1c C:/ST/STM32CubeIDE_1.18.0/STM32CubeIDE/plugins/com.st.stm32cube.ide.mcu.externaltools.gnu-tools-for-stm32.13.3.rel1.win32_1.0.0.202411081344/tools/bin/../lib/gcc/arm-none-eabi/13.3.1/thumb/v7e-m+fp/hard/crtbegin.o
 *(.bss*)
 .bss.hrtc      0x20000048       0x24 ./Application/User/Core/rtc.o
                0x20000048                hrtc
 .bss.huart2    0x2000006c       0x88 ./Application/User/Core/usart.o
                0x2000006c                huart2
 .bss.xPacket   0x200000f4      0x418 ./Application/User/Core/xmodem.o
                0x200000f4                xPacket
 .bss.uwTick    0x2000050c        0x4 ./Drivers/STM32L4xx_HAL_Driver/stm32l4xx_hal.o
                0x2000050c                uwTick
 *(COMMON)
                0x20000510                        . = ALIGN (0x4)
                0x20000510                        _ebss = .
                0x20000510                        __bss_end__ = _ebss

._user_heap_stack
                0x20000510      0x600 load address 0x08004244
                0x20000510                        . = ALIGN (0x8)
                [!provide]                        PROVIDE (end = .)
                0x20000510                        PROVIDE (_end = .)
                0x20000710                        . = (. + _Min_Heap_Size)
 *fill*         0x20000510      0x200 
                0x20000b10                        . = (. + _Min_Stack_Size)
 *fill*         0x20000710      0x400 
                0x20000b10                        . = ALIGN (0x8)

/DISCARD/
 libc.a(*)
 libm.a(*)
 libgcc.a(*)

.ARM.attributes
                0x00000000       0x30
 *(.ARM.attributes)
 .ARM.attributes
                0x00000000       0x22 C:/ST/STM32CubeIDE_1.18.0/STM32CubeIDE/plugins/com.st.stm32cube.ide.mcu.externaltools.gnu-tools-for-stm32.13.3.rel1.win32_1.0.0.202411081344/tools/bin/../lib/gcc/arm-none-eabi/13.3.1/thumb/v7e-m+fp/hard/crti.o
 .ARM.attributes
                0x00000022       0x34 C:/ST/STM32CubeIDE_1.18.0/STM32CubeIDE/plugins/com.st.stm32cube.ide.mcu.externaltools.gnu-tools-for-stm32.13.3.rel1.win32_1.0.0.202411081344/tools/bin/../lib/gcc/arm-none-eabi/13.3.1/thumb/v7e-m+fp/hard/crtbegin.o
 .ARM.attributes
                0x00000056       0x34 ./Application/User/Core/flash_utils.o
 .ARM.attributes
                0x0000008a       0x34 ./Application/User/Core/gpio.o
 .ARM.attributes
                0x000000be       0x34 ./Application/User/Core/main.o
 .ARM.attributes
                0x000000f2       0x34 ./Application/User/Core/rtc.o
 .ARM.attributes
                0x00000126       0x34 ./Application/User/Core/stm32l4xx_hal_msp.o
 .ARM.attributes
                0x0000015a       0x34 ./Application/User/Core/stm32l4xx_it.o
 .ARM.attributes
                0x0000018e       0x34 ./Application/User/Core/update_handler.o
 .ARM.attributes
                0x000001c2       0x34 ./Application/User/Core/usart.o
 .ARM.attributes
                0x000001f6       0x34 ./Application/User/Core/xmodem.o
 .ARM.attributes
                0x0000022a       0x21 ./Application/User/Startup/startup_stm32l476rgtx.o
 .ARM.attributes
                0x0000024b       0x34 ./Drivers/CMSIS/system_stm32l4xx.o
 .ARM.attributes
                0x0000027f       0x34 ./Drivers/STM32L4xx_HAL_Driver/stm32l4xx_hal.o
 .ARM.attributes
                0x000002b3       0x34 ./Drivers/STM32L4xx_HAL_Driver/stm32l4xx_hal_cortex.o
 .ARM.attributes
                0x000002e7       0x34 ./Drivers/STM32L4xx_HAL_Driver/stm32l4xx_hal_flash.o
 .ARM.attributes
                0x0000031b       0x34 ./Drivers/STM32L4xx_HAL_Driver/stm32l4xx_hal_flash_ex.o
 .ARM.attributes
                0x0000034f       0x34 ./Drivers/STM32L4xx_HAL_Driver/stm32l4xx_hal_gpio.o
 .ARM.attributes
                0x00000383       0x34 ./Drivers/STM32L4xx_HAL_Driver/stm32l4xx_hal_pwr_ex.o
 .ARM.attributes
                0x000003b7       0x34 ./Drivers/STM32L4xx_HAL_Driver/stm32l4xx_hal_rcc.o
 .ARM.attributes
                0x000003eb       0x34 ./Drivers/STM32L4xx_HAL_Driver/stm32l4xx_hal_rcc_ex.o
 .ARM.attributes
                0x0000041f       0x34 ./Drivers/STM32L4xx_HAL_Driver/stm32l4xx_hal_rtc.o
 .ARM.attributes
                0x00000453       0x34 ./Drivers/STM32L4xx_HAL_Driver/stm32l4xx_hal_rtc_ex.o
 .ARM.attributes
                0x00000487       0x34 ./Drivers/STM32L4xx_HAL_Driver/stm32l4xx_hal_uart.o
 .ARM.attributes
                0x000004bb       0x34 C:/ST/STM32CubeIDE_1.18.0/STM32CubeIDE/plugins/com.st.stm32cube.ide.mcu.externaltools.gnu-tools-for-stm32.13.3.rel1.win32_1.0.0.202411081344/tools/bin/../lib/gcc/arm-none-eabi/13.3.1/../../../../arm-none-eabi/lib/thumb/v7e-m+fp/hard\libc_nano.a(libc_a-memset.o)
 .ARM.attributes
                0x000004ef       0x34 C:/ST/STM32CubeIDE_1.18.0/STM32CubeIDE/plugins/com.st.stm32cube.ide.mcu.externaltools.gnu-tools-for-stm32.13.3.rel1.win32_1.0.0.202411081344/tools/bin/../lib/gcc/arm-none-eabi/13.3.1/../../../../arm-none-eabi/lib/thumb/v7e-m+fp/hard\libc_nano.a(libc_a-init.o)
 .ARM.attributes
                0x00000523       0x34 C:/ST/STM32CubeIDE_1.18.0/STM32CubeIDE/plugins/com.st.stm32cube.ide.mcu.externaltools.gnu-tools-for-stm32.13.3.rel1.win32_1.0.0.202411081344/tools/bin/../lib/gcc/arm-none-eabi/13.3.1/../../../../arm-none-eabi/lib/thumb/v7e-m+fp/hard\libc_nano.a(libc_a-memcpy-stub.o)
 .ARM.attributes
                0x00000557       0x22 C:/ST/STM32CubeIDE_1.18.0/STM32CubeIDE/plugins/com.st.stm32cube.ide.mcu.externaltools.gnu-tools-for-stm32.13.3.rel1.win32_1.0.0.202411081344/tools/bin/../lib/gcc/arm-none-eabi/13.3.1/thumb/v7e-m+fp/hard\libgcc.a(_aeabi_uldivmod.o)
 .ARM.attributes
                0x00000579       0x34 C:/ST/STM32CubeIDE_1.18.0/STM32CubeIDE/plugins/com.st.stm32cube.ide.mcu.externaltools.gnu-tools-for-stm32.13.3.rel1.win32_1.0.0.202411081344/tools/bin/../lib/gcc/arm-none-eabi/13.3.1/thumb/v7e-m+fp/hard\libgcc.a(_udivmoddi4.o)
 .ARM.attributes
                0x000005ad       0x22 C:/ST/STM32CubeIDE_1.18.0/STM32CubeIDE/plugins/com.st.stm32cube.ide.mcu.externaltools.gnu-tools-for-stm32.13.3.rel1.win32_1.0.0.202411081344/tools/bin/../lib/gcc/arm-none-eabi/13.3.1/thumb/v7e-m+fp/hard\libgcc.a(_dvmd_tls.o)
 .ARM.attributes
                0x000005cf       0x22 C:/ST/STM32CubeIDE_1.18.0/STM32CubeIDE/plugins/com.st.stm32cube.ide.mcu.externaltools.gnu-tools-for-stm32.13.3.rel1.win32_1.0.0.202411081344/tools/bin/../lib/gcc/arm-none-eabi/13.3.1/thumb/v7e-m+fp/hard/crtn.o
OUTPUT(stage2_bootloader.elf elf32-littlearm)
LOAD linker stubs
LOAD C:/ST/STM32CubeIDE_1.18.0/STM32CubeIDE/plugins/com.st.stm32cube.ide.mcu.externaltools.gnu-tools-for-stm32.13.3.rel1.win32_1.0.0.202411081344/tools/bin/../lib/gcc/arm-none-eabi/13.3.1/../../../../arm-none-eabi/lib/thumb/v7e-m+fp/hard\libc.a
LOAD C:/ST/STM32CubeIDE_1.18.0/STM32CubeIDE/plugins/com.st.stm32cube.ide.mcu.externaltools.gnu-tools-for-stm32.13.3.rel1.win32_1.0.0.202411081344/tools/bin/../lib/gcc/arm-none-eabi/13.3.1/../../../../arm-none-eabi/lib/thumb/v7e-m+fp/hard\libm.a
LOAD C:/ST/STM32CubeIDE_1.18.0/STM32CubeIDE/plugins/com.st.stm32cube.ide.mcu.externaltools.gnu-tools-for-stm32.13.3.rel1.win32_1.0.0.202411081344/tools/bin/../lib/gcc/arm-none-eabi/13.3.1/thumb/v7e-m+fp/hard\libgcc.a

.debug_info     0x00000000     0xee5d
 .debug_info    0x00000000      0x2bc ./Application/User/Core/flash_utils.o
 .debug_info    0x000002bc      0x473 ./Application/User/Core/gpio.o
 .debug_info    0x0000072f      0x30f ./Application/User/Core/main.o
 .debug_info    0x00000a3e      0x9bd ./Application/User/Core/rtc.o
 .debug_info    0x000013fb      0x2b9 ./Application/User/Core/stm32l4xx_hal_msp.o
 .debug_info    0x000016b4      0x113 ./Application/User/Core/stm32l4xx_it.o
 .debug_info    0x000017c7      0xd6e ./Application/User/Core/update_handler.o
 .debug_info    0x00002535      0xd1b ./Application/User/Core/usart.o
 .debug_info    0x00003250      0x9f7 ./Application/User/Core/xmodem.o
 .debug_info    0x00003c47       0x30 ./Application/User/Startup/startup_stm32l476rgtx.o
 .debug_info    0x00003c77      0x5b1 ./Drivers/CMSIS/system_stm32l4xx.o
 .debug_info    0x00004228      0xc09 ./Drivers/STM32L4xx_HAL_Driver/stm32l4xx_hal.o
 .debug_info    0x00004e31      0xd81 ./Drivers/STM32L4xx_HAL_Driver/stm32l4xx_hal_cortex.o
 .debug_info    0x00005bb2      0x6ad ./Drivers/STM32L4xx_HAL_Driver/stm32l4xx_hal_flash.o
 .debug_info    0x0000625f      0x825 ./Drivers/STM32L4xx_HAL_Driver/stm32l4xx_hal_flash_ex.o
 .debug_info    0x00006a84      0x757 ./Drivers/STM32L4xx_HAL_Driver/stm32l4xx_hal_gpio.o
 .debug_info    0x000071db      0x99e ./Drivers/STM32L4xx_HAL_Driver/stm32l4xx_hal_pwr_ex.o
 .debug_info    0x00007b79      0xc14 ./Drivers/STM32L4xx_HAL_Driver/stm32l4xx_hal_rcc.o
 .debug_info    0x0000878d      0xe11 ./Drivers/STM32L4xx_HAL_Driver/stm32l4xx_hal_rcc_ex.o
 .debug_info    0x0000959e      0xd7d ./Drivers/STM32L4xx_HAL_Driver/stm32l4xx_hal_rtc.o
 .debug_info    0x0000a31b      0xfd9 ./Drivers/STM32L4xx_HAL_Driver/stm32l4xx_hal_rtc_ex.o
 .debug_info    0x0000b2f4     0x3b69 ./Drivers/STM32L4xx_HAL_Driver/stm32l4xx_hal_uart.o

.debug_abbrev   0x00000000     0x2993
 .debug_abbrev  0x00000000      0x158 ./Application/User/Core/flash_utils.o
 .debug_abbrev  0x00000158      0x152 ./Application/User/Core/gpio.o
 .debug_abbrev  0x000002aa      0x193 ./Application/User/Core/main.o
 .debug_abbrev  0x0000043d      0x196 ./Application/User/Core/rtc.o
 .debug_abbrev  0x000005d3       0xc6 ./Application/User/Core/stm32l4xx_hal_msp.o
 .debug_abbrev  0x00000699       0x73 ./Application/User/Core/stm32l4xx_it.o
 .debug_abbrev  0x0000070c      0x1ff ./Application/User/Core/update_handler.o
 .debug_abbrev  0x0000090b      0x1f5 ./Application/User/Core/usart.o
 .debug_abbrev  0x00000b00      0x277 ./Application/User/Core/xmodem.o
 .debug_abbrev  0x00000d77       0x24 ./Application/User/Startup/startup_stm32l476rgtx.o
 .debug_abbrev  0x00000d9b      0x11a ./Drivers/CMSIS/system_stm32l4xx.o
 .debug_abbrev  0x00000eb5      0x243 ./Drivers/STM32L4xx_HAL_Driver/stm32l4xx_hal.o
 .debug_abbrev  0x000010f8      0x31c ./Drivers/STM32L4xx_HAL_Driver/stm32l4xx_hal_cortex.o
 .debug_abbrev  0x00001414      0x324 ./Drivers/STM32L4xx_HAL_Driver/stm32l4xx_hal_flash.o
 .debug_abbrev  0x00001738      0x244 ./Drivers/STM32L4xx_HAL_Driver/stm32l4xx_hal_flash_ex.o
 .debug_abbrev  0x0000197c      0x1cb ./Drivers/STM32L4xx_HAL_Driver/stm32l4xx_hal_gpio.o
 .debug_abbrev  0x00001b47      0x1f9 ./Drivers/STM32L4xx_HAL_Driver/stm32l4xx_hal_pwr_ex.o
 .debug_abbrev  0x00001d40      0x2cb ./Drivers/STM32L4xx_HAL_Driver/stm32l4xx_hal_rcc.o
 .debug_abbrev  0x0000200b      0x2a6 ./Drivers/STM32L4xx_HAL_Driver/stm32l4xx_hal_rcc_ex.o
 .debug_abbrev  0x000022b1      0x201 ./Drivers/STM32L4xx_HAL_Driver/stm32l4xx_hal_rtc.o
 .debug_abbrev  0x000024b2      0x211 ./Drivers/STM32L4xx_HAL_Driver/stm32l4xx_hal_rtc_ex.o
 .debug_abbrev  0x000026c3      0x2d0 ./Drivers/STM32L4xx_HAL_Driver/stm32l4xx_hal_uart.o

.debug_aranges  0x00000000      0xcd8
 .debug_aranges
                0x00000000       0x28 ./Application/User/Core/flash_utils.o
 .debug_aranges
                0x00000028       0x20 ./Application/User/Core/gpio.o
 .debug_aranges
                0x00000048       0x30 ./Application/User/Core/main.o
 .debug_aranges
                0x00000078       0x30 ./Application/User/Core/rtc.o
 .debug_aranges
                0x000000a8       0x20 ./Application/User/Core/stm32l4xx_hal_msp.o
 .debug_aranges
                0x000000c8       0x60 ./Application/User/Core/stm32l4xx_it.o
 .debug_aranges
                0x00000128       0x28 ./Application/User/Core/update_handler.o
 .debug_aranges
                0x00000150       0x30 ./Application/User/Core/usart.o
 .debug_aranges
                0x00000180       0x40 ./Application/User/Core/xmodem.o
 .debug_aranges
                0x000001c0       0x28 ./Application/User/Startup/startup_stm32l476rgtx.o
 .debug_aranges
                0x000001e8       0x28 ./Drivers/CMSIS/system_stm32l4xx.o
 .debug_aranges
                0x00000210      0x130 ./Drivers/STM32L4xx_HAL_Driver/stm32l4xx_hal.o
 .debug_aranges
                0x00000340      0x128 ./Drivers/STM32L4xx_HAL_Driver/stm32l4xx_hal_cortex.o
 .debug_aranges
                0x00000468       0x88 ./Drivers/STM32L4xx_HAL_Driver/stm32l4xx_hal_flash.o
 .debug_aranges
                0x000004f0       0x90 ./Drivers/STM32L4xx_HAL_Driver/stm32l4xx_hal_flash_ex.o
 .debug_aranges
                0x00000580       0x58 ./Drivers/STM32L4xx_HAL_Driver/stm32l4xx_hal_gpio.o
 .debug_aranges
                0x000005d8      0x160 ./Drivers/STM32L4xx_HAL_Driver/stm32l4xx_hal_pwr_ex.o
 .debug_aranges
                0x00000738       0x90 ./Drivers/STM32L4xx_HAL_Driver/stm32l4xx_hal_rcc.o
 .debug_aranges
                0x000007c8       0xc0 ./Drivers/STM32L4xx_HAL_Driver/stm32l4xx_hal_rcc_ex.o
 .debug_aranges
                0x00000888       0xe8 ./Drivers/STM32L4xx_HAL_Driver/stm32l4xx_hal_rtc.o
 .debug_aranges
                0x00000970      0x140 ./Drivers/STM32L4xx_HAL_Driver/stm32l4xx_hal_rtc_ex.o
 .debug_aranges
                0x00000ab0      0x228 ./Drivers/STM32L4xx_HAL_Driver/stm32l4xx_hal_uart.o

.debug_rnglists
                0x00000000      0x9ce
 .debug_rnglists
                0x00000000       0x19 ./Application/User/Core/flash_utils.o
 .debug_rnglists
                0x00000019       0x14 ./Application/User/Core/gpio.o
 .debug_rnglists
                0x0000002d       0x20 ./Application/User/Core/main.o
 .debug_rnglists
                0x0000004d       0x1f ./Application/User/Core/rtc.o
 .debug_rnglists
                0x0000006c       0x13 ./Application/User/Core/stm32l4xx_hal_msp.o
 .debug_rnglists
                0x0000007f       0x43 ./Application/User/Core/stm32l4xx_it.o
 .debug_rnglists
                0x000000c2       0x1a ./Application/User/Core/update_handler.o
 .debug_rnglists
                0x000000dc       0x20 ./Application/User/Core/usart.o
 .debug_rnglists
                0x000000fc       0x3b ./Application/User/Core/xmodem.o
 .debug_rnglists
                0x00000137       0x19 ./Application/User/Startup/startup_stm32l476rgtx.o
 .debug_rnglists
                0x00000150       0x1a ./Drivers/CMSIS/system_stm32l4xx.o
 .debug_rnglists
                0x0000016a       0xdf ./Drivers/STM32L4xx_HAL_Driver/stm32l4xx_hal.o
 .debug_rnglists
                0x00000249       0xda ./Drivers/STM32L4xx_HAL_Driver/stm32l4xx_hal_cortex.o
 .debug_rnglists
                0x00000323       0x65 ./Drivers/STM32L4xx_HAL_Driver/stm32l4xx_hal_flash.o
 .debug_rnglists
                0x00000388       0x71 ./Drivers/STM32L4xx_HAL_Driver/stm32l4xx_hal_flash_ex.o
 .debug_rnglists
                0x000003f9       0x3f ./Drivers/STM32L4xx_HAL_Driver/stm32l4xx_hal_gpio.o
 .debug_rnglists
                0x00000438      0x109 ./Drivers/STM32L4xx_HAL_Driver/stm32l4xx_hal_pwr_ex.o
 .debug_rnglists
                0x00000541       0x6d ./Drivers/STM32L4xx_HAL_Driver/stm32l4xx_hal_rcc.o
 .debug_rnglists
                0x000005ae       0x95 ./Drivers/STM32L4xx_HAL_Driver/stm32l4xx_hal_rcc_ex.o
 .debug_rnglists
                0x00000643       0xb4 ./Drivers/STM32L4xx_HAL_Driver/stm32l4xx_hal_rtc.o
 .debug_rnglists
                0x000006f7       0xfc ./Drivers/STM32L4xx_HAL_Driver/stm32l4xx_hal_rtc_ex.o
 .debug_rnglists
                0x000007f3      0x1db ./Drivers/STM32L4xx_HAL_Driver/stm32l4xx_hal_uart.o

.debug_macro    0x00000000    0x27359
 .debug_macro   0x00000000      0x2a6 ./Application/User/Core/flash_utils.o
 .debug_macro   0x000002a6      0xad8 ./Application/User/Core/flash_utils.o
 .debug_macro   0x00000d7e      0x1a7 ./Application/User/Core/flash_utils.o
 .debug_macro   0x00000f25       0x2e ./Application/User/Core/flash_utils.o
 .debug_macro   0x00000f53       0x28 ./Application/User/Core/flash_utils.o
 .debug_macro   0x00000f7b       0x22 ./Application/User/Core/flash_utils.o
 .debug_macro   0x00000f9d       0x8e ./Application/User/Core/flash_utils.o
 .debug_macro   0x0000102b       0x51 ./Application/User/Core/flash_utils.o
 .debug_macro   0x0000107c      0x103 ./Application/User/Core/flash_utils.o
 .debug_macro   0x0000117f       0x6a ./Application/User/Core/flash_utils.o
 .debug_macro   0x000011e9      0x1df ./Application/User/Core/flash_utils.o
 .debug_macro   0x000013c8       0x1c ./Application/User/Core/flash_utils.o
 .debug_macro   0x000013e4       0x22 ./Application/User/Core/flash_utils.o
 .debug_macro   0x00001406       0xfb ./Application/User/Core/flash_utils.o
 .debug_macro   0x00001501     0x1011 ./Application/User/Core/flash_utils.o
 .debug_macro   0x00002512      0x11f ./Application/User/Core/flash_utils.o
 .debug_macro   0x00002631    0x1a17a ./Application/User/Core/flash_utils.o
 .debug_macro   0x0001c7ab       0x6d ./Application/User/Core/flash_utils.o
 .debug_macro   0x0001c818     0x38fb ./Application/User/Core/flash_utils.o
 .debug_macro   0x00020113      0x190 ./Application/User/Core/flash_utils.o
 .debug_macro   0x000202a3       0x5c ./Application/User/Core/flash_utils.o
 .debug_macro   0x000202ff     0x159e ./Application/User/Core/flash_utils.o
 .debug_macro   0x0002189d      0x5a5 ./Application/User/Core/flash_utils.o
 .debug_macro   0x00021e42      0x1b9 ./Application/User/Core/flash_utils.o
 .debug_macro   0x00021ffb      0x18b ./Application/User/Core/flash_utils.o
 .debug_macro   0x00022186      0x26b ./Application/User/Core/flash_utils.o
 .debug_macro   0x000223f1      0x23d ./Application/User/Core/flash_utils.o
 .debug_macro   0x0002262e      0x241 ./Application/User/Core/flash_utils.o
 .debug_macro   0x0002286f      0x37c ./Application/User/Core/flash_utils.o
 .debug_macro   0x00022beb       0xd6 ./Application/User/Core/flash_utils.o
 .debug_macro   0x00022cc1      0x122 ./Application/User/Core/flash_utils.o
 .debug_macro   0x00022de3      0x3ef ./Application/User/Core/flash_utils.o
 .debug_macro   0x000231d2      0x321 ./Application/User/Core/flash_utils.o
 .debug_macro   0x000234f3      0x4fb ./Application/User/Core/flash_utils.o
 .debug_macro   0x000239ee       0xeb ./Application/User/Core/flash_utils.o
 .debug_macro   0x00023ad9      0x5cf ./Application/User/Core/flash_utils.o
 .debug_macro   0x000240a8       0x44 ./Application/User/Core/flash_utils.o
 .debug_macro   0x000240ec      0x330 ./Application/User/Core/flash_utils.o
 .debug_macro   0x0002441c       0x22 ./Application/User/Core/flash_utils.o
 .debug_macro   0x0002443e       0x61 ./Application/User/Core/flash_utils.o
 .debug_macro   0x0002449f       0x2a ./Application/User/Core/flash_utils.o
 .debug_macro   0x000244c9       0x43 ./Application/User/Core/flash_utils.o
 .debug_macro   0x0002450c       0x34 ./Application/User/Core/flash_utils.o
 .debug_macro   0x00024540      0x370 ./Application/User/Core/flash_utils.o
 .debug_macro   0x000248b0       0x16 ./Application/User/Core/flash_utils.o
 .debug_macro   0x000248c6       0x4a ./Application/User/Core/flash_utils.o
 .debug_macro   0x00024910       0x34 ./Application/User/Core/flash_utils.o
 .debug_macro   0x00024944       0x10 ./Application/User/Core/flash_utils.o
 .debug_macro   0x00024954       0x58 ./Application/User/Core/flash_utils.o
 .debug_macro   0x000249ac       0x8e ./Application/User/Core/flash_utils.o
 .debug_macro   0x00024a3a       0x1c ./Application/User/Core/flash_utils.o
 .debug_macro   0x00024a56      0x185 ./Application/User/Core/flash_utils.o
 .debug_macro   0x00024bdb       0x10 ./Application/User/Core/flash_utils.o
 .debug_macro   0x00024beb       0x3c ./Application/User/Core/flash_utils.o
 .debug_macro   0x00024c27       0x20 ./Application/User/Core/flash_utils.o
 .debug_macro   0x00024c47      0x1de ./Application/User/Core/gpio.o
 .debug_macro   0x00024e25       0x58 ./Application/User/Core/gpio.o
 .debug_macro   0x00024e7d      0x1f6 ./Application/User/Core/main.o
 .debug_macro   0x00025073      0x1de ./Application/User/Core/rtc.o
 .debug_macro   0x00025251      0x1d4 ./Application/User/Core/stm32l4xx_hal_msp.o
 .debug_macro   0x00025425      0x1de ./Application/User/Core/stm32l4xx_it.o
 .debug_macro   0x00025603      0x21d ./Application/User/Core/update_handler.o
 .debug_macro   0x00025820       0x2e ./Application/User/Core/update_handler.o
 .debug_macro   0x0002584e      0x1de ./Application/User/Core/usart.o
 .debug_macro   0x00025a2c      0x2ce ./Application/User/Core/xmodem.o
 .debug_macro   0x00025cfa      0x1c5 ./Drivers/CMSIS/system_stm32l4xx.o
 .debug_macro   0x00025ebf      0x213 ./Drivers/STM32L4xx_HAL_Driver/stm32l4xx_hal.o
 .debug_macro   0x000260d2      0x1c5 ./Drivers/STM32L4xx_HAL_Driver/stm32l4xx_hal_cortex.o
 .debug_macro   0x00026297      0x1cb ./Drivers/STM32L4xx_HAL_Driver/stm32l4xx_hal_flash.o
 .debug_macro   0x00026462      0x1c5 ./Drivers/STM32L4xx_HAL_Driver/stm32l4xx_hal_flash_ex.o
 .debug_macro   0x00026627      0x1cc ./Drivers/STM32L4xx_HAL_Driver/stm32l4xx_hal_gpio.o
 .debug_macro   0x000267f3      0x1e9 ./Drivers/STM32L4xx_HAL_Driver/stm32l4xx_hal_pwr_ex.o
 .debug_macro   0x000269dc      0x207 ./Drivers/STM32L4xx_HAL_Driver/stm32l4xx_hal_rcc.o
 .debug_macro   0x00026be3      0x1fb ./Drivers/STM32L4xx_HAL_Driver/stm32l4xx_hal_rcc_ex.o
 .debug_macro   0x00026dde      0x1c6 ./Drivers/STM32L4xx_HAL_Driver/stm32l4xx_hal_rtc.o
 .debug_macro   0x00026fa4      0x1c5 ./Drivers/STM32L4xx_HAL_Driver/stm32l4xx_hal_rtc_ex.o
 .debug_macro   0x00027169      0x1f0 ./Drivers/STM32L4xx_HAL_Driver/stm32l4xx_hal_uart.o

.debug_line     0x00000000    0x11ba0
 .debug_line    0x00000000      0x992 ./Application/User/Core/flash_utils.o
 .debug_line    0x00000992      0x7bf ./Application/User/Core/gpio.o
 .debug_line    0x00001151      0x846 ./Application/User/Core/main.o
 .debug_line    0x00001997      0x812 ./Application/User/Core/rtc.o
 .debug_line    0x000021a9      0x7a5 ./Application/User/Core/stm32l4xx_hal_msp.o
 .debug_line    0x0000294e      0x854 ./Application/User/Core/stm32l4xx_it.o
 .debug_line    0x000031a2      0x833 ./Application/User/Core/update_handler.o
 .debug_line    0x000039d5      0x82f ./Application/User/Core/usart.o
 .debug_line    0x00004204      0xb70 ./Application/User/Core/xmodem.o
 .debug_line    0x00004d74       0x7a ./Application/User/Startup/startup_stm32l476rgtx.o
 .debug_line    0x00004dee      0x843 ./Drivers/CMSIS/system_stm32l4xx.o
 .debug_line    0x00005631      0xbac ./Drivers/STM32L4xx_HAL_Driver/stm32l4xx_hal.o
 .debug_line    0x000061dd      0xd46 ./Drivers/STM32L4xx_HAL_Driver/stm32l4xx_hal_cortex.o
 .debug_line    0x00006f23      0xb2a ./Drivers/STM32L4xx_HAL_Driver/stm32l4xx_hal_flash.o
 .debug_line    0x00007a4d      0xdd1 ./Drivers/STM32L4xx_HAL_Driver/stm32l4xx_hal_flash_ex.o
 .debug_line    0x0000881e      0xbff ./Drivers/STM32L4xx_HAL_Driver/stm32l4xx_hal_gpio.o
 .debug_line    0x0000941d      0xd8d ./Drivers/STM32L4xx_HAL_Driver/stm32l4xx_hal_pwr_ex.o
 .debug_line    0x0000a1aa     0x1100 ./Drivers/STM32L4xx_HAL_Driver/stm32l4xx_hal_rcc.o
 .debug_line    0x0000b2aa     0x15cd ./Drivers/STM32L4xx_HAL_Driver/stm32l4xx_hal_rcc_ex.o
 .debug_line    0x0000c877     0x1224 ./Drivers/STM32L4xx_HAL_Driver/stm32l4xx_hal_rtc.o
 .debug_line    0x0000da9b     0x1337 ./Drivers/STM32L4xx_HAL_Driver/stm32l4xx_hal_rtc_ex.o
 .debug_line    0x0000edd2     0x2dce ./Drivers/STM32L4xx_HAL_Driver/stm32l4xx_hal_uart.o

.debug_str      0x00000000    0xee769
 .debug_str     0x00000000    0xee769 ./Application/User/Core/flash_utils.o
                              0xe9cc4 (size before relaxing)
 .debug_str     0x000ee769    0xe6c7f ./Application/User/Core/gpio.o
 .debug_str     0x000ee769    0xe6cb0 ./Application/User/Core/main.o
 .debug_str     0x000ee769    0xe713c ./Application/User/Core/rtc.o
 .debug_str     0x000ee769    0xe6baf ./Application/User/Core/stm32l4xx_hal_msp.o
 .debug_str     0x000ee769    0xe6ae8 ./Application/User/Core/stm32l4xx_it.o
 .debug_str     0x000ee769    0xe7391 ./Application/User/Core/update_handler.o
 .debug_str     0x000ee769    0xe73a9 ./Application/User/Core/usart.o
 .debug_str     0x000ee769    0xea435 ./Application/User/Core/xmodem.o
 .debug_str     0x000ee769       0xb5 ./Application/User/Startup/startup_stm32l476rgtx.o
 .debug_str     0x000ee769    0xe6b50 ./Drivers/CMSIS/system_stm32l4xx.o
 .debug_str     0x000ee769    0xe774f ./Drivers/STM32L4xx_HAL_Driver/stm32l4xx_hal.o
 .debug_str     0x000ee769    0xe73c9 ./Drivers/STM32L4xx_HAL_Driver/stm32l4xx_hal_cortex.o
 .debug_str     0x000ee769    0xe6dfc ./Drivers/STM32L4xx_HAL_Driver/stm32l4xx_hal_flash.o
 .debug_str     0x000ee769    0xe6e5a ./Drivers/STM32L4xx_HAL_Driver/stm32l4xx_hal_flash_ex.o
 .debug_str     0x000ee769    0xe6cc9 ./Drivers/STM32L4xx_HAL_Driver/stm32l4xx_hal_gpio.o
 .debug_str     0x000ee769    0xe70ab ./Drivers/STM32L4xx_HAL_Driver/stm32l4xx_hal_pwr_ex.o
 .debug_str     0x000ee769    0xe7196 ./Drivers/STM32L4xx_HAL_Driver/stm32l4xx_hal_rcc.o
 .debug_str     0x000ee769    0xe730f ./Drivers/STM32L4xx_HAL_Driver/stm32l4xx_hal_rcc_ex.o
 .debug_str     0x000ee769    0xe6fdb ./Drivers/STM32L4xx_HAL_Driver/stm32l4xx_hal_rtc.o
 .debug_str     0x000ee769    0xe72f6 ./Drivers/STM32L4xx_HAL_Driver/stm32l4xx_hal_rtc_ex.o
 .debug_str     0x000ee769    0xe78a8 ./Drivers/STM32L4xx_HAL_Driver/stm32l4xx_hal_uart.o

.comment        0x00000000       0x43
 .comment       0x00000000       0x43 ./Application/User/Core/flash_utils.o
                                 0x44 (size before relaxing)
 .comment       0x00000043       0x44 ./Application/User/Core/gpio.o
 .comment       0x00000043       0x44 ./Application/User/Core/main.o
 .comment       0x00000043       0x44 ./Application/User/Core/rtc.o
 .comment       0x00000043       0x44 ./Application/User/Core/stm32l4xx_hal_msp.o
 .comment       0x00000043       0x44 ./Application/User/Core/stm32l4xx_it.o
 .comment       0x00000043       0x44 ./Application/User/Core/update_handler.o
 .comment       0x00000043       0x44 ./Application/User/Core/usart.o
 .comment       0x00000043       0x44 ./Application/User/Core/xmodem.o
 .comment       0x00000043       0x44 ./Drivers/CMSIS/system_stm32l4xx.o
 .comment       0x00000043       0x44 ./Drivers/STM32L4xx_HAL_Driver/stm32l4xx_hal.o
 .comment       0x00000043       0x44 ./Drivers/STM32L4xx_HAL_Driver/stm32l4xx_hal_cortex.o
 .comment       0x00000043       0x44 ./Drivers/STM32L4xx_HAL_Driver/stm32l4xx_hal_flash.o
 .comment       0x00000043       0x44 ./Drivers/STM32L4xx_HAL_Driver/stm32l4xx_hal_flash_ex.o
 .comment       0x00000043       0x44 ./Drivers/STM32L4xx_HAL_Driver/stm32l4xx_hal_gpio.o
 .comment       0x00000043       0x44 ./Drivers/STM32L4xx_HAL_Driver/stm32l4xx_hal_pwr_ex.o
 .comment       0x00000043       0x44 ./Drivers/STM32L4xx_HAL_Driver/stm32l4xx_hal_rcc.o
 .comment       0x00000043       0x44 ./Drivers/STM32L4xx_HAL_Driver/stm32l4xx_hal_rcc_ex.o
 .comment       0x00000043       0x44 ./Drivers/STM32L4xx_HAL_Driver/stm32l4xx_hal_rtc.o
 .comment       0x00000043       0x44 ./Drivers/STM32L4xx_HAL_Driver/stm32l4xx_hal_rtc_ex.o
 .comment       0x00000043       0x44 ./Drivers/STM32L4xx_HAL_Driver/stm32l4xx_hal_uart.o

.debug_frame    0x00000000     0x3298
 .debug_frame   0x00000000       0x58 ./Application/User/Core/flash_utils.o
 .debug_frame   0x00000058       0x34 ./Application/User/Core/gpio.o
 .debug_frame   0x0000008c       0x68 ./Application/User/Core/main.o
 .debug_frame   0x000000f4       0x78 ./Application/User/Core/rtc.o
 .debug_frame   0x0000016c       0x38 ./Application/User/Core/stm32l4xx_hal_msp.o
 .debug_frame   0x000001a4      0x104 ./Application/User/Core/stm32l4xx_it.o
 .debug_frame   0x000002a8       0x50 ./Application/User/Core/update_handler.o
 .debug_frame   0x000002f8       0x78 ./Application/User/Core/usart.o
 .debug_frame   0x00000370       0xc8 ./Application/User/Core/xmodem.o
 .debug_frame   0x00000438       0x58 ./Drivers/CMSIS/system_stm32l4xx.o
 .debug_frame   0x00000490      0x498 ./Drivers/STM32L4xx_HAL_Driver/stm32l4xx_hal.o
 .debug_frame   0x00000928      0x4e8 ./Drivers/STM32L4xx_HAL_Driver/stm32l4xx_hal_cortex.o
 .debug_frame   0x00000e10      0x204 ./Drivers/STM32L4xx_HAL_Driver/stm32l4xx_hal_flash.o
 .debug_frame   0x00001014      0x248 ./Drivers/STM32L4xx_HAL_Driver/stm32l4xx_hal_flash_ex.o
 .debug_frame   0x0000125c      0x14c ./Drivers/STM32L4xx_HAL_Driver/stm32l4xx_hal_gpio.o
 .debug_frame   0x000013a8      0x584 ./Drivers/STM32L4xx_HAL_Driver/stm32l4xx_hal_pwr_ex.o
 .debug_frame   0x0000192c      0x21c ./Drivers/STM32L4xx_HAL_Driver/stm32l4xx_hal_rcc.o
 .debug_frame   0x00001b48      0x2fc ./Drivers/STM32L4xx_HAL_Driver/stm32l4xx_hal_rcc_ex.o
 .debug_frame   0x00001e44      0x3f4 ./Drivers/STM32L4xx_HAL_Driver/stm32l4xx_hal_rtc.o
 .debug_frame   0x00002238      0x598 ./Drivers/STM32L4xx_HAL_Driver/stm32l4xx_hal_rtc_ex.o
 .debug_frame   0x000027d0      0x9f4 ./Drivers/STM32L4xx_HAL_Driver/stm32l4xx_hal_uart.o
 .debug_frame   0x000031c4       0x20 C:/ST/STM32CubeIDE_1.18.0/STM32CubeIDE/plugins/com.st.stm32cube.ide.mcu.externaltools.gnu-tools-for-stm32.13.3.rel1.win32_1.0.0.202411081344/tools/bin/../lib/gcc/arm-none-eabi/13.3.1/../../../../arm-none-eabi/lib/thumb/v7e-m+fp/hard\libc_nano.a(libc_a-memset.o)
 .debug_frame   0x000031e4       0x2c C:/ST/STM32CubeIDE_1.18.0/STM32CubeIDE/plugins/com.st.stm32cube.ide.mcu.externaltools.gnu-tools-for-stm32.13.3.rel1.win32_1.0.0.202411081344/tools/bin/../lib/gcc/arm-none-eabi/13.3.1/../../../../arm-none-eabi/lib/thumb/v7e-m+fp/hard\libc_nano.a(libc_a-init.o)
 .debug_frame   0x00003210       0x28 C:/ST/STM32CubeIDE_1.18.0/STM32CubeIDE/plugins/com.st.stm32cube.ide.mcu.externaltools.gnu-tools-for-stm32.13.3.rel1.win32_1.0.0.202411081344/tools/bin/../lib/gcc/arm-none-eabi/13.3.1/../../../../arm-none-eabi/lib/thumb/v7e-m+fp/hard\libc_nano.a(libc_a-memcpy-stub.o)
 .debug_frame   0x00003238       0x2c C:/ST/STM32CubeIDE_1.18.0/STM32CubeIDE/plugins/com.st.stm32cube.ide.mcu.externaltools.gnu-tools-for-stm32.13.3.rel1.win32_1.0.0.202411081344/tools/bin/../lib/gcc/arm-none-eabi/13.3.1/thumb/v7e-m+fp/hard\libgcc.a(_aeabi_uldivmod.o)
 .debug_frame   0x00003264       0x34 C:/ST/STM32CubeIDE_1.18.0/STM32CubeIDE/plugins/com.st.stm32cube.ide.mcu.externaltools.gnu-tools-for-stm32.13.3.rel1.win32_1.0.0.202411081344/tools/bin/../lib/gcc/arm-none-eabi/13.3.1/thumb/v7e-m+fp/hard\libgcc.a(_udivmoddi4.o)

.debug_line_str
                0x00000000       0x99
 .debug_line_str
                0x00000000       0x99 ./Application/User/Startup/startup_stm32l476rgtx.o
