../../Drivers/STM32L4xx_HAL_Driver/Inc/stm32l4xx_ll_rtc.h:4838:22:LL_RTC_BAK_SetRegister	32	static
../../Drivers/STM32L4xx_HAL_Driver/Inc/stm32l4xx_ll_rtc.h:4888:26:LL_RTC_BAK_GetRegister	24	static
../../Drivers/STM32L4xx_HAL_Driver/Inc/stm32l4xx_ll_pwr.h:397:22:LL_PWR_EnableBkUpAccess	4	static
../Application/User/Core/update_utils.c:30:6:set_update_flag	8	static
../Application/User/Core/update_utils.c:36:6:check_update_flag	8	static
../Application/User/Core/update_utils.c:42:6:clear_update_flag	8	static
../Application/User/Core/update_utils.c:50:13:flash_unlock	4	static
../Application/User/Core/update_utils.c:59:13:flash_lock	4	static
../Application/User/Core/update_utils.c:65:6:erase_stage2_flash	16	static
../Application/User/Core/update_utils.c:94:13:flash_write64	24	static
../Application/User/Core/update_utils.c:108:6:copy_stage2_from_temp_flash	24	static
